C:\Users\이우진\.jdks\corretto-11.0.19\bin\jcmd.exe 15108 GC.class_histogram
15108:
 num     #instances         #bytes  class name (module)
-------------------------------------------------------
   1:         66655        8781704  [B (java.base@17.0.6)
   2:          2641        1632256  [I (java.base@17.0.6)
   3:         61195        1468680  java.lang.String (java.base@17.0.6)
   4:          7086         874296  java.lang.Class (java.base@17.0.6)
   5:         10982         664128  [Ljava.lang.Object; (java.base@17.0.6)
   6:           398         486984  [C (java.base@17.0.6)
   7:         13313         426016  java.util.concurrent.ConcurrentHashMap$Node (java.base@17.0.6)
   8:          6109         244360  java.util.LinkedHashMap$Entry (java.base@17.0.6)
   9:          1703         178856  [Ljava.util.HashMap$Node; (java.base@17.0.6)
  10:          5001         160032  java.util.HashMap$Node (java.base@17.0.6)
  11:           221         149736  [Ljava.util.concurrent.ConcurrentHashMap$Node; (java.base@17.0.6)
  12:          6197         148728  java.util.ArrayList (java.base@17.0.6)
  13:          6813         109008  java.lang.Object (java.base@17.0.6)
  14:           875          77000  java.lang.reflect.Method (java.base@17.0.6)
  15:          1189          66584  java.util.LinkedHashMap (java.base@17.0.6)
  16:          1755          56160  sun.security.util.ObjectIdentifier (java.base@17.0.6)
  17:          1714          52968  [Ljava.lang.String; (java.base@17.0.6)
  18:           812          51968  com.jetbrains.toolbox.feed.RemotePatchItem
  19:          1103          44120  sun.security.util.DerInputStream (java.base@17.0.6)
  20:           898          43104  java.lang.invoke.MemberName (java.base@17.0.6)
  21:           817          39216  java.util.HashMap (java.base@17.0.6)
  22:          1277          37384  [Ljava.lang.Class; (java.base@17.0.6)
  23:           496          35712  java.lang.reflect.Field (java.base@17.0.6)
  24:           885          35400  java.math.BigInteger (java.base@17.0.6)
  25:          1103          35296  sun.security.util.DerValue (java.base@17.0.6)
  26:           487          31168  java.util.concurrent.ConcurrentHashMap (java.base@17.0.6)
  27:           779          31160  java.lang.invoke.MethodType (java.base@17.0.6)
  28:          1110          26640  com.jetbrains.toolbox.feed.ProductOverviewAdditionalLink
  29:          1103          26472  [Lsun.security.x509.AVA; (java.base@17.0.6)
  30:          1103          26472  sun.security.x509.AVA (java.base@17.0.6)
  31:          1103          26472  sun.security.x509.RDN (java.base@17.0.6)
  32:           342          25992  [Ljava.lang.ref.SoftReference; (java.base@17.0.6)
  33:           785          25120  java.lang.invoke.MethodType$ConcurrentWeakInternSet$WeakEntry (java.base@17.0.6)
  34:           178          24208  com.jetbrains.toolbox.feed.RemoteFeedItem
  35:           603          24120  java.lang.ref.SoftReference (java.base@17.0.6)
  36:           597          23880  java.util.TreeMap$Entry (java.base@17.0.6)
  37:           743          23776  java.lang.invoke.LambdaForm$Name (java.base@17.0.6)
  38:           990          23760  com.jetbrains.toolbox.feed.RemoteChecksum
  39:           718          22976  java.lang.ref.WeakReference (java.base@17.0.6)
  40:           442          21216  com.sun.jna.Structure$StructField
  41:           812          19488  com.jetbrains.toolbox.feed.PatchAsserts
  42:           812          19488  com.jetbrains.toolbox.feed.PatchAssertsStopwords
  43:           338          18928  sun.security.ssl.CipherSuite (java.base@17.0.6)
  44:           774          18576  org.bouncycastle.asn1.ASN1ObjectIdentifier
  45:           755          18120  com.jetbrains.toolbox.feed.SupportedLanguage
  46:           257          16808  [Z (java.base@17.0.6)
  47:            83          16208  [J (java.base@17.0.6)
  48:           245          15680  java.security.Provider$Service (java.base@17.0.6)
  49:           644          15456  java.security.Provider$ServiceKey (java.base@17.0.6)
  50:           202          14544  java.lang.reflect.Constructor (java.base@17.0.6)
  51:           301          14448  kotlinx.coroutines.internal.DispatchedContinuation
  52:           598          14352  java.lang.invoke.ResolvedMethodName (java.base@17.0.6)
  53:           291          13968  sun.security.x509.X500Name (java.base@17.0.6)
  54:           572          13728  name.kropp.kotlinx.gettext.PoEntry
  55:           178          11392  com.jetbrains.toolbox.feed.ApplicationPackage
  56:           282          11280  java.lang.invoke.BoundMethodHandle$Species_LL (java.base@17.0.6)
  57:            55          11216  [Ljava.lang.invoke.MethodHandle; (java.base@17.0.6)
  58:           137          10960  sun.security.x509.X509CertImpl (java.base@17.0.6)
  59:           341          10912  jdk.internal.math.FDBigInteger (java.base@17.0.6)
  60:           436          10464  kotlin.coroutines.CombinedContext
  61:           425          10200  java.util.Arrays$ArrayList (java.base@17.0.6)
  62:           140          10080  com.jetbrains.toolbox.feed.IntelliJPlatformData
  63:           622           9952  java.lang.Integer (java.base@17.0.6)
  64:           412           9888  sun.security.x509.AlgorithmId (java.base@17.0.6)
  65:           291           9880  [Lsun.security.x509.RDN; (java.base@17.0.6)
  66:           304           9728  com.jetbrains.toolbox.feed.Command
  67:           304           9728  java.lang.invoke.DirectMethodHandle (java.base@17.0.6)
  68:           384           9216  java.lang.invoke.LambdaForm$NamedFunction (java.base@17.0.6)
  69:           287           9184  com.jetbrains.toolbox.feed.IntelliJOptions
  70:           280           8960  kotlinx.coroutines.ChildHandleNode
  71:           371           8904  java.lang.Long (java.base@17.0.6)
  72:           262           8384  sun.security.util.KnownOIDs (java.base@17.0.6)
  73:           348           8352  kotlinx.serialization.json.JsonLiteral
  74:           162           8280  [Ljava.lang.invoke.LambdaForm$Name; (java.base@17.0.6)
  75:           257           8224  java.util.Collections$SynchronizedMap (java.base@17.0.6)
  76:           102           8160  com.sun.jna.platform.win32.Guid$GUID
  77:           497           7952  java.util.LinkedHashMap$LinkedEntrySet (java.base@17.0.6)
  78:           487           7792  java.util.LinkedHashSet (java.base@17.0.6)
  79:           137           7672  sun.security.x509.X509CertInfo (java.base@17.0.6)
  80:           157           7536  java.lang.invoke.LambdaForm (java.base@17.0.6)
  81:           149           7152  kotlinx.coroutines.CancellableContinuationImpl
  82:           178           7120  com.jetbrains.toolbox.feed.RemoteFeedItemLicensing
  83:           147           7056  sun.security.util.MemoryCache$SoftCacheEntry (java.base@17.0.6)
  84:           420           6720  com.jetbrains.toolbox.feed.LocalizationPluginInfo
  85:           208           6656  java.lang.invoke.MethodTypeForm (java.base@17.0.6)
  86:            18           6624  java.lang.Thread (java.base@17.0.6)
  87:           276           6624  java.util.Date (java.base@17.0.6)
  88:           138           6624  java.util.TreeMap (java.base@17.0.6)
  89:           164           6560  com.jetbrains.toolbox.feed.AdditionalInstallStep
  90:           267           6408  kotlin.SafePublicationLazyImpl
  91:           260           6240  com.jetbrains.toolbox.feed.IntelliJConfiguration
  92:            76           6232  [Ljava.util.WeakHashMap$Entry; (java.base@17.0.6)
  93:           257           6168  java.time.LocalDateTime (java.base@17.0.6)
  94:           192           6144  java.lang.Package (java.base@17.0.6)
  95:           250           6000  java.lang.module.ModuleDescriptor$Exports (java.base@17.0.6)
  96:           243           5832  java.time.LocalDate (java.base@17.0.6)
  97:           364           5824  java.util.LinkedHashMap$LinkedKeySet (java.base@17.0.6)
  98:           121           5808  com.sun.jna.internal.Cleaner$CleanerRef
  99:           120           5760  sun.security.rsa.RSAPublicKeyImpl (java.base@17.0.6)
 100:           342           5472  kotlinx.serialization.json.JsonObject
 101:           227           5448  java.security.Provider$UString (java.base@17.0.6)
 102:           135           5400  java.util.WeakHashMap$Entry (java.base@17.0.6)
 103:            84           5376  java.net.URL (java.base@17.0.6)
 104:           164           5248  java.util.Hashtable$Entry (java.base@17.0.6)
 105:           108           5184  jdk.internal.ref.CleanerImpl$PhantomCleanableRef (java.base@17.0.6)
 106:           127           5080  java.security.cert.TrustAnchor (java.base@17.0.6)
 107:           100           4800  java.lang.management.MemoryUsage (java.management@17.0.6)
 108:           149           4768  kotlinx.coroutines.ChildContinuation
 109:           294           4704  com.jetbrains.toolbox.feed.DirectoryPath
 110:            83           4648  com.jetbrains.toolbox.datamodel.project.LocalProject
 111:           140           4480  com.jetbrains.toolbox.feed.DefaultConfigDirectories
 112:            70           4480  kotlinx.serialization.internal.PluginGeneratedSerialDescriptor
 113:           186           4464  com.jetbrains.toolbox.feed.ApplicationQuality
 114:            42           4368  java.util.jar.JarFile$JarFileEntry (java.base@17.0.6)
 115:           179           4296  com.jetbrains.toolbox.feed.ApplicationMajorVersion
 116:           134           4288  com.jetbrains.toolbox.feed.UninstallFeedback
 117:            67           4288  sun.security.ssl.SSLExtension (java.base@17.0.6)
 118:           178           4272  com.jetbrains.toolbox.feed.ProductOverview
 119:           131           4192  sun.security.x509.BasicConstraintsExtension (java.base@17.0.6)
 120:           257           4112  java.lang.Short (java.base@17.0.6)
 121:           256           4096  java.lang.Byte (java.base@17.0.6)
 122:           128           4096  sun.security.x509.SubjectKeyIdentifierExtension (java.base@17.0.6)
 123:           102           4080  java.lang.invoke.BoundMethodHandle$Species_LJ (java.base@17.0.6)
 124:           164           3936  com.jetbrains.toolbox.feed.Progress
 125:           164           3936  java.lang.Double (java.base@17.0.6)
 126:            49           3920  java.net.URI (java.base@17.0.6)
 127:            96           3840  java.lang.invoke.MethodHandleImpl$AsVarargsCollector (java.base@17.0.6)
 128:            93           3720  java.lang.invoke.DirectMethodHandle$Accessor (java.base@17.0.6)
 129:           115           3680  java.lang.invoke.BoundMethodHandle$Species_L (java.base@17.0.6)
 130:           115           3680  java.lang.ref.ReferenceQueue (java.base@17.0.6)
 131:            76           3648  java.util.WeakHashMap (java.base@17.0.6)
 132:           114           3648  java.util.concurrent.locks.ReentrantLock$NonfairSync (java.base@17.0.6)
 133:            65           3640  kotlinx.coroutines.flow.StateFlowImpl$collect$1
 134:           113           3616  sun.security.x509.KeyUsageExtension (java.base@17.0.6)
 135:            41           3608  java.util.regex.Pattern (java.base@17.0.6)
 136:            90           3600  java.lang.invoke.DirectMethodHandle$Constructor (java.base@17.0.6)
 137:           104           3512  [[C (java.base@17.0.6)
 138:           107           3424  kotlinx.coroutines.internal.ScopeCoroutine
 139:            70           3360  java.util.logging.LogManager$LoggerWeakRef (java.logging@17.0.6)
 140:           139           3336  com.jetbrains.toolbox.feed.Activation
 141:           139           3336  com.jetbrains.toolbox.feed.WhatsNew
 142:           139           3336  kotlinx.coroutines.StandaloneCoroutine
 143:           103           3296  com.sun.jna.Structure$AutoAllocated
 144:           137           3288  sun.security.util.BitArray (java.base@17.0.6)
 145:           137           3288  sun.security.util.Cache$EqualByteArray (java.base@17.0.6)
 146:           137           3288  sun.security.x509.CertificateValidity (java.base@17.0.6)
 147:           134           3216  sun.security.x509.CertificateExtensions (java.base@17.0.6)
 148:           199           3184  kotlinx.datetime.LocalDateTime
 149:           132           3168  java.util.ImmutableCollections$List12 (java.base@17.0.6)
 150:           130           3120  com.jetbrains.toolbox.feed.WhatsNewLink
 151:            39           3120  java.util.zip.ZipFile$Source (java.base@17.0.6)
 152:            88           3064  [Ljava.util.List; (java.base@17.0.6)
 153:            75           3000  java.io.ObjectStreamField (java.base@17.0.6)
 154:            46           2944  java.util.zip.Inflater (java.base@17.0.6)
 155:           116           2912  [Lcom.intellij.internal.statistic.eventLog.validator.rules.FUSRule;
 156:            89           2848  java.util.logging.LogManager$LogNode (java.logging@17.0.6)
 157:           177           2832  java.util.HashMap$EntrySet (java.base@17.0.6)
 158:           173           2768  sun.security.x509.KeyIdentifier (java.base@17.0.6)
 159:            57           2736  kotlinx.coroutines.flow.FlowKt__ChannelsKt$emitAllImpl$1
 160:            57           2736  kotlinx.coroutines.flow.internal.ChannelFlow$collect$2
 161:           112           2688  java.util.AbstractMap$SimpleImmutableEntry (java.base@17.0.6)
 162:           108           2592  kotlinx.coroutines.NodeList
 163:            46           2576  java.lang.Module (java.base@17.0.6)
 164:           107           2568  java.util.ImmutableCollections$Set12 (java.base@17.0.6)
 165:           107           2568  org.bouncycastle.asn1.ASN1ObjectIdentifier$OidHandle
 166:           106           2544  com.sun.jna.Memory$MemoryDisposer
 167:             6           2496  kotlinx.coroutines.scheduling.CoroutineScheduler$Worker
 168:            39           2496  sun.nio.fs.WindowsFileAttributes (java.base@17.0.6)
 169:           155           2480  java.util.HashSet (java.base@17.0.6)
 170:            44           2464  java.io.FileCleanable (java.base@17.0.6)
 171:           102           2448  java.time.Instant (java.base@17.0.6)
 172:           153           2448  sun.security.x509.SerialNumber (java.base@17.0.6)
 173:           101           2424  java.util.regex.Pattern$BmpCharProperty (java.base@17.0.6)
 174:            25           2400  com.jetbrains.toolbox.datamodel.ApplicationManagerModelRemoteFeedItem
 175:           150           2400  com.jetbrains.toolbox.feed.AdditionalInstallAction
 176:            59           2360  kotlinx.coroutines.channels.AbstractChannel$receiveCatching$1
 177:            48           2304  kotlinx.coroutines.flow.FlowKt__MergeKt$mapLatest$1
 178:            48           2304  kotlinx.coroutines.flow.internal.ChannelFlowTransformLatest$flowCollect$3
 179:            41           2296  java.lang.invoke.BoundMethodHandle$Species_LLLLLLL (java.base@17.0.6)
 180:           143           2288  javax.security.auth.x500.X500Principal (java.base@17.0.6)
 181:            56           2240  java.io.FileDescriptor (java.base@17.0.6)
 182:            69           2208  java.io.File (java.base@17.0.6)
 183:            55           2200  java.security.ProtectionDomain (java.base@17.0.6)
 184:           137           2192  kotlinx.coroutines.internal.Removed
 185:           137           2192  sun.security.x509.CertificateAlgorithmId (java.base@17.0.6)
 186:           137           2192  sun.security.x509.CertificateSerialNumber (java.base@17.0.6)
 187:           137           2192  sun.security.x509.CertificateVersion (java.base@17.0.6)
 188:           137           2192  sun.security.x509.CertificateX509Key (java.base@17.0.6)
 189:            39           2184  java.util.jar.JarFile (java.base@17.0.6)
 190:            68           2176  java.lang.invoke.LambdaForm$Kind (java.base@17.0.6)
 191:           134           2144  com.jetbrains.toolbox.feed.UninstallOptions
 192:            67           2144  kotlinx.coroutines.channels.ProducerCoroutine
 193:            89           2136  java.util.regex.Pattern$GroupHead (java.base@17.0.6)
 194:            89           2136  java.util.regex.Pattern$GroupTail (java.base@17.0.6)
 195:            89           2136  java.util.regex.Pattern$Slice (java.base@17.0.6)
 196:            53           2120  sun.security.util.NamedCurve (java.base@17.0.6)
 197:            86           2064  java.util.LinkedList$Node (java.base@17.0.6)
 198:            94           2056  [Ljava.util.Map$Entry; (java.base@17.0.6)
 199:           128           2048  java.lang.Character (java.base@17.0.6)
 200:            51           2040  java.security.CodeSource (java.base@17.0.6)
 201:            50           2000  kotlinx.coroutines.flow.internal.ChannelFlow$collectToFun$1
 202:            41           1968  com.jetbrains.toolbox.datamodel.OpenItem
 203:            82           1968  kotlin.SynchronizedLazyImpl
 204:            48           1920  java.lang.Package$VersionInfo (java.base@17.0.6)
 205:            48           1920  java.security.AccessControlContext (java.base@17.0.6)
 206:            40           1920  java.util.concurrent.ConcurrentHashMap$TreeNode (java.base@17.0.6)
 207:            24           1920  jdk.internal.reflect.DelegatingClassLoader (java.base@17.0.6)
 208:           119           1904  okhttp3.CipherSuite
 209:            34           1904  sun.security.ssl.NamedGroup (java.base@17.0.6)
 210:            59           1888  kotlinx.coroutines.channels.AbstractChannel$ReceiveElement
 211:            13           1872  [Ljava.lang.invoke.MemberName; (java.base@17.0.6)
 212:           117           1872  java.lang.ref.ReferenceQueue$Lock (java.base@17.0.6)
 213:            39           1872  jdk.internal.loader.URLClassPath$JarLoader (java.base@17.0.6)
 214:            76           1824  com.intellij.internal.statistic.eventLog.validator.rules.impl.EnumValidationRule
 215:           114           1824  java.util.concurrent.locks.ReentrantLock (java.base@17.0.6)
 216:            45           1800  kotlinx.coroutines.flow.StateFlowImpl
 217:            45           1800  sun.security.x509.AuthorityKeyIdentifierExtension (java.base@17.0.6)
 218:            28           1792  java.lang.Class$ReflectionData (java.base@17.0.6)
 219:            54           1728  jdk.internal.reflect.NativeConstructorAccessorImpl (java.base@17.0.6)
 220:            71           1704  java.security.spec.ECPoint (java.base@17.0.6)
 221:            53           1696  java.security.spec.EllipticCurve (java.base@17.0.6)
 222:            42           1680  java.lang.invoke.VarHandle$AccessDescriptor (java.base@17.0.6)
 223:             6           1680  java.util.concurrent.ConcurrentHashMap$CounterCell (java.base@17.0.6)
 224:            70           1680  kotlinx.coroutines.internal.LockFreeLinkedListHead
 225:            50           1600  java.security.AlgorithmParameters (java.base@17.0.6)
 226:            10           1584  [Ljava.util.Hashtable$Entry; (java.base@17.0.6)
 227:             4           1584  [[B (java.base@17.0.6)
 228:            33           1584  java.time.temporal.ValueRange (java.base@17.0.6)
 229:            48           1536  kotlinx.coroutines.flow.internal.ChannelFlowTransformLatest
 230:            48           1536  kotlinx.coroutines.flow.internal.ChannelFlowTransformLatest$flowCollect$3$1
 231:            10           1520  sun.security.ssl.SSLSessionImpl (java.base@17.0.6)
 232:            43           1512  [Ljava.util.regex.Pattern$Node; (java.base@17.0.6)
 233:            61           1464  java.util.ImmutableCollections$SetN (java.base@17.0.6)
 234:            61           1464  kotlinx.serialization.internal.PluginGeneratedSerialDescriptor$_hashCode$2
 235:            61           1464  kotlinx.serialization.internal.PluginGeneratedSerialDescriptor$childSerializers$2
 236:            61           1464  kotlinx.serialization.internal.PluginGeneratedSerialDescriptor$typeParameterDescriptors$2
 237:            26           1456  java.util.logging.Logger (java.logging@17.0.6)
 238:            16           1448  [Ljava.lang.Byte; (java.base@17.0.6)
 239:            60           1440  kotlinx.coroutines.channels.AbstractChannel$RemoveReceiveOnCancel
 240:            45           1440  sun.java2d.loops.SurfaceType (java.desktop@17.0.6)
 241:            59           1416  com.jetbrains.toolbox.datamodel.ApplicationIdAndChannel
 242:            41           1408  [Ljava.math.BigInteger; (java.base@17.0.6)
 243:            88           1408  java.util.Collections$UnmodifiableCollection (java.base@17.0.6)
 244:            22           1408  sun.security.ec.SunEC$ProviderServiceA (jdk.crypto.ec@17.0.6)
 245:            22           1408  sun.security.ssl.SignatureScheme (java.base@17.0.6)
 246:            58           1392  com.sun.jna.Pointer
 247:            58           1392  java.util.regex.Pattern$BmpCharPropertyGreedy (java.base@17.0.6)
 248:             1           1376  [Ljdk.internal.math.FDBigInteger; (java.base@17.0.6)
 249:            43           1376  java.util.regex.Pattern$Branch (java.base@17.0.6)
 250:             1           1368  [Lsun.security.ssl.CipherSuite; (java.base@17.0.6)
 251:            42           1344  java.util.zip.ZipFile$CleanableResource (java.base@17.0.6)
 252:            83           1328  kotlinx.datetime.Instant
 253:            55           1320  kotlinx.coroutines.channels.RendezvousChannel
 254:            27           1296  java.lang.invoke.BoundMethodHandle$Species_LLLLL (java.base@17.0.6)
 255:            40           1280  java.io.RandomAccessFile (java.base@17.0.6)
 256:            16           1280  sun.nio.ch.NioSocketImpl (java.base@17.0.6)
 257:            20           1280  sun.security.ec.SunEC$ProviderService (jdk.crypto.ec@17.0.6)
 258:            77           1232  jdk.internal.reflect.DelegatingConstructorAccessorImpl (java.base@17.0.6)
 259:            51           1224  java.util.ImmutableCollections$ListN (java.base@17.0.6)
 260:            51           1224  java.util.concurrent.CopyOnWriteArrayList (java.base@17.0.6)
 261:            30           1200  java.time.temporal.ChronoField (java.base@17.0.6)
 262:            50           1200  java.util.ArrayDeque (java.base@17.0.6)
 263:            29           1160  okio.Segment
 264:             3           1152  java.awt.EventDispatchThread (java.desktop@17.0.6)
 265:            48           1152  java.util.Collections$SetFromMap (java.base@17.0.6)
 266:            48           1152  java.util.regex.Pattern$$Lambda$32/0x00000001000f51f8 (java.base@17.0.6)
 267:            48           1152  jdk.internal.module.ServicesCatalog$ServiceProvider (java.base@17.0.6)
 268:             2           1136  [Lsun.security.util.KnownOIDs; (java.base@17.0.6)
 269:             3           1128  kotlin.concurrent.ThreadsKt$thread$thread$1
 270:            35           1120  java.lang.ThreadLocal$ThreadLocalMap$Entry (java.base@17.0.6)
 271:            28           1120  java.math.BigDecimal (java.base@17.0.6)
 272:            70           1120  sun.security.x509.GeneralName (java.base@17.0.6)
 273:            35           1120  sun.security.x509.URIName (java.base@17.0.6)
 274:            46           1104  java.lang.RuntimePermission (java.base@17.0.6)
 275:            69           1104  java.util.regex.Pattern$$Lambda$30/0x00000001000e56f0 (java.base@17.0.6)
 276:            46           1104  java.util.zip.Inflater$InflaterZStreamRef (java.base@17.0.6)
 277:            34           1088  java.util.Locale (java.base@17.0.6)
 278:            34           1088  sun.security.ssl.Alert (java.base@17.0.6)
 279:            45           1080  java.util.Collections$UnmodifiableRandomAccessList (java.base@17.0.6)
 280:            27           1080  java.util.logging.Logger$ConfigurationData (java.logging@17.0.6)
 281:            15           1080  sun.security.ssl.SSLCipher (java.base@17.0.6)
 282:            44           1056  kotlinx.coroutines.SupervisorJobImpl
 283:            66           1056  kotlinx.coroutines.flow.StateFlowSlot
 284:            33           1056  sun.util.locale.BaseLocale (java.base@17.0.6)
 285:             1           1040  [Ljava.lang.Integer; (java.base@17.0.6)
 286:             1           1040  [Ljava.lang.Long; (java.base@17.0.6)
 287:             1           1040  [Ljava.lang.Short; (java.base@17.0.6)
 288:            26           1040  com.sun.jna.Function
 289:            26           1040  com.sun.jna.Library$Handler$FunctionInfo
 290:            13           1040  com.sun.jna.Structure$FFIType
 291:            16           1024  java.lang.module.ModuleDescriptor (java.base@17.0.6)
 292:            42           1008  org.bouncycastle.asn1.x509.AlgorithmIdentifier
 293:            31            992  java.lang.invoke.VarHandle$AccessMode (java.base@17.0.6)
 294:            62            992  kotlin.jvm.internal.Ref$ObjectRef
 295:            42            968  [Lsun.security.ssl.ProtocolVersion; (java.base@17.0.6)
 296:            30            960  java.security.Provider$EngineDescription (java.base@17.0.6)
 297:            24            960  kotlin.jvm.internal.MutablePropertyReference1Impl
 298:            17            952  java.nio.HeapByteBuffer (java.base@17.0.6)
 299:            17            952  kotlinx.coroutines.flow.SharedFlowImpl$collect$1
 300:            28            944  [Ljava.time.format.DateTimeFormatterBuilder$DateTimePrinterParser; (java.base@17.0.6)
 301:            39            936  java.util.zip.ZipFile$Source$Key (java.base@17.0.6)
 302:            25            928  [Lkotlinx.serialization.KSerializer;
 303:            58            928  java.util.HashMap$KeySet (java.base@17.0.6)
 304:            23            920  sun.util.locale.LocaleObjectCache$CacheEntry (java.base@17.0.6)
 305:            38            912  java.util.regex.Pattern$BmpCharPredicate$$Lambda$33/0x00000001000f54a0 (java.base@17.0.6)
 306:            14            896  java.lang.invoke.BoundMethodHandle$Species_LLLLLLLLL (java.base@17.0.6)
 307:            14            896  java.net.SocksSocketImpl (java.base@17.0.6)
 308:            28            896  jdk.internal.loader.NativeLibraries (java.base@17.0.6)
 309:             8            896  sun.security.provider.HashDrbg (java.base@17.0.6)
 310:            37            888  kotlinx.coroutines.flow.ReadonlyStateFlow
 311:            55            880  [Ljava.security.Principal; (java.base@17.0.6)
 312:            22            880  com.jetbrains.toolbox.datamodel.ApplicationManagerModelRemoteEntryModel
 313:            22            880  com.jetbrains.toolbox.datamodel.ToolOpenItem$FeedItem
 314:            55            880  java.security.ProtectionDomain$Key (java.base@17.0.6)
 315:            55            880  kotlinx.coroutines.flow.internal.SendingCollector
 316:             7            864  [D (java.base@17.0.6)
 317:            12            864  com.jetbrains.toolbox.datamodel.ChannelSettings
 318:            12            864  kotlinx.coroutines.flow.SharedFlowImpl
 319:            29            840  [Lkotlinx.coroutines.flow.StateFlowSlot;
 320:            21            840  java.lang.invoke.VarHandleReferences$FieldInstanceReadWrite (java.base@17.0.6)
 321:            35            840  java.time.LocalTime (java.base@17.0.6)
 322:            21            840  sun.security.ssl.SSLHandshake (java.base@17.0.6)
 323:            26            832  java.lang.module.ModuleDescriptor$Requires (java.base@17.0.6)
 324:            34            816  java.util.regex.Pattern$Start (java.base@17.0.6)
 325:            25            800  java.time.format.DateTimeFormatterBuilder$NumberPrinterParser (java.base@17.0.6)
 326:            25            800  jdk.internal.reflect.UnsafeObjectFieldAccessorImpl (java.base@17.0.6)
 327:            33            792  kotlinx.serialization.internal.NullableSerializer
 328:            33            792  kotlinx.serialization.internal.SerialDescriptorForNullable
 329:            14            784  jdk.internal.module.ModuleReferenceImpl (java.base@17.0.6)
 330:            49            784  sun.security.x509.DNSName (java.base@17.0.6)
 331:            32            768  java.lang.invoke.Invokers (java.base@17.0.6)
 332:            24            768  java.util.concurrent.atomic.AtomicReferenceFieldUpdater$AtomicReferenceFieldUpdaterImpl (java.base@17.0.6)
 333:            12            768  javax.crypto.Cipher (java.base@17.0.6)
 334:            24            768  sun.font.EAttribute (java.desktop@17.0.6)
 335:            24            768  sun.security.x509.OIDMap$OIDInfo (java.base@17.0.6)
 336:            30            760  [Ljava.security.ProtectionDomain; (java.base@17.0.6)
 337:            18            752  [Ljava.lang.invoke.MethodType; (java.base@17.0.6)
 338:            46            736  kotlinx.coroutines.channels.ChannelResult
 339:            15            720  java.lang.invoke.BoundMethodHandle$SpeciesData (java.base@17.0.6)
 340:            45            720  sun.security.x509.GeneralNames (java.base@17.0.6)
 341:            22            704  com.jetbrains.fus.reporting.schema.VarargEventId
 342:            22            704  com.jetbrains.toolbox.datamodel.ApplicationManagerModelRemoteEntry
 343:            44            704  com.jetbrains.toolbox.feed.ApplicationType
 344:            21            688  [Ljava.io.ObjectStreamField; (java.base@17.0.6)
 345:            43            688  java.util.WeakHashMap$KeySet (java.base@17.0.6)
 346:            43            688  java.util.regex.Pattern$BranchConn (java.base@17.0.6)
 347:            43            688  kotlinx.coroutines.internal.Symbol
 348:            17            680  sun.security.ec.ECPublicKeyImpl (jdk.crypto.ec@17.0.6)
 349:            28            672  java.time.format.DateTimeFormatterBuilder$CompositePrinterParser (java.base@17.0.6)
 350:            28            672  jdk.internal.loader.AbstractClassLoaderValue$Sub (java.base@17.0.6)
 351:            42            672  sun.security.util.ECParameters (java.base@17.0.6)
 352:            41            656  java.util.regex.Pattern$BitClass (java.base@17.0.6)
 353:            27            648  java.security.Permissions (java.base@17.0.6)
 354:            16            640  java.time.format.DateTimeFormatter (java.base@17.0.6)
 355:            40            640  java.util.Collections$SingletonSet (java.base@17.0.6)
 356:            20            640  java.util.RegularEnumSet (java.base@17.0.6)
 357:             7            624  [Ljava.lang.ThreadLocal$ThreadLocalMap$Entry; (java.base@17.0.6)
 358:             3            624  [Ljava.lang.invoke.LambdaForm; (java.base@17.0.6)
 359:            13            624  java.lang.invoke.LambdaFormEditor$Transform (java.base@17.0.6)
 360:            26            624  java.security.spec.ECFieldF2m (java.base@17.0.6)
 361:            26            624  java.util.jar.Attributes$Name (java.base@17.0.6)
 362:             6            608  [S (java.base@17.0.6)
 363:            38            608  java.lang.constant.ReferenceClassDescImpl (java.base@17.0.6)
 364:            19            608  java.util.LinkedList (java.base@17.0.6)
 365:            19            608  sun.security.x509.CertificatePoliciesExtension (java.base@17.0.6)
 366:            15            600  [Ljava.lang.invoke.BoundMethodHandle$SpeciesData; (java.base@17.0.6)
 367:            25            600  com.intellij.internal.statistic.eventLog.validator.rules.impl.RegexpValidationRule
 368:            25            600  com.jetbrains.toolbox.datamodel.ApplicationManagerModelRemoteFeedItem$supportedLanguages$2
 369:            25            600  javax.crypto.spec.SecretKeySpec (java.base@17.0.6)
 370:            15            600  kotlinx.coroutines.flow.internal.ChannelLimitedFlowMerge$collectTo$2$1
 371:            22            592  [Ljava.lang.reflect.Constructor; (java.base@17.0.6)
 372:            12            576  com.sun.crypto.provider.GaloisCounterMode$AESGCM (java.base@17.0.6)
 373:            12            576  java.lang.invoke.BoundMethodHandle$Species_LLLL (java.base@17.0.6)
 374:             9            576  java.nio.DirectByteBuffer (java.base@17.0.6)
 375:            24            576  java.security.BasicPermissionCollection (java.base@17.0.6)
 376:            24            576  java.util.regex.Pattern$Ques (java.base@17.0.6)
 377:            18            576  javax.imageio.spi.DigraphNode (java.desktop@17.0.6)
 378:            12            576  kotlinx.coroutines.channels.ArrayChannel
 379:             9            576  kotlinx.serialization.internal.InlineClassDescriptor
 380:            18            576  kotlinx.serialization.json.JsonConfiguration
 381:            24            576  sun.security.util.LazyCodeSourcePermissionCollection (java.base@17.0.6)
 382:            18            576  sun.security.x509.DistributionPoint (java.base@17.0.6)
 383:            16            560  [F (java.base@17.0.6)
 384:             7            560  java.util.concurrent.TimeUnit (java.base@17.0.6)
 385:             2            560  java.util.concurrent.atomic.Striped64$Cell (java.base@17.0.6)
 386:            10            560  sun.invoke.util.Wrapper (java.base@17.0.6)
 387:            14            560  sun.security.util.MemoryCache (java.base@17.0.6)
 388:            23            552  java.lang.module.ModuleDescriptor$Provides (java.base@17.0.6)
 389:            23            552  java.util.Collections$SynchronizedCollection (java.base@17.0.6)
 390:            23            552  kotlinx.serialization.internal.ArrayListClassDesc
 391:            23            552  okio.ByteString
 392:            23            552  sun.security.x509.Extension (java.base@17.0.6)
 393:            17            544  java.net.InetAddress$InetAddressHolder (java.base@17.0.6)
 394:            17            544  java.util.Vector (java.base@17.0.6)
 395:            17            544  sun.security.ssl.CipherSuite$KeyExchange (java.base@17.0.6)
 396:             1            528  [Ljava.lang.Character; (java.base@17.0.6)
 397:             6            528  com.jetbrains.toolbox.datamodel.ApplicationManagerModelLocalEntry
 398:            22            528  java.time.Duration (java.base@17.0.6)
 399:            22            528  java.util.concurrent.ConcurrentLinkedQueue$Node (java.base@17.0.6)
 400:            22            528  kotlinx.serialization.internal.ArrayListSerializer
 401:             6            528  sun.security.ssl.TransportContext (java.base@17.0.6)
 402:            13            520  com.jetbrains.toolbox.datamodel.UILanguage
 403:            13            520  java.lang.ref.Finalizer (java.base@17.0.6)
 404:             8            512  com.sun.security.sasl.Provider$ProviderService (java.security.sasl@17.0.6)
 405:            16            512  java.time.temporal.ChronoUnit (java.base@17.0.6)
 406:            21            504  sun.security.x509.AVAKeyword (java.base@17.0.6)
 407:            21            504  sun.security.x509.PolicyInformation (java.base@17.0.6)
 408:             7            496  [Lsun.invoke.util.Wrapper; (java.base@17.0.6)
 409:            19            488  [Lsun.security.ssl.NamedGroup$NamedGroupSpec; (java.base@17.0.6)
 410:            15            480  com.intellij.internal.statistic.eventLog.validator.rules.beans.EventGroupRules
 411:            12            480  java.lang.OutOfMemoryError (java.base@17.0.6)
 412:            10            480  java.util.Hashtable (java.base@17.0.6)
 413:            20            480  org.bouncycastle.asn1.ASN1Integer
 414:             6            480  sun.security.ssl.SSLConfiguration (java.base@17.0.6)
 415:             6            480  sun.security.ssl.SSLSocketImpl (java.base@17.0.6)
 416:            15            480  sun.security.x509.CRLDistributionPointsExtension (java.base@17.0.6)
 417:            19            456  com.jetbrains.toolbox.feed.SupersededApplication
 418:            19            456  java.util.concurrent.atomic.AtomicLong (java.base@17.0.6)
 419:            14            448  com.sun.jna.Structure$FFIType$size_t
 420:             7            448  java.security.SecureRandom (java.base@17.0.6)
 421:            14            448  java.util.Collections$UnmodifiableMap (java.base@17.0.6)
 422:             8            448  java.util.Properties (java.base@17.0.6)
 423:            14            448  jdk.internal.loader.BuiltinClassLoader$LoadedModule (java.base@17.0.6)
 424:             8            448  kotlinx.coroutines.flow.FlowKt__DelayKt$debounceInternal$1
 425:             7            448  sun.security.provider.SHA2$SHA256 (java.base@17.0.6)
 426:            14            448  sun.util.locale.BaseLocale$Key (java.base@17.0.6)
 427:            11            440  java.util.IdentityHashMap (java.base@17.0.6)
 428:            11            440  kotlinx.coroutines.channels.AbstractChannel$ReceiveSelect
 429:             1            432  [[[C (java.base@17.0.6)
 430:             9            432  com.sun.jna.NativeLibrary
 431:            27            432  java.security.spec.ECFieldFp (java.base@17.0.6)
 432:            18            432  java.text.DateFormat$Field (java.base@17.0.6)
 433:             6            432  java.util.concurrent.ThreadPoolExecutor (java.base@17.0.6)
 434:             6            432  kotlinx.serialization.internal.EnumDescriptor
 435:            15            416  [[I (java.base@17.0.6)
 436:            13            416  com.jetbrains.toolbox.datamodel.UpdateFilter
 437:            13            416  java.lang.invoke.VarForm (java.base@17.0.6)
 438:            13            416  java.security.cert.PolicyQualifierInfo (java.base@17.0.6)
 439:            13            416  java.util.concurrent.atomic.AtomicIntegerFieldUpdater$AtomicIntegerFieldUpdaterImpl (java.base@17.0.6)
 440:            17            408  kotlinx.coroutines.flow.SharedFlowSlot
 441:            17            408  kotlinx.serialization.json.JsonImpl
 442:            17            408  sun.nio.ch.OptionKey (java.base@17.0.6)
 443:            17            408  sun.nio.ch.SocketOptionRegistry$RegistryKey (java.base@17.0.6)
 444:            17            408  sun.security.x509.AccessDescription (java.base@17.0.6)
 445:            12            400  [Ljava.lang.constant.ClassDesc; (java.base@17.0.6)
 446:             7            392  sun.util.calendar.ZoneInfo (java.base@17.0.6)
 447:            12            384  com.jetbrains.fus.reporting.schema.EventLogGroup
 448:            12            384  com.sun.crypto.provider.AESCrypt (java.base@17.0.6)
 449:            24            384  java.lang.Float (java.base@17.0.6)
 450:            24            384  java.security.SecureClassLoader$CodeSourceKey (java.base@17.0.6)
 451:            12            384  java.util.ImmutableCollections$MapN (java.base@17.0.6)
 452:             6            384  kotlinx.coroutines.flow.FlowKt__DelayKt$sample$2
 453:            24            384  kotlinx.coroutines.sync.MutexImpl
 454:             6            384  sun.security.ssl.SSLSocketInputRecord (java.base@17.0.6)
 455:             6            384  sun.security.ssl.SSLSocketOutputRecord (java.base@17.0.6)
 456:            12            384  sun.security.x509.ExtendedKeyUsageExtension (java.base@17.0.6)
 457:             1            376  com.sun.jna.internal.Cleaner$1
 458:             1            376  java.lang.ref.Finalizer$FinalizerThread (java.base@17.0.6)
 459:             1            376  java.util.logging.LogManager$Cleaner (java.logging@17.0.6)
 460:             1            376  jdk.internal.misc.InnocuousThread (java.base@17.0.6)
 461:             1            376  org.tinylog.core.TinylogLoggingProvider$1
 462:            23            368  java.awt.font.TextAttribute (java.desktop@17.0.6)
 463:             1            368  java.lang.ref.Reference$ReferenceHandler (java.base@17.0.6)
 464:            23            368  java.time.format.DateTimeFormatterBuilder$CharLiteralPrinterParser (java.base@17.0.6)
 465:            23            368  jdk.internal.reflect.BootstrapConstructorAccessorImpl (java.base@17.0.6)
 466:             1            368  okio.AsyncTimeout$Watchdog
 467:             9            360  com.sun.jna.Structure$LayoutInfo
 468:             5            360  com.sun.jna.platform.win32.WinCrypt$DATA_BLOB
 469:             9            360  com.sun.org.apache.xerces.internal.utils.XMLSecurityManager$Limit (java.xml@17.0.6)
 470:             9            360  java.lang.invoke.DirectMethodHandle$Interface (java.base@17.0.6)
 471:            15            360  java.net.Inet4Address (java.base@17.0.6)
 472:             9            360  java.net.Socket (java.base@17.0.6)
 473:            15            360  java.util.concurrent.ConcurrentLinkedQueue (java.base@17.0.6)
 474:             9            360  jdk.internal.loader.NativeLibraries$NativeLibraryImpl (java.base@17.0.6)
 475:             3            352  [Ljava.lang.Thread; (java.base@17.0.6)
 476:            11            352  java.lang.constant.DirectMethodHandleDesc$Kind (java.base@17.0.6)
 477:             4            352  java.text.DecimalFormatSymbols (java.base@17.0.6)
 478:            11            352  kotlinx.coroutines.selects.SelectBuilderImpl$DisposeNode
 479:             3            336  [Lsun.font.EAttribute; (java.desktop@17.0.6)
 480:            14            336  com.intellij.internal.statistic.eventLog.connection.metadata.EventGroupFilterRules
 481:            14            336  com.intellij.internal.statistic.eventLog.validator.rules.impl.RegexpValidationRule$myPattern$2
 482:            14            336  java.lang.Class$AnnotationData (java.base@17.0.6)
 483:            14            336  java.lang.module.ResolvedModule (java.base@17.0.6)
 484:             6            336  java.nio.DirectLongBufferU (java.base@17.0.6)
 485:             1            336  java.util.concurrent.ForkJoinPool (java.base@17.0.6)
 486:            21            336  java.util.concurrent.atomic.AtomicInteger (java.base@17.0.6)
 487:            14            336  jdk.internal.module.SystemModuleFinders$2 (java.base@17.0.6)
 488:            14            336  jdk.internal.module.SystemModuleFinders$SystemModuleReader (java.base@17.0.6)
 489:             7            336  kotlinx.coroutines.JobSupport$ChildCompletion
 490:             7            336  kotlinx.coroutines.flow.internal.FlowCoroutineKt$scopedFlow$1$1
 491:             7            336  sun.java2d.pipe.PixelToParallelogramConverter (java.desktop@17.0.6)
 492:             7            336  sun.security.provider.MoreDrbgParameters (java.base@17.0.6)
 493:            21            336  sun.security.x509.CertificatePolicyId (java.base@17.0.6)
 494:            10            320  com.sun.jna.Library$Handler
 495:            10            320  com.sun.org.apache.xerces.internal.impl.XMLEntityManager$EncodingInfo (java.xml@17.0.6)
 496:             5            320  java.awt.color.ICC_ColorSpace (java.desktop@17.0.6)
 497:             8            320  java.lang.WeakPairMap$Pair$Weak (java.base@17.0.6)
 498:            10            320  java.lang.constant.DirectMethodHandleDescImpl (java.base@17.0.6)
 499:            10            320  jdk.internal.reflect.UnsafeIntegerFieldAccessorImpl (java.base@17.0.6)
 500:             8            320  kotlinx.coroutines.selects.SelectBuilderImpl
 501:             4            320  okhttp3.Response
 502:            10            320  sun.security.x509.SubjectAlternativeNameExtension (java.base@17.0.6)
 503:             8            320  sun.util.locale.provider.LocaleResources$ResourceReference (java.base@17.0.6)
 504:             8            320  sun.util.resources.Bundles$BundleReference (java.base@17.0.6)
 505:            13            312  com.jetbrains.toolbox.datamodel.VcsInfo
 506:            13            312  kotlinx.serialization.internal.PrimitiveSerialDescriptor
 507:            13            312  sun.security.util.DisabledAlgorithmConstraints$DisabledConstraint (java.base@17.0.6)
 508:            19            304  java.util.concurrent.atomic.AtomicReference (java.base@17.0.6)
 509:            19            304  kotlin.jvm.internal.ClassReference
 510:            12            296  [Lkotlinx.coroutines.flow.SharedFlowSlot;
 511:             1            288  [Ljava.lang.invoke.LambdaForm$Kind; (java.base@17.0.6)
 512:             1            288  [Lsun.security.ssl.SSLExtension; (java.base@17.0.6)
 513:            12            288  com.intellij.internal.statistic.eventLog.connection.metadata.EventGroupFilterRules$BuildRange
 514:             9            288  com.jetbrains.fus.reporting.schema.EnumEventField
 515:             2            288  java.awt.image.DirectColorModel (java.desktop@17.0.6)
 516:             9            288  java.lang.constant.PrimitiveClassDescImpl (java.base@17.0.6)
 517:             4            288  java.lang.invoke.BoundMethodHandle$Species_LLLLLLLLLLL (java.base@17.0.6)
 518:            12            288  java.net.StandardSocketOptions$StdSocketOption (java.base@17.0.6)
 519:             2            288  java.text.DecimalFormat (java.base@17.0.6)
 520:            12            288  java.time.Month (java.base@17.0.6)
 521:            18            288  java.util.Collections$UnmodifiableSet (java.base@17.0.6)
 522:             9            288  java.util.logging.Level (java.logging@17.0.6)
 523:             9            288  java.util.logging.Level$KnownLevel (java.logging@17.0.6)
 524:             9            288  jdk.internal.org.objectweb.asm.Type (java.base@17.0.6)
 525:             6            288  kotlinx.coroutines.flow.FlowKt__ShareKt$launchSharing$1
 526:             9            288  kotlinx.coroutines.flow.internal.FlowCoroutine
 527:            18            288  kotlinx.serialization.json.internal.DescriptorSchemaCache
 528:             9            288  org.bouncycastle.asn1.pkcs.RSASSAPSSparams
 529:             9            288  sun.nio.fs.NativeBuffer (java.base@17.0.6)
 530:             9            288  sun.security.ssl.ProtocolVersion (java.base@17.0.6)
 531:             9            288  sun.security.util.math.intpoly.IntegerPolynomial$ImmutableElement (java.base@17.0.6)
 532:             9            288  sun.security.x509.AuthorityInfoAccessExtension (java.base@17.0.6)
 533:             9            288  sun.security.x509.NetscapeCertTypeExtension (java.base@17.0.6)
 534:             7            280  jdk.internal.math.FloatingDecimal$BinaryToASCIIBuffer (java.base@17.0.6)
 535:             7            280  sun.nio.fs.WindowsPath (java.base@17.0.6)
 536:            11            264  com.sun.jna.DefaultTypeMapper$Entry
 537:            11            264  com.sun.jna.platform.win32.ShlObj$KNOWN_FOLDER_FLAG
 538:            11            264  com.sun.jna.platform.win32.WinReg$HKEY
 539:            11            264  java.lang.invoke.MethodHandleImpl$Intrinsic (java.base@17.0.6)
 540:            11            264  java.security.cert.CRLReason (java.base@17.0.6)
 541:            11            264  org.tinylog.core.LogEntryValue
 542:            11            264  sun.reflect.annotation.AnnotationInvocationHandler (java.base@17.0.6)
 543:            11            264  sun.security.ssl.SSLSecretDerivation$SecretSchedule (java.base@17.0.6)
 544:             2            256  [Ljava.time.LocalDateTime; (java.base@17.0.6)
 545:             8            256  com.jetbrains.fus.reporting.schema.EventId2
 546:             8            256  java.lang.WeakPairMap$Pair$Weak$1 (java.base@17.0.6)
 547:             8            256  java.lang.reflect.ProxyGenerator$PrimitiveTypeInfo (java.base@17.0.6)
 548:             4            256  java.nio.DirectByteBufferR (java.base@17.0.6)
 549:             8            256  java.security.MessageDigest$Delegate$CloneableDelegate (java.base@17.0.6)
 550:             2            256  okhttp3.OkHttpClient
 551:             8            256  sun.security.jca.ProviderConfig (java.base@17.0.6)
 552:             8            256  sun.security.util.DisabledAlgorithmConstraints$KeySizeConstraint (java.base@17.0.6)
 553:             8            256  sun.util.resources.Bundles$CacheKey (java.base@17.0.6)
 554:             8            248  [Lkotlin.reflect.KProperty;
 555:             5            240  [Ljava.lang.invoke.LambdaForm$NamedFunction; (java.base@17.0.6)
 556:             3            240  [Ljava.nio.ByteBuffer; (java.base@17.0.6)
 557:             4            240  [[J (java.base@17.0.6)
 558:            10            240  com.jetbrains.toolbox.ModelUpdateReason
 559:             3            240  com.jetbrains.toolbox.datamodel.ApplicationManagerModelLocalEntryModel
 560:             3            240  com.sun.jna.platform.win32.WinCrypt$CRYPT_BIT_BLOB
 561:            10            240  com.sun.org.apache.xerces.internal.impl.XMLScanner$NameType (java.xml@17.0.6)
 562:            10            240  java.lang.constant.MethodTypeDescImpl (java.base@17.0.6)
 563:            10            240  java.nio.charset.CoderResult (java.base@17.0.6)
 564:            10            240  java.nio.file.StandardOpenOption (java.base@17.0.6)
 565:            10            240  java.security.CryptoPrimitive (java.base@17.0.6)
 566:            10            240  java.util.Collections$UnmodifiableList (java.base@17.0.6)
 567:             6            240  java.util.EnumMap (java.base@17.0.6)
 568:            10            240  java.util.concurrent.locks.AbstractQueuedSynchronizer$ConditionObject (java.base@17.0.6)
 569:            10            240  java.util.regex.Pattern$CharPropertyGreedy (java.base@17.0.6)
 570:             6            240  java.util.stream.StreamOpFlag (java.base@17.0.6)
 571:            10            240  javax.net.ssl.SNIHostName (java.base@17.0.6)
 572:             6            240  kotlinx.coroutines.EventLoopImplBase$DelayedResumeTask
 573:            10            240  org.bouncycastle.asn1.ASN1Tag
 574:            10            240  sun.util.locale.provider.LocaleServiceProviderPool (java.base@17.0.6)
 575:            15            240  sun.util.logging.internal.LoggingProviderImpl$JULWrapper (java.logging@17.0.6)
 576:             7            224  [Ljava.lang.Boolean; (java.base@17.0.6)
 577:            13            224  [Ljava.lang.constant.ConstantDesc; (java.base@17.0.6)
 578:             4            224  [Ljava.time.ZoneOffset; (java.base@17.0.6)
 579:             7            224  com.intellij.internal.statistic.eventLog.validator.ValidationResultType
 580:             7            224  com.jetbrains.fus.reporting.schema.EventId1
 581:             7            224  com.jetbrains.toolbox.LocalChannel
 582:             4            224  com.sun.jna.CallbackReference
 583:            14            224  java.lang.ThreadLocal (java.base@17.0.6)
 584:            14            224  java.security.spec.MGF1ParameterSpec (java.base@17.0.6)
 585:            14            224  java.util.LinkedHashMap$LinkedValues (java.base@17.0.6)
 586:             7            224  kotlin.text.RegexOption
 587:             7            224  kotlinx.coroutines.JobSupport$Finishing
 588:             7            224  kotlinx.coroutines.selects.SelectBuilderImpl$SelectOnCancelling
 589:             4            224  okhttp3.HttpUrl
 590:            14            224  sun.util.logging.PlatformLogger (java.base@17.0.6)
 591:             9            216  com.jetbrains.toolbox.feed.ApplicationPackageType
 592:             9            216  com.sun.jna.NativeLibrary$NativeLibraryDisposer
 593:             9            216  java.time.ZoneOffset (java.base@17.0.6)
 594:             9            216  java.util.Collections$SingletonList (java.base@17.0.6)
 595:             3            216  java.util.ResourceBundle$CacheKey (java.base@17.0.6)
 596:             9            216  java.util.regex.Pattern$SliceI (java.base@17.0.6)
 597:             3            216  sun.net.www.protocol.jar.URLJarFile (java.base@17.0.6)
 598:             9            216  sun.nio.fs.NativeBuffer$Deallocator (java.base@17.0.6)
 599:             9            216  sun.security.util.SafeDHParameterSpec (java.base@17.0.6)
 600:             9            216  sun.util.logging.PlatformLogger$Level (java.base@17.0.6)
 601:             7            208  [Ljava.security.cert.X509Certificate; (java.base@17.0.6)
 602:             2            208  [Lsun.security.ssl.NamedGroup; (java.base@17.0.6)
 603:            13            208  java.util.concurrent.atomic.AtomicReferenceArray (java.base@17.0.6)
 604:            13            208  jdk.internal.module.SystemModuleFinders$3 (java.base@17.0.6)
 605:             2            208  sun.java2d.d3d.D3DGraphicsDevice (java.desktop@17.0.6)
 606:             2            200  [Ljava.text.DateFormat$Field; (java.base@17.0.6)
 607:             5            200  com.jetbrains.toolbox.LocalFeedItem
 608:             5            200  com.jetbrains.toolbox.managers.CacheManagerImpl
 609:             5            200  com.jetbrains.toolbox.managers.CacheManagerImpl$1
 610:             5            200  com.jetbrains.toolbox.managers.CacheManagerImpl$1$1
 611:             5            200  java.lang.invoke.VarHandleInts$FieldInstanceReadWrite (java.base@17.0.6)
 612:             5            200  sun.security.ssl.CipherSuite$MacAlg (java.base@17.0.6)
 613:            12            192  com.intellij.internal.statistic.eventLog.EventLogBuild
 614:             6            192  com.jetbrains.toolbox.LocalApplicationsFilter
 615:             6            192  com.jetbrains.toolbox.datamodel.ToolSettingsModel
 616:             6            192  java.lang.invoke.LambdaForm$BasicType (java.base@17.0.6)
 617:             8            192  java.math.RoundingMode (java.base@17.0.6)
 618:             8            192  java.net.NetPermission (java.base@17.0.6)
 619:             8            192  java.net.Socket$SocketInputStream (java.base@17.0.6)
 620:             8            192  java.net.Socket$SocketOutputStream (java.base@17.0.6)
 621:             6            192  java.time.format.TextStyle (java.base@17.0.6)
 622:             6            192  java.util.ResourceBundle$KeyElementReference (java.base@17.0.6)
 623:             6            192  java.util.concurrent.SynchronousQueue (java.base@17.0.6)
 624:             6            192  java.util.concurrent.atomic.AtomicLongFieldUpdater$CASUpdater (java.base@17.0.6)
 625:             4            192  kotlinx.coroutines.flow.FlowKt__DelayKt$debounceInternal$1$3$2
 626:             4            192  kotlinx.coroutines.flow.FlowKt__DelayKt$sample$2$1$1
 627:             8            192  kotlinx.coroutines.flow.ReadonlySharedFlow
 628:             4            192  kotlinx.coroutines.flow.internal.CombineKt$combineInternal$2$1
 629:             6            192  kotlinx.coroutines.scheduling.WorkQueue
 630:             3            192  kotlinx.serialization.descriptors.SerialDescriptorImpl
 631:             6            192  kotlinx.serialization.internal.EnumDescriptor$elementDescriptors$2
 632:             8            192  kotlinx.serialization.internal.PrimitiveArrayDescriptor
 633:             4            192  okio.SocketAsyncTimeout
 634:             6            192  sun.security.ssl.EphemeralKeyManager$EphemeralKeyPair (java.base@17.0.6)
 635:             3            192  sun.security.ssl.SSLCipher$T12GcmReadCipherGenerator$GcmReadCipher (java.base@17.0.6)
 636:             3            192  sun.security.ssl.SSLCipher$T12GcmWriteCipherGenerator$GcmWriteCipher (java.base@17.0.6)
 637:             6            192  sun.security.ssl.SSLKeyExchange$T12KeyAgreement (java.base@17.0.6)
 638:             6            192  sun.security.ssl.SSLSessionContextImpl (java.base@17.0.6)
 639:             6            192  sun.security.ssl.SSLSocketImpl$AppInputStream (java.base@17.0.6)
 640:             6            192  sun.security.ssl.X509Authentication (java.base@17.0.6)
 641:             2            192  sun.util.calendar.Gregorian$Date (java.base@17.0.6)
 642:             3            184  [[Ljava.lang.String; (java.base@17.0.6)
 643:             7            168  [Ljava.lang.ref.Reference; (java.base@17.0.6)
 644:             6            168  [Lkotlinx.coroutines.flow.Flow;
 645:             1            168  [[Ljava.math.BigInteger; (java.base@17.0.6)
 646:             7            168  com.jetbrains.fus.reporting.schema.IntEventField
 647:             7            168  com.jetbrains.toolbox.datamodel.project.ProjectSourceUpdateReason
 648:             1            168  com.jetbrains.toolbox.demo.ToolboxUi
 649:             7            168  com.jetbrains.toolbox.feed.ReSharperData
 650:             7            168  com.jetbrains.toolbox.fus.FusEnums$NotificationType
 651:             7            168  com.jetbrains.toolbox.fus.FusEnums$ToolboxSettingsField
 652:             7            168  com.sun.org.apache.xerces.internal.util.FeatureState (java.xml@17.0.6)
 653:             7            168  java.lang.System$Logger$Level (java.base@17.0.6)
 654:             7            168  java.lang.ThreadLocal$ThreadLocalMap (java.base@17.0.6)
 655:             7            168  jdk.xml.internal.JdkProperty$State (java.xml@17.0.6)
 656:             7            168  kotlin.text.Regex
 657:             7            168  kotlin.time.DurationUnit
 658:             3            168  kotlinx.coroutines.flow.FlowKt__DelayKt$fixedPeriodTicker$3
 659:             7            168  okio.Buffer
 660:             7            168  sun.security.provider.DRBG (java.base@17.0.6)
 661:             7            168  sun.security.provider.certpath.OCSPResponse$ResponseStatus (java.base@17.0.6)
 662:             3            168  sun.security.ssl.SSLCipher$T13GcmReadCipherGenerator$GcmReadCipher (java.base@17.0.6)
 663:             3            168  sun.security.ssl.SSLCipher$T13GcmWriteCipherGenerator$GcmWriteCipher (java.base@17.0.6)
 664:             3            168  sun.security.ssl.SSLContextImpl$TLSContext (java.base@17.0.6)
 665:             7            168  sun.security.x509.NetscapeCertTypeExtension$MapEntry (java.base@17.0.6)
 666:             2            160  [Ljava.lang.constant.DirectMethodHandleDesc$Kind; (java.base@17.0.6)
 667:             4            160  [Ljava.util.Collection; (java.base@17.0.6)
 668:             3            160  [Ljava.util.logging.Level; (java.logging@17.0.6)
 669:             5            160  [Lsun.nio.fs.NativeBuffer; (java.base@17.0.6)
 670:             5            160  com.jetbrains.toolbox.manager.InformationalOnboardingSteps
 671:             2            160  java.lang.invoke.BoundMethodHandle$Species_LLLLLLLLLLLLL (java.base@17.0.6)
 672:             5            160  java.lang.invoke.VarHandle$AccessType (java.base@17.0.6)
 673:            10            160  java.util.Formatter$Flags (java.base@17.0.6)
 674:             5            160  java.util.regex.Pattern$Curly (java.base@17.0.6)
 675:             5            160  javax.imageio.spi.SubRegistry (java.desktop@17.0.6)
 676:             4            160  javax.xml.catalog.CatalogFeatures$Feature (java.xml@17.0.6)
 677:             2            160  jdk.internal.icu.impl.NormalizerImpl (java.base@17.0.6)
 678:             4            160  jdk.internal.ref.Cleaner (java.base@17.0.6)
 679:            10            160  jdk.proxy2.$Proxy1 (jdk.proxy2)
 680:             4            160  kotlinx.coroutines.InterruptibleKt$runInterruptible$2
 681:             4            160  kotlinx.coroutines.flow.FlowKt__DelayKt$debounceInternal$1$values$1
 682:             5            160  kotlinx.coroutines.flow.internal.ChannelLimitedFlowMerge
 683:             4            160  kotlinx.coroutines.internal.LockFreeTaskQueueCore
 684:             5            160  kotlinx.serialization.internal.LinkedHashMapClassDesc
 685:             4            160  okhttp3.CacheControl
 686:             4            160  okhttp3.Request
 687:             2            160  okhttp3.internal.connection.RealConnection
 688:            10            160  okio.Path
 689:             5            160  sun.java2d.cmm.ProfileDeferralInfo (java.desktop@17.0.6)
 690:             5            160  sun.security.ssl.ContentType (java.base@17.0.6)
 691:             5            160  sun.security.ssl.NamedGroup$NamedGroupSpec (java.base@17.0.6)
 692:            10            160  sun.security.ssl.SSLKeyExchange$T13KeyAgreement (java.base@17.0.6)
 693:            10            160  sun.security.ssl.SessionId (java.base@17.0.6)
 694:             5            160  sun.util.locale.provider.LocaleProviderAdapter$Type (java.base@17.0.6)
 695:             5            160  sun.util.locale.provider.LocaleResources (java.base@17.0.6)
 696:             1            152  [Lsun.security.ssl.Alert; (java.base@17.0.6)
 697:             1            152  com.jetbrains.toolbox.JetBrainsAnalyticsImpl
 698:             1            144  [Ljava.lang.invoke.VarHandle$AccessMode; (java.base@17.0.6)
 699:             2            144  [Ljava.math.BigDecimal; (java.base@17.0.6)
 700:             1            144  [Ljava.util.concurrent.ForkJoinPool$WorkQueue; (java.base@17.0.6)
 701:             1            144  com.jetbrains.toolbox.ApplicationManagerImpl
 702:             3            144  com.jetbrains.toolbox.accounts.AccountManagerImpl$accounts$1$1$1
 703:             3            144  com.jetbrains.toolbox.projects.ProjectManagerImpl$1$1
 704:             2            144  com.sun.jna.platform.win32.WinBase$FILETIME
 705:             2            144  com.sun.jna.platform.win32.WinCrypt$CRYPT_ALGORITHM_IDENTIFIER
 706:             6            144  com.sun.org.apache.xerces.internal.util.Status (java.xml@17.0.6)
 707:             2            144  java.awt.Font (java.desktop@17.0.6)
 708:             6            144  java.io.ByteArrayOutputStream (java.base@17.0.6)
 709:             6            144  java.lang.Thread$State (java.base@17.0.6)
 710:             3            144  java.lang.ThreadGroup (java.base@17.0.6)
 711:             6            144  java.lang.invoke.VarHandleByteArrayAsLongs$ArrayHandle (java.base@17.0.6)
 712:             3            144  java.time.temporal.JulianFields$Field (java.base@17.0.6)
 713:             6            144  java.util.concurrent.ConcurrentHashMap$KeySetView (java.base@17.0.6)
 714:             3            144  java.util.concurrent.ConcurrentHashMap$TreeBin (java.base@17.0.6)
 715:             6            144  java.util.regex.CharPredicates$$Lambda$86/0x00000001001fae00 (java.base@17.0.6)
 716:             6            144  javax.net.ssl.SSLEngineResult$HandshakeStatus (java.base@17.0.6)
 717:             6            144  jdk.internal.perf.PerfCounter (java.base@17.0.6)
 718:             2            144  kotlinx.coroutines.flow.internal.CombineKt$combineInternal$2
 719:             6            144  name.kropp.kotlinx.gettext.PoData$Key
 720:             9            144  okhttp3.Headers
 721:             6            144  okhttp3.Protocol
 722:             2            144  okhttp3.internal.connection.RealCall
 723:             6            144  org.tinylog.Level
 724:             9            144  sun.nio.ch.NioSocketImpl$$Lambda$130/0x00000001002fc728 (java.base@17.0.6)
 725:             2            144  sun.nio.cs.DoubleByte$Encoder (java.base@17.0.6)
 726:             3            144  sun.nio.cs.StreamEncoder (java.base@17.0.6)
 727:             6            144  sun.security.ssl.HandshakeHash (java.base@17.0.6)
 728:             6            144  sun.security.ssl.SSLSocketImpl$AppOutputStream (java.base@17.0.6)
 729:             6            144  sun.security.util.DisabledAlgorithmConstraints$Constraint$Operator (java.base@17.0.6)
 730:             1            136  [Ljava.time.temporal.ChronoField; (java.base@17.0.6)
 731:             2            136  [Lokhttp3.CipherSuite;
 732:             1            136  com.jetbrains.toolbox.accounts.oauth.jba.JetBrainsAccountProviderImpl
 733:             2            128  [Ljava.security.cert.CRLReason; (java.base@17.0.6)
 734:             2            128  [Ljava.time.Month; (java.base@17.0.6)
 735:             2            128  [Lorg.tinylog.core.LogEntryValue;
 736:             2            128  [Lsun.security.ssl.SSLSecretDerivation$SecretSchedule; (java.base@17.0.6)
 737:             4            128  com.jetbrains.toolbox.datamodel.ShellScriptsModel
 738:             4            128  com.jetbrains.toolbox.feed.Service
 739:             4            128  com.sun.jna.CallbackReference$DefaultCallbackProxy
 740:             4            128  java.lang.invoke.MethodHandles$Lookup (java.base@17.0.6)
 741:             4            128  java.security.spec.PSSParameterSpec (java.base@17.0.6)
 742:             2            128  java.text.DateFormatSymbols (java.base@17.0.6)
 743:             8            128  java.util.TreeMap$Values (java.base@17.0.6)
 744:             4            128  java.util.stream.FindOps$FindOp (java.base@17.0.6)
 745:             2            128  jdk.internal.icu.impl.Trie2_16 (java.base@17.0.6)
 746:             4            128  jdk.internal.reflect.UnsafeShortFieldAccessorImpl (java.base@17.0.6)
 747:             2            128  sun.java2d.d3d.D3DContext (java.desktop@17.0.6)
 748:             8            128  sun.nio.ch.NioSocketImpl$1 (java.base@17.0.6)
 749:             8            128  sun.nio.ch.NioSocketImpl$2 (java.base@17.0.6)
 750:             2            128  sun.security.jgss.SunProvider$ProviderService (java.security.jgss@17.0.6)
 751:             4            128  sun.security.ssl.Finished$VerifyDataScheme (java.base@17.0.6)
 752:             4            128  sun.security.ssl.SSLTrafficKeyDerivation (java.base@17.0.6)
 753:             3            120  [Ljava.lang.invoke.LambdaForm$BasicType; (java.base@17.0.6)
 754:             2            120  [Lsun.security.util.ObjectIdentifier; (java.base@17.0.6)
 755:             5            120  com.jetbrains.toolbox.ProjectCacheItem
 756:             3            120  com.jetbrains.toolbox.accounts.AccountManagerImpl$accounts$1$1$1$1
 757:             1            120  com.jetbrains.toolbox.accounts.oauth.space.SpaceAccountProviderImpl
 758:             5            120  com.jetbrains.toolbox.datamodel.GraphicsApi
 759:             5            120  com.jetbrains.toolbox.datamodel.ProxyType
 760:             5            120  com.jetbrains.toolbox.datamodel.ToolUpdateQualityLevel
 761:             5            120  com.jetbrains.toolbox.datamodel.project.ProjectsUpdateReason
 762:             3            120  com.jetbrains.toolbox.projects.ProjectManagerImpl$1$1$1
 763:             3            120  com.jetbrains.toolbox.projects.ProjectSource$1
 764:             5            120  com.sun.crypto.provider.DHParameters (java.base@17.0.6)
 765:             5            120  com.sun.jna.NativeMappedConverter
 766:             5            120  com.sun.org.apache.xerces.internal.util.PropertyState (java.xml@17.0.6)
 767:             5            120  com.sun.org.apache.xerces.internal.utils.XMLSecurityPropertyManager$State (java.xml@17.0.6)
 768:             3            120  java.io.BufferedWriter (java.base@17.0.6)
 769:             5            120  java.lang.NamedPackage (java.base@17.0.6)
 770:             3            120  java.lang.invoke.MethodHandleImpl$IntrinsicMethodHandle (java.base@17.0.6)
 771:             3            120  java.lang.invoke.VarHandleLongs$FieldInstanceReadWrite (java.base@17.0.6)
 772:             3            120  java.lang.reflect.ProxyGenerator$ProxyMethod (java.base@17.0.6)
 773:             3            120  java.net.InetAddress$CachedAddresses (java.base@17.0.6)
 774:             5            120  java.time.format.SignStyle (java.base@17.0.6)
 775:             3            120  java.time.zone.ZoneRules (java.base@17.0.6)
 776:             3            120  java.util.ResourceBundle$BundleReference (java.base@17.0.6)
 777:             5            120  java.util.regex.Pattern$$Lambda$94/0x0000000100272aa0 (java.base@17.0.6)
 778:             5            120  java.util.stream.StreamOpFlag$Type (java.base@17.0.6)
 779:             5            120  javax.imageio.spi.PartiallyOrderedSet (java.desktop@17.0.6)
 780:             5            120  jdk.internal.math.FloatingDecimal$PreparedASCIIToBinaryBuffer (java.base@17.0.6)
 781:             3            120  kotlinx.coroutines.flow.FlowKt__DelayKt$sample$2$1$2
 782:             3            120  kotlinx.coroutines.flow.FlowKt__DelayKt$sample$2$values$1
 783:             5            120  kotlinx.coroutines.scheduling.CoroutineScheduler$WorkerState
 784:             5            120  okhttp3.TlsVersion
 785:             3            120  okhttp3.internal.connection.RealConnectionPool
 786:             3            120  okhttp3.internal.connection.RealConnectionPool$cleanupTask$1
 787:             3            120  sun.awt.AWTThreading (java.desktop@17.0.6)
 788:             1            120  sun.awt.image.ByteInterleavedRaster (java.desktop@17.0.6)
 789:             5            120  sun.nio.fs.WindowsPathType (java.base@17.0.6)
 790:             5            120  sun.security.jca.ServiceId (java.base@17.0.6)
 791:             3            120  sun.security.ssl.X509TrustManagerImpl (java.base@17.0.6)
 792:             2            112  [Ljava.security.CryptoPrimitive; (java.base@17.0.6)
 793:             1            112  [Ljava.time.LocalTime; (java.base@17.0.6)
 794:             1            112  com.jetbrains.toolbox.enterprise.ToolboxEnterpriseAccountProviderImpl
 795:             2            112  com.jetbrains.toolbox.intellij.notification.processor.IdeResponseManager$postNotificationToIntelliJServer$1
 796:             1            112  com.sun.jna.platform.win32.WinCrypt$CERT_INFO$ByReference
 797:             1            112  java.awt.image.ComponentColorModel (java.desktop@17.0.6)
 798:             2            112  java.awt.image.PixelInterleavedSampleModel (java.desktop@17.0.6)
 799:             2            112  java.nio.DirectIntBufferRU (java.base@17.0.6)
 800:             7            112  java.util.HashMap$Values (java.base@17.0.6)
 801:             2            112  okhttp3.Address
 802:             2            112  okhttp3.internal.connection.ExchangeFinder
 803:             7            112  org.tinylog.pattern.PlainTextToken
 804:             2            112  sun.security.ec.ed.EdDSAParameters (jdk.crypto.ec@17.0.6)
 805:             4            104  [Lcom.sun.jna.FromNativeConverter;
 806:             5            104  [Ljava.lang.reflect.Method; (java.base@17.0.6)
 807:             2            104  [Ljdk.xml.internal.JdkProperty$State; (java.xml@17.0.6)
 808:             1            104  [Lsun.security.ssl.SSLHandshake; (java.base@17.0.6)
 809:             1            104  [Lsun.security.ssl.SignatureScheme; (java.base@17.0.6)
 810:             2            104  [Lsun.util.logging.PlatformLogger$Level; (java.base@17.0.6)
 811:             1            104  com.sun.crypto.provider.SunJCE (java.base@17.0.6)
 812:             1            104  com.sun.security.sasl.Provider (java.security.sasl@17.0.6)
 813:             1            104  jdk.internal.loader.ClassLoaders$AppClassLoader (java.base@17.0.6)
 814:             1            104  jdk.internal.loader.ClassLoaders$BootClassLoader (java.base@17.0.6)
 815:             1            104  jdk.internal.loader.ClassLoaders$PlatformClassLoader (java.base@17.0.6)
 816:             1            104  sun.security.ec.SunEC (jdk.crypto.ec@17.0.6)
 817:             1            104  sun.security.jca.ProviderList$1 (java.base@17.0.6)
 818:             1            104  sun.security.jgss.SunProvider (java.security.jgss@17.0.6)
 819:             1            104  sun.security.provider.Sun (java.base@17.0.6)
 820:             1            104  sun.security.provider.certpath.ldap.JdkLDAP (java.naming@17.0.6)
 821:             1            104  sun.security.rsa.SunRsaSign (java.base@17.0.6)
 822:             1            104  sun.security.ssl.SunJSSE (java.base@17.0.6)
 823:             2             96  [Lsun.security.provider.certpath.OCSPResponse$ResponseStatus; (java.base@17.0.6)
 824:             1             96  [Lsun.util.locale.BaseLocale; (java.base@17.0.6)
 825:             1             96  [[Ljava.lang.Byte; (java.base@17.0.6)
 826:             4             96  com.jetbrains.toolbox.ActionProgress$ProgressType
 827:             6             96  com.jetbrains.toolbox.BuildNumber
 828:             4             96  com.jetbrains.toolbox.InstallItem
 829:             1             96  com.jetbrains.toolbox.UpdateManagerImpl
 830:             4             96  com.jetbrains.toolbox.WindowsFileAssociationsUpdater$Companion$CheckResult
 831:             6             96  com.jetbrains.toolbox.datamodel.CustomNamesModel
 832:             4             96  com.jetbrains.toolbox.datamodel.HistoryAction
 833:             4             96  com.jetbrains.toolbox.datamodel.IntelliJModel
 834:             4             96  com.jetbrains.toolbox.intellij.notification.IdeUpdateAvailableNotification
 835:             4             96  com.jetbrains.toolbox.intellij.notification.IntelliJUpdateNotifier$IdeNotificationState
 836:             2             96  com.jetbrains.toolbox.intellij.notification.processor.IdeUpdateNotificationProcessor$doSendNotificationAndWait$1
 837:             2             96  com.jetbrains.toolbox.managers.ServiceManagerImpl$serviceInstances$1$1$1
 838:             4             96  com.jetbrains.toolbox.util.DerivedStateFlow
 839:             4             96  com.jetbrains.toolbox.util.DerivedStateFlowKt$mapState$$inlined$map$1
 840:             4             96  com.jetbrains.toolbox.util.DerivedStateFlowKt$mapState$1
 841:             6             96  com.sun.jna.CallbackReference$CallbackReferenceDisposer
 842:             3             96  com.sun.jna.Memory
 843:             2             96  com.sun.jna.NativeLibrary$1
 844:             3             96  com.sun.org.apache.xerces.internal.utils.XMLSecurityManager$NameMap (java.xml@17.0.6)
 845:             4             96  java.awt.Queue (java.desktop@17.0.6)
 846:             4             96  java.awt.desktop.UserSessionEvent$Reason (java.desktop@17.0.6)
 847:             3             96  java.io.FileOutputStream (java.base@17.0.6)
 848:             3             96  java.lang.ClassValue$Entry (java.base@17.0.6)
 849:             3             96  java.lang.Runtime$Version (java.base@17.0.6)
 850:             3             96  java.lang.constant.DynamicConstantDesc$AnonymousDynamicConstantDesc (java.base@17.0.6)
 851:             3             96  java.lang.invoke.SimpleMethodHandle (java.base@17.0.6)
 852:             4             96  java.lang.module.ModuleDescriptor$Modifier (java.base@17.0.6)
 853:             4             96  java.lang.module.ModuleDescriptor$Opens (java.base@17.0.6)
 854:             4             96  java.lang.module.ModuleDescriptor$Requires$Modifier (java.base@17.0.6)
 855:             3             96  java.nio.DirectByteBuffer$Deallocator (java.base@17.0.6)
 856:             4             96  java.nio.file.FileVisitResult (java.base@17.0.6)
 857:             4             96  java.text.Normalizer$Form (java.base@17.0.6)
 858:             4             96  java.time.format.DateTimeFormatterBuilder$OffsetIdPrinterParser (java.base@17.0.6)
 859:             4             96  java.time.format.DateTimeFormatterBuilder$SettingsParser (java.base@17.0.6)
 860:             3             96  java.util.ArrayList$Itr (java.base@17.0.6)
 861:             3             96  java.util.HexFormat (java.base@17.0.6)
 862:             3             96  java.util.Stack (java.base@17.0.6)
 863:             6             96  java.util.concurrent.ConcurrentHashMap$ValuesView (java.base@17.0.6)
 864:             4             96  java.util.concurrent.ConcurrentSkipListMap$Node (java.base@17.0.6)
 865:             6             96  java.util.concurrent.SynchronousQueue$TransferStack (java.base@17.0.6)
 866:             3             96  java.util.concurrent.locks.AbstractQueuedSynchronizer$ExclusiveNode (java.base@17.0.6)
 867:             2             96  java.util.concurrent.locks.ReentrantReadWriteLock$NonfairSync (java.base@17.0.6)
 868:             2             96  java.util.prefs.WindowsPreferences (java.prefs@17.0.6)
 869:             4             96  java.util.regex.Pattern$$Lambda$95/0x0000000100272d48 (java.base@17.0.6)
 870:             4             96  java.util.regex.Pattern$Qtype (java.base@17.0.6)
 871:             4             96  java.util.stream.StreamShape (java.base@17.0.6)
 872:             2             96  jdk.internal.icu.util.CodePointTrie$Fast16 (java.base@17.0.6)
 873:             1             96  jdk.internal.jimage.ImageReader$SharedImageReader (java.base@17.0.6)
 874:             3             96  jdk.internal.loader.BuiltinClassLoader$1 (java.base@17.0.6)
 875:             6             96  jdk.internal.loader.ClassLoaderValue (java.base@17.0.6)
 876:             4             96  jdk.internal.logger.BootstrapLogger$LoggingBackend (java.base@17.0.6)
 877:             4             96  jdk.internal.math.FormattedFloatingDecimal$Form (java.base@17.0.6)
 878:             4             96  kotlin.collections.State
 879:             4             96  kotlin.jvm.internal.Ref$LongRef
 880:             4             96  kotlinx.coroutines.CoroutineStart
 881:             6             96  kotlinx.coroutines.DisposeOnCancel
 882:             3             96  kotlinx.coroutines.channels.ConflatedChannel
 883:             4             96  kotlinx.coroutines.flow.FlowKt__DelayKt$debounce$2
 884:             2             96  kotlinx.coroutines.flow.FlowKt__ZipKt$combine$1$1
 885:             4             96  kotlinx.coroutines.flow.internal.CombineKt$combineInternal$2$1$1
 886:             2             96  kotlinx.coroutines.sync.SemaphoreImpl
 887:             4             96  kotlinx.serialization.internal.LinkedHashMapSerializer
 888:             4             96  kotlinx.serialization.json.internal.WriteMode
 889:             4             96  okhttp3.ConnectionSpec
 890:             3             96  okhttp3.RequestBody$Companion$toRequestBody$2
 891:             3             96  okhttp3.internal.concurrent.TaskQueue
 892:             2             96  okhttp3.internal.connection.RealCall$timeout$1
 893:             2             96  okhttp3.internal.connection.RouteSelector
 894:             4             96  okio.RealBufferedSource
 895:             1             96  sun.font.AttributeValues (java.desktop@17.0.6)
 896:             4             96  sun.java2d.StateTrackable$State (java.desktop@17.0.6)
 897:             6             96  sun.java2d.pipe.AAShapePipe (java.desktop@17.0.6)
 898:             6             96  sun.java2d.pipe.TextRenderer (java.desktop@17.0.6)
 899:             3             96  sun.net.spi.DefaultProxySelector$NonProxyInfo (java.base@17.0.6)
 900:             3             96  sun.reflect.annotation.AnnotationType (java.base@17.0.6)
 901:             6             96  sun.security.ssl.Authenticator$TLS10Authenticator (java.base@17.0.6)
 902:             6             96  sun.security.ssl.Authenticator$TLS13Authenticator (java.base@17.0.6)
 903:             3             96  sun.security.ssl.CipherSuite$HashAlg (java.base@17.0.6)
 904:             4             96  sun.security.ssl.CipherType (java.base@17.0.6)
 905:             3             96  sun.security.ssl.ECPointFormatsExtension$ECPointFormat (java.base@17.0.6)
 906:             6             96  sun.security.ssl.HandshakeHash$CacheOnlyHash (java.base@17.0.6)
 907:             3             96  sun.security.ssl.SSLTrafficKeyDerivation$KeySchedule (java.base@17.0.6)
 908:             3             96  sun.security.ssl.SignatureScheme$SigAlgParamSpec (java.base@17.0.6)
 909:             6             96  sun.security.ssl.X509Authentication$X509PossessionGenerator (java.base@17.0.6)
 910:             3             96  sun.security.util.DisabledAlgorithmConstraints (java.base@17.0.6)
 911:             4             96  sun.security.util.DisabledAlgorithmConstraints$UsageConstraint (java.base@17.0.6)
 912:             3             88  [Ljava.net.InetAddress; (java.base@17.0.6)
 913:             1             88  [Lsun.security.ssl.CipherSuite$KeyExchange; (java.base@17.0.6)
 914:             1             88  com.sun.imageio.plugins.bmp.BMPImageReaderSpi (java.desktop@17.0.6)
 915:             1             88  com.sun.imageio.plugins.bmp.BMPImageWriterSpi (java.desktop@17.0.6)
 916:             1             88  com.sun.imageio.plugins.gif.GIFImageReaderSpi (java.desktop@17.0.6)
 917:             1             88  com.sun.imageio.plugins.gif.GIFImageWriterSpi (java.desktop@17.0.6)
 918:             1             88  com.sun.imageio.plugins.jpeg.JPEGImageReaderSpi (java.desktop@17.0.6)
 919:             1             88  com.sun.imageio.plugins.jpeg.JPEGImageWriterSpi (java.desktop@17.0.6)
 920:             1             88  com.sun.imageio.plugins.png.PNGImageReaderSpi (java.desktop@17.0.6)
 921:             1             88  com.sun.imageio.plugins.png.PNGImageWriterSpi (java.desktop@17.0.6)
 922:             1             88  com.sun.imageio.plugins.tiff.TIFFImageReaderSpi (java.desktop@17.0.6)
 923:             1             88  com.sun.imageio.plugins.tiff.TIFFImageWriterSpi (java.desktop@17.0.6)
 924:             1             88  com.sun.imageio.plugins.wbmp.WBMPImageReaderSpi (java.desktop@17.0.6)
 925:             1             88  com.sun.imageio.plugins.wbmp.WBMPImageWriterSpi (java.desktop@17.0.6)
 926:             1             88  com.sun.jna.platform.win32.WinCrypt$CERT_CONTEXT$ByReference
 927:             2             80  [Ljava.lang.OutOfMemoryError; (java.base@17.0.6)
 928:             1             80  [Ljava.text.DateFormat; (java.base@17.0.6)
 929:             1             80  [Ljava.time.temporal.ChronoUnit; (java.base@17.0.6)
 930:             1             80  [Ljava.util.concurrent.atomic.AtomicReference; (java.base@17.0.6)
 931:             2             80  [Ljava.util.stream.StreamOpFlag$Type; (java.base@17.0.6)
 932:             1             80  [Lkotlinx.coroutines.internal.ThreadSafeHeapNode;
 933:             2             80  [Lorg.tinylog.Level;
 934:             1             80  [Lsun.security.ssl.SSLCipher; (java.base@17.0.6)
 935:             2             80  androidx.compose.runtime.snapshots.SnapshotIdSet
 936:             2             80  com.jetbrains.toolbox.BackgroundTaskScheduler$runAndSchedule$2
 937:             1             80  com.jetbrains.toolbox.LocalApplications
 938:             2             80  com.jetbrains.toolbox.UpdateInfo
 939:             1             80  com.jetbrains.toolbox.Webserver
 940:             1             80  com.jetbrains.toolbox.datamodel.SelfSettings
 941:             5             80  com.jetbrains.toolbox.datamodel.project.IconId
 942:             5             80  com.jetbrains.toolbox.feed.DataUrl
 943:             2             80  com.jetbrains.toolbox.intellij.notification.processor.NotificationProcessor$showNotification$1
 944:             2             80  com.jetbrains.toolbox.managers.ServiceManagerImpl$serviceInstances$1$1$1$1
 945:             1             80  com.jetbrains.toolbox.projects.local.IntelliJProjectSource
 946:             1             80  java.awt.EventQueue (java.desktop@17.0.6)
 947:             2             80  java.io.PrintStream (java.base@17.0.6)
 948:             2             80  java.lang.ModuleLayer (java.base@17.0.6)
 949:             2             80  java.lang.invoke.VarHandleReferences$FieldStaticReadWrite (java.base@17.0.6)
 950:             2             80  java.lang.module.Configuration (java.base@17.0.6)
 951:             5             80  java.nio.channels.FileChannel$MapMode (java.base@17.0.6)
 952:             2             80  java.text.DigitList (java.base@17.0.6)
 953:             2             80  java.time.format.DateTimeFormatterBuilder$FractionPrinterParser (java.base@17.0.6)
 954:             2             80  java.util.Collections$SingletonMap (java.base@17.0.6)
 955:             5             80  java.util.IdentityHashMap$KeySet (java.base@17.0.6)
 956:             2             80  java.util.Locale$Category (java.base@17.0.6)
 957:             2             80  java.util.regex.Pattern$Loop (java.base@17.0.6)
 958:             2             80  jdk.internal.icu.impl.Trie2$UTrie2Header (java.base@17.0.6)
 959:             2             80  kotlin.jvm.internal.PropertyReference0Impl
 960:             2             80  kotlinx.coroutines.InvokeOnCancelling
 961:             2             80  kotlinx.coroutines.sync.SemaphoreSegment
 962:             5             80  kotlinx.serialization.json.JsonElementSerializersKt$defer$1
 963:             2             80  okhttp3.Dispatcher
 964:             2             80  okhttp3.internal.connection.Exchange
 965:             2             80  okhttp3.internal.connection.Exchange$ResponseBodySource
 966:             2             80  okhttp3.internal.http1.Http1ExchangeCodec
 967:             2             80  okhttp3.internal.http1.Http1ExchangeCodec$ChunkedSource
 968:             2             80  okio.ForwardingTimeout
 969:             2             80  sun.awt.resources.awt_ko (java.desktop@17.0.6)
 970:             2             80  sun.java2d.pipe.Region (java.desktop@17.0.6)
 971:             2             80  sun.security.ec.XECParameters (jdk.crypto.ec@17.0.6)
 972:             5             80  sun.security.ssl.SSLCipher$T10BlockReadCipherGenerator (java.base@17.0.6)
 973:             5             80  sun.security.ssl.SSLCipher$T10BlockWriteCipherGenerator (java.base@17.0.6)
 974:             1             80  sun.util.cldr.CLDRLocaleProviderAdapter (java.base@17.0.6)
 975:             1             80  sun.util.locale.provider.JRELocaleProviderAdapter (java.base@17.0.6)
 976:             1             72  [Lcom.jetbrains.toolbox.datamodel.UILanguage;
 977:             1             72  [Ljava.lang.reflect.Field; (java.base@17.0.6)
 978:             2             72  [Ljava.util.Locale; (java.base@17.0.6)
 979:             3             72  [Ljava.util.concurrent.ConcurrentHashMap$CounterCell; (java.base@17.0.6)
 980:             1             72  [Ljavax.imageio.ImageTypeSpecifier; (java.desktop@17.0.6)
 981:             1             72  [Lorg.tinylog.pattern.Token;
 982:             3             72  [Lsun.security.ssl.EphemeralKeyManager$EphemeralKeyPair; (java.base@17.0.6)
 983:             3             72  com.jetbrains.fus.reporting.schema.BooleanEventField
 984:             3             72  com.jetbrains.fus.reporting.schema.EventId
 985:             3             72  com.jetbrains.fus.reporting.schema.StringEventField$ValidatedByAllowedValues
 986:             3             72  com.jetbrains.toolbox.AcceptionLevels
 987:             3             72  com.jetbrains.toolbox.EvictingQueue
 988:             3             72  com.jetbrains.toolbox.InAppNotificationDuration
 989:             3             72  com.jetbrains.toolbox.InstallPatchSequence
 990:             1             72  com.jetbrains.toolbox.Storage
 991:             3             72  com.jetbrains.toolbox.Tab
 992:             3             72  com.jetbrains.toolbox.WindowsFileAssociationsUpdater$WindowsAssociations$OpenableAppRegistration
 993:             1             72  com.jetbrains.toolbox.datamodel.InternalSettings
 994:             3             72  com.jetbrains.toolbox.datamodel.Theme
 995:             3             72  com.jetbrains.toolbox.datamodel.ToolUpdateFilter
 996:             3             72  com.jetbrains.toolbox.datamodel.ToolUpdateVersion
 997:             3             72  com.jetbrains.toolbox.feed.LicenseAgreement
 998:             3             72  com.jetbrains.toolbox.feed.RemoteOs
 999:             3             72  com.jetbrains.toolbox.feed.Vendor
1000:             3             72  com.jetbrains.toolbox.fus.FusEnums$Account
1001:             3             72  com.jetbrains.toolbox.fus.FusEnums$ToolSettingsField
1002:             1             72  com.jetbrains.toolbox.interop.cef.NativeGUIProcessKt$createToolboxServices$8$1
1003:             3             72  com.jetbrains.toolbox.manager.TechnicalOnboardingSteps
1004:             1             72  com.jetbrains.toolbox.managers.ToolManagerImpl
1005:             3             72  com.jetbrains.toolbox.util.FlowKt$onChange$3
1006:             3             72  com.sun.crypto.provider.TlsMasterSecretGenerator$TlsMasterSecretKey (java.base@17.0.6)
1007:             1             72  com.sun.jna.platform.win32.WinCrypt$CERT_PUBLIC_KEY_INFO
1008:             3             72  java.awt.EventFilter$FilterAction (java.desktop@17.0.6)
1009:             1             72  java.awt.geom.AffineTransform (java.desktop@17.0.6)
1010:             3             72  java.io.OutputStreamWriter (java.base@17.0.6)
1011:             3             72  java.lang.StringBuilder (java.base@17.0.6)
1012:             3             72  java.lang.WeakPairMap (java.base@17.0.6)
1013:             3             72  java.lang.annotation.RetentionPolicy (java.base@17.0.6)
1014:             1             72  java.lang.invoke.BoundMethodHandle$Species_LLLLLLLLLL (java.base@17.0.6)
1015:             3             72  java.lang.invoke.VarHandle$TypesAndInvokers (java.base@17.0.6)
1016:             3             72  java.lang.invoke.VarHandle$VarHandleDesc$Kind (java.base@17.0.6)
1017:             3             72  java.lang.invoke.VarHandleByteArrayAsInts$ArrayHandle (java.base@17.0.6)
1018:             3             72  java.net.Proxy$Type (java.base@17.0.6)
1019:             3             72  java.net.StandardProtocolFamily (java.base@17.0.6)
1020:             3             72  java.nio.file.AccessMode (java.base@17.0.6)
1021:             3             72  java.nio.file.FileTreeWalker$EventType (java.base@17.0.6)
1022:             3             72  java.security.DrbgParameters$Capability (java.base@17.0.6)
1023:             3             72  java.security.SecurityPermission (java.base@17.0.6)
1024:             3             72  java.time.ZoneRegion (java.base@17.0.6)
1025:             3             72  java.time.format.ResolverStyle (java.base@17.0.6)
1026:             3             72  java.util.Base64$Encoder (java.base@17.0.6)
1027:             3             72  java.util.concurrent.ConcurrentLinkedDeque$Node (java.base@17.0.6)
1028:             3             72  java.util.regex.Pattern$StartS (java.base@17.0.6)
1029:             3             72  java.util.stream.Collector$Characteristics (java.base@17.0.6)
1030:             3             72  java.util.stream.MatchOps$MatchKind (java.base@17.0.6)
1031:             3             72  jdk.internal.icu.util.CodePointTrie$ValueWidth (java.base@17.0.6)
1032:             3             72  jdk.internal.math.FloatingDecimal$ExceptionalBinaryToASCIIBuffer (java.base@17.0.6)
1033:             3             72  kotlin.LazyThreadSafetyMode
1034:             3             72  kotlin.coroutines.intrinsics.CoroutineSingletons
1035:             3             72  kotlinx.coroutines.channels.BufferOverflow
1036:             3             72  kotlinx.serialization.descriptors.SerialDescriptorImpl$_hashCode$2
1037:             3             72  name.kropp.kotlinx.gettext.PoData
1038:             3             72  okhttp3.CertificatePinner
1039:             3             72  okhttp3.internal.Util$$Lambda$92/0x0000000100282e08
1040:             3             72  org.tinylog.pattern.SizeToken
1041:             3             72  sun.awt.AppContext$State (java.desktop@17.0.6)
1042:             1             72  sun.awt.windows.WToolkit (java.desktop@17.0.6)
1043:             3             72  sun.java2d.StateTrackableDelegate (java.desktop@17.0.6)
1044:             1             72  sun.nio.ch.FileChannelImpl (java.base@17.0.6)
1045:             3             72  sun.nio.ch.Util$BufferCache (java.base@17.0.6)
1046:             3             72  sun.security.provider.certpath.OCSP$RevocationStatus$CertStatus (java.base@17.0.6)
1047:             3             72  sun.security.ssl.ClientAuthType (java.base@17.0.6)
1048:             3             72  sun.security.ssl.EphemeralKeyManager (java.base@17.0.6)
1049:             3             72  sun.security.ssl.SSLMasterKeyDerivation (java.base@17.0.6)
1050:             1             64  [Lcom.sun.jna.platform.win32.ShlObj$KNOWN_FOLDER_FLAG;
1051:             2             64  [Lcom.sun.org.apache.xerces.internal.utils.XMLSecurityPropertyManager$State; (java.xml@17.0.6)
1052:             2             64  [Ljava.lang.annotation.RetentionPolicy; (java.base@17.0.6)
1053:             2             64  [Ljava.lang.invoke.LambdaFormEditor$Transform; (java.base@17.0.6)
1054:             1             64  [Ljava.lang.invoke.MethodHandleImpl$Intrinsic; (java.base@17.0.6)
1055:             2             64  [Ljava.nio.charset.CoderResult; (java.base@17.0.6)
1056:             2             64  [Ljava.util.stream.Collector$Characteristics; (java.base@17.0.6)
1057:             2             64  [Lokhttp3.Protocol;
1058:             2             64  [Lsun.security.jca.ProviderConfig; (java.base@17.0.6)
1059:             2             64  [Lsun.security.ssl.SSLTrafficKeyDerivation$KeySchedule; (java.base@17.0.6)
1060:             1             64  com.jetbrains.toolbox.OnboardingManagerImpl
1061:             2             64  com.jetbrains.toolbox.intellij.notification.processor.IdeResponseManager$postNotificationToIntelliJServer$2$1
1062:             1             64  com.jetbrains.toolbox.interop.cef.NativeGUIProcessKt$createToolboxServices$14$1
1063:             1             64  com.jetbrains.toolbox.interop.cef.NativeGUIProcessKt$createToolboxServices$8
1064:             2             64  com.jetbrains.toolbox.projects.local.helper.IntellijProjectDetector$ImageFormat
1065:             2             64  com.sun.org.apache.xerces.internal.utils.XMLSecurityPropertyManager$Property (java.xml@17.0.6)
1066:             2             64  java.awt.color.ICC_Profile (java.desktop@17.0.6)
1067:             2             64  java.awt.color.ICC_ProfileRGB (java.desktop@17.0.6)
1068:             2             64  java.io.BufferedOutputStream (java.base@17.0.6)
1069:             2             64  java.lang.StringBuffer (java.base@17.0.6)
1070:             2             64  java.lang.ref.ReferenceQueue$Null (java.base@17.0.6)
1071:             2             64  java.net.Inet6Address$Inet6AddressHolder (java.base@17.0.6)
1072:             4             64  java.security.spec.NamedParameterSpec (java.base@17.0.6)
1073:             2             64  java.time.format.DateTimeFormatterBuilder$TextPrinterParser (java.base@17.0.6)
1074:             2             64  java.time.temporal.IsoFields$Unit (java.base@17.0.6)
1075:             4             64  java.util.concurrent.ConcurrentHashMap$EntrySetView (java.base@17.0.6)
1076:             1             64  java.util.logging.LogManager$RootLogger (java.logging@17.0.6)
1077:             4             64  jdk.internal.util.Preconditions$1 (java.base@17.0.6)
1078:             4             64  kotlin.collections.ArraysKt___ArraysKt$asIterable$$inlined$Iterable$1
1079:             2             64  kotlinx.coroutines.ThreadState
1080:             2             64  kotlinx.coroutines.flow.ChannelFlowBuilder
1081:             4             64  kotlinx.coroutines.flow.FlowKt__DelayKt$debounceInternal$1$values$1$1
1082:             1             64  kotlinx.coroutines.scheduling.CoroutineScheduler
1083:             2             64  kotlinx.coroutines.scheduling.TaskImpl
1084:             4             64  kotlinx.serialization.internal.InlineClassDescriptorKt$InlinePrimitiveDescriptor$1
1085:             2             64  okhttp3.MediaType
1086:             2             64  okhttp3.internal.connection.RealCall$CallReference
1087:             2             64  okhttp3.internal.http.RealResponseBody
1088:             2             64  sun.awt.SoftCache (java.desktop@17.0.6)
1089:             2             64  sun.java2d.ReentrantContextProviderTL$1 (java.desktop@17.0.6)
1090:             1             64  sun.java2d.loops.RenderCache$1 (java.desktop@17.0.6)
1091:             1             64  sun.security.provider.SHA5$SHA512 (java.base@17.0.6)
1092:             2             64  sun.security.provider.certpath.ResponderId$Type (java.base@17.0.6)
1093:             1             64  sun.security.provider.certpath.ldap.JdkLDAP$ProviderService (java.naming@17.0.6)
1094:             2             64  sun.security.rsa.RSAUtil$KeyType (java.base@17.0.6)
1095:             2             64  sun.security.ssl.Alert$Level (java.base@17.0.6)
1096:             2             64  sun.security.ssl.CertStatusExtension$CertStatusRequestType (java.base@17.0.6)
1097:             2             64  sun.security.ssl.CertStatusExtension$OCSPStatusRequest (java.base@17.0.6)
1098:             2             64  sun.security.ssl.PskKeyExchangeModesExtension$PskKeyExchangeMode (java.base@17.0.6)
1099:             4             64  sun.security.ssl.SSLCipher$T11BlockReadCipherGenerator (java.base@17.0.6)
1100:             4             64  sun.security.ssl.SSLCipher$T11BlockWriteCipherGenerator (java.base@17.0.6)
1101:             2             64  sun.security.util.DisabledAlgorithmConstraints$DenyAfterConstraint (java.base@17.0.6)
1102:             1             56  [Lcom.jetbrains.toolbox.ModelUpdateReason;
1103:             1             56  [Lcom.jetbrains.toolbox.feed.ApplicationPackageType;
1104:             1             56  [Lcom.sun.org.apache.xerces.internal.impl.XMLScanner$NameType; (java.xml@17.0.6)
1105:             1             56  [Lcom.sun.org.apache.xerces.internal.utils.XMLSecurityManager$Limit; (java.xml@17.0.6)
1106:             1             56  [Ljava.lang.Runnable; (java.base@17.0.6)
1107:             1             56  [Ljava.nio.file.StandardOpenOption; (java.base@17.0.6)
1108:             2             56  [Lkotlinx.serialization.descriptors.SerialDescriptor;
1109:             1             56  androidx.compose.runtime.snapshots.GlobalSnapshot
1110:             1             56  com.jetbrains.toolbox.ApplicationManagerImpl$4$1
1111:             1             56  com.jetbrains.toolbox.ApplicationsRefresher
1112:             1             56  com.jetbrains.toolbox.CertificateManagerImpl
1113:             1             56  com.jetbrains.toolbox.JetBrainsAnalyticsImpl$3
1114:             1             56  com.jetbrains.toolbox.UpdateManagerImpl$3$1
1115:             1             56  com.jetbrains.toolbox.enterprise.EnterpriseApplicationHandler
1116:             1             56  com.jetbrains.toolbox.i18n.LocalizationApplicationHandler$1$2
1117:             1             56  com.jetbrains.toolbox.interop.cef.NativeGUIProcessKt$createToolboxServices$10
1118:             1             56  com.jetbrains.toolbox.interop.cef.NativeGUIProcessKt$createToolboxServices$14
1119:             1             56  com.jetbrains.toolbox.interop.cef.NativeGUIProcessKt$createToolboxServices$15
1120:             1             56  com.jetbrains.toolbox.interop.cef.NativeGUIProcessKt$createToolboxServices$5
1121:             1             56  com.jetbrains.toolbox.interop.cef.NativeGUIProcessKt$createToolboxServices$5$1
1122:             1             56  com.jetbrains.toolbox.projects.ProjectManagerImpl
1123:             1             56  com.jetbrains.toolbox.projects.local.VisualStudioProjectSource
1124:             1             56  com.jetbrains.toolbox.projects.remote.SpaceProjectSource
1125:             1             56  com.jetbrains.toolbox.services.SpaceServiceGeneratorImpl
1126:             1             56  compose.SnackbarManagerImpl$showSnackbar$1
1127:             1             56  java.lang.invoke.BoundMethodHandle$Specializer (java.base@17.0.6)
1128:             1             56  java.lang.invoke.BoundMethodHandle$Species_LLLLLL (java.base@17.0.6)
1129:             1             56  java.net.SocketPermission (java.base@17.0.6)
1130:             1             56  java.security.cert.PKIXBuilderParameters (java.base@17.0.6)
1131:             1             56  java.util.ServiceLoader (java.base@17.0.6)
1132:             1             56  java.util.logging.LogManager (java.logging@17.0.6)
1133:             1             56  jdk.internal.org.objectweb.asm.Label (java.base@17.0.6)
1134:             1             56  org.tinylog.kotlin.TaggedLogger
1135:             1             56  sun.awt.AppContext (java.desktop@17.0.6)
1136:             1             56  sun.java2d.NullSurfaceData (java.desktop@17.0.6)
1137:             1             56  sun.security.validator.PKIXValidator (java.base@17.0.6)
1138:             1             48  [Lcom.intellij.internal.statistic.eventLog.validator.ValidationResultType;
1139:             1             48  [Lcom.jetbrains.toolbox.ProtocolHandler;
1140:             1             48  [Lcom.jetbrains.toolbox.datamodel.project.ProjectSourceUpdateReason;
1141:             1             48  [Lcom.jetbrains.toolbox.fus.FusEnums$NotificationType;
1142:             1             48  [Lcom.jetbrains.toolbox.fus.FusEnums$ToolboxSettingsField;
1143:             1             48  [Ljava.lang.System$Logger$Level; (java.base@17.0.6)
1144:             1             48  [Ljava.math.RoundingMode; (java.base@17.0.6)
1145:             2             48  [Ljava.nio.file.FileVisitOption; (java.base@17.0.6)
1146:             2             48  [Ljava.util.Enumeration; (java.base@17.0.6)
1147:             1             48  [Ljava.util.concurrent.TimeUnit; (java.base@17.0.6)
1148:             1             48  [Lkotlin.text.RegexOption;
1149:             1             48  [Lkotlin.time.DurationUnit;
1150:             2             48  [Lsun.security.validator.CADistrustPolicy; (java.base@17.0.6)
1151:             1             48  [Lsun.security.x509.NetscapeCertTypeExtension$MapEntry; (java.base@17.0.6)
1152:             2             48  [[Ljava.util.Collection; (java.base@17.0.6)
1153:             2             48  com.intellij.internal.statistic.eventLog.connection.metadata.EventGroupFilterRules$VersionRange
1154:             2             48  com.jetbrains.fus.reporting.schema.EventLogGroup$Type
1155:             2             48  com.jetbrains.fus.reporting.schema.LongEventField
1156:             1             48  com.jetbrains.toolbox.ApplicationFeedDownloader
1157:             2             48  com.jetbrains.toolbox.ApplicationFeedDownloader$ProcessIncludes
1158:             1             48  com.jetbrains.toolbox.ApplicationFeedJSONLoader$feedParser$1$1
1159:             1             48  com.jetbrains.toolbox.ApplicationFeedJSONLoader$feedParser$1$2
1160:             1             48  com.jetbrains.toolbox.ApplicationFeedJSONLoader$feedParser$1$3
1161:             1             48  com.jetbrains.toolbox.ApplicationFeedJSONLoader$feedParser$1$4
1162:             1             48  com.jetbrains.toolbox.ApplicationManagerImpl$5$1
1163:             1             48  com.jetbrains.toolbox.AutoUpdateManager
1164:             1             48  com.jetbrains.toolbox.BackgroundTaskScheduler$1
1165:             1             48  com.jetbrains.toolbox.FeedjetManagerImpl
1166:             1             48  com.jetbrains.toolbox.FleetProtocolHandler
1167:             2             48  com.jetbrains.toolbox.LocalApplicationsHistoryImpl
1168:             1             48  com.jetbrains.toolbox.WindowsFileAssociationsUpdater$1$1
1169:             1             48  com.jetbrains.toolbox.WindowsFileAssociationsUpdater$2$2
1170:             1             48  com.jetbrains.toolbox.accounts.AccountManagerImpl
1171:             1             48  com.jetbrains.toolbox.datamodel.ModelHolder
1172:             2             48  com.jetbrains.toolbox.datamodel.RepoType
1173:             3             48  com.jetbrains.toolbox.datamodel.ToolUpdateQuality
1174:             2             48  com.jetbrains.toolbox.datamodel.project.ProjectsModel
1175:             1             48  com.jetbrains.toolbox.enterprise.EnterpriseAppVersionChecker$1
1176:             2             48  com.jetbrains.toolbox.feed.Authenticator
1177:             2             48  com.jetbrains.toolbox.feed.PatchFormat
1178:             2             48  com.jetbrains.toolbox.feed.RemoteOs$serialName$2
1179:             1             48  com.jetbrains.toolbox.fus.Fus$Counters$Extension$Navigate$1
1180:             1             48  com.jetbrains.toolbox.fus.Fus$Counters$Extension$Project$1
1181:             1             48  com.jetbrains.toolbox.fus.Fus$Counters$IdeIntegration$Notification$1
1182:             1             48  com.jetbrains.toolbox.fus.Fus$Counters$Performance$Cpu$1
1183:             1             48  com.jetbrains.toolbox.fus.Fus$Counters$Performance$Memory$1
1184:             1             48  com.jetbrains.toolbox.fus.Fus$Counters$Skia$DeviceAfterFirstFrameRender$1
1185:             1             48  com.jetbrains.toolbox.fus.Fus$Counters$Skia$DeviceBeforeFirstFrameRender$1
1186:             1             48  com.jetbrains.toolbox.fus.Fus$Counters$Skia$DeviceContextInit$1
1187:             1             48  com.jetbrains.toolbox.fus.Fus$Counters$Skia$DeviceInit$1
1188:             1             48  com.jetbrains.toolbox.fus.Fus$Counters$Skia$RendererDeviceChosen$1
1189:             1             48  com.jetbrains.toolbox.fus.Fus$Counters$Skia$RendererInit$1
1190:             1             48  com.jetbrains.toolbox.fus.Fus$Counters$ToolAction$Downgrade$1
1191:             1             48  com.jetbrains.toolbox.fus.Fus$Counters$ToolAction$Install$1
1192:             1             48  com.jetbrains.toolbox.fus.Fus$Counters$ToolAction$Reinstall$1
1193:             1             48  com.jetbrains.toolbox.fus.Fus$Counters$ToolAction$Rollback$1
1194:             1             48  com.jetbrains.toolbox.fus.Fus$Counters$ToolAction$SkipUpdate$1
1195:             1             48  com.jetbrains.toolbox.fus.Fus$Counters$ToolAction$Uninstall$1
1196:             1             48  com.jetbrains.toolbox.fus.Fus$Counters$ToolAction$Update$1
1197:             1             48  com.jetbrains.toolbox.fus.Fus$States$Common$InstalledTools$1
1198:             1             48  com.jetbrains.toolbox.fus.Fus$States$Common$LocalProjectCount$1
1199:             1             48  com.jetbrains.toolbox.fus.Fus$States$Common$RemoteProjectCount$1
1200:             1             48  com.jetbrains.toolbox.fus.Fus$States$Settings$Tools$1
1201:             2             48  com.jetbrains.toolbox.fus.FusEnums$State
1202:             1             48  com.jetbrains.toolbox.i18n.LocalizationApplicationHandler
1203:             1             48  com.jetbrains.toolbox.intellij.notification.IntelliJUpdateNotifier
1204:             2             48  com.jetbrains.toolbox.interop.Win32Registry$Hive
1205:             1             48  com.jetbrains.toolbox.interop.cef.NativeGUIProcessKt$createToolboxServices$11
1206:             1             48  com.jetbrains.toolbox.interop.cef.NativeGUIProcessKt$createToolboxServices$11$1
1207:             1             48  com.jetbrains.toolbox.interop.cef.NativeGUIProcessKt$createToolboxServices$13
1208:             1             48  com.jetbrains.toolbox.interop.cef.NativeGUIProcessKt$createToolboxServices$13$1
1209:             1             48  com.jetbrains.toolbox.interop.cef.NativeGUIProcessKt$createToolboxServices$15$1$1
1210:             2             48  com.jetbrains.toolbox.manager.Onboarding
1211:             3             48  com.jetbrains.toolbox.projects.ProjectSource$1$1
1212:             1             48  com.jetbrains.toolbox.services.DataloreServiceGeneratorImpl
1213:             1             48  com.jetbrains.toolbox.shell.OSShellLaunchersEvents$2$1
1214:             2             48  com.jetbrains.toolbox.util.CloningMessageDigest
1215:             2             48  com.sun.jna.Structure$NativeStringTracking
1216:             2             48  com.sun.jna.StructureReadContext
1217:             2             48  com.sun.jna.platform.win32.WinCrypt$HCERTSTORE
1218:             1             48  com.sun.jna.win32.W32APIOptions$1
1219:             1             48  com.sun.jna.win32.W32APIOptions$2
1220:             2             48  com.sun.jna.win32.W32APITypeMapper
1221:             3             48  com.sun.org.apache.xerces.internal.impl.dv.dtd.ListDatatypeValidator (java.xml@17.0.6)
1222:             1             48  java.awt.image.DataBufferByte (java.desktop@17.0.6)
1223:             1             48  java.awt.image.SinglePixelPackedSampleModel (java.desktop@17.0.6)
1224:             2             48  java.io.File$PathStatus (java.base@17.0.6)
1225:             2             48  java.lang.ClassValue$Version (java.base@17.0.6)
1226:             2             48  java.lang.CompoundEnumeration (java.base@17.0.6)
1227:             1             48  java.lang.NullPointerException (java.base@17.0.6)
1228:             1             48  java.lang.ProcessEnvironment (java.base@17.0.6)
1229:             1             48  java.lang.ProcessHandleImpl (java.base@17.0.6)
1230:             1             48  java.lang.invoke.BoundMethodHandle$Specializer$Factory (java.base@17.0.6)
1231:             2             48  java.lang.invoke.MethodHandles$Lookup$ClassOption (java.base@17.0.6)
1232:             2             48  java.lang.reflect.ReflectPermission (java.base@17.0.6)
1233:             2             48  java.net.Inet6Address (java.base@17.0.6)
1234:             2             48  java.net.InetSocketAddress$InetSocketAddressHolder (java.base@17.0.6)
1235:             3             48  java.nio.charset.CodingErrorAction (java.base@17.0.6)
1236:             3             48  java.text.AttributedCharacterIterator$Attribute (java.base@17.0.6)
1237:             2             48  java.time.OffsetDateTime (java.base@17.0.6)
1238:             2             48  java.time.ZonedDateTime (java.base@17.0.6)
1239:             2             48  java.time.format.DateTimeFormatterBuilder$1 (java.base@17.0.6)
1240:             2             48  java.time.format.DateTimeFormatterBuilder$ZoneIdPrinterParser (java.base@17.0.6)
1241:             2             48  java.time.format.DateTimeTextProvider$LocaleStore (java.base@17.0.6)
1242:             3             48  java.util.Base64$Decoder (java.base@17.0.6)
1243:             3             48  java.util.Optional (java.base@17.0.6)
1244:             3             48  java.util.ResourceBundle$NoFallbackControl (java.base@17.0.6)
1245:             3             48  java.util.TreeMap$KeySet (java.base@17.0.6)
1246:             3             48  java.util.TreeSet (java.base@17.0.6)
1247:             1             48  java.util.concurrent.ConcurrentSkipListMap (java.base@17.0.6)
1248:             2             48  java.util.concurrent.ConcurrentSkipListMap$Index (java.base@17.0.6)
1249:             1             48  java.util.concurrent.LinkedBlockingQueue (java.base@17.0.6)
1250:             1             48  java.util.concurrent.ThreadPoolExecutor$Worker (java.base@17.0.6)
1251:             3             48  java.util.concurrent.atomic.AtomicBoolean (java.base@17.0.6)
1252:             2             48  java.util.concurrent.locks.ReentrantReadWriteLock (java.base@17.0.6)
1253:             2             48  java.util.logging.Logger$LoggerBundle (java.logging@17.0.6)
1254:             2             48  java.util.logging.LoggingPermission (java.logging@17.0.6)
1255:             3             48  java.util.regex.CharPredicates$$Lambda$87/0x00000001001fb0a8 (java.base@17.0.6)
1256:             3             48  java.util.regex.Pattern$Begin (java.base@17.0.6)
1257:             2             48  java.util.regex.Pattern$CharPredicate$$Lambda$117/0x00000001002f4bf0 (java.base@17.0.6)
1258:             2             48  java.util.regex.Pattern$CharProperty (java.base@17.0.6)
1259:             2             48  java.util.regex.Pattern$Dollar (java.base@17.0.6)
1260:             2             48  java.util.regex.Pattern$Prolog (java.base@17.0.6)
1261:             2             48  javax.crypto.CryptoPermissions (java.base@17.0.6)
1262:             1             48  javax.imageio.ImageTypeSpecifier$Packed (java.desktop@17.0.6)
1263:             2             48  jdk.internal.icu.impl.Norm2AllModes (java.base@17.0.6)
1264:             2             48  jdk.internal.icu.impl.Norm2AllModes$ComposeNormalizer2 (java.base@17.0.6)
1265:             2             48  jdk.internal.icu.impl.Norm2AllModes$Norm2AllModesSingleton (java.base@17.0.6)
1266:             1             48  jdk.internal.icu.impl.UCharacterProperty (java.base@17.0.6)
1267:             2             48  jdk.internal.icu.util.CodePointTrie$Type (java.base@17.0.6)
1268:             3             48  jdk.internal.icu.util.VersionInfo (java.base@17.0.6)
1269:             1             48  jdk.internal.jimage.ImageHeader (java.base@17.0.6)
1270:             2             48  jdk.internal.misc.Signal (java.base@17.0.6)
1271:             2             48  jdk.internal.misc.Signal$NativeHandler (java.base@17.0.6)
1272:             3             48  jdk.internal.module.ServicesCatalog (java.base@17.0.6)
1273:             2             48  kotlin.io.FileWalkDirection
1274:             1             48  kotlin.sequences.SequencesKt___SequencesKt$flatMap$1
1275:             1             48  kotlin.sequences.SequencesKt___SequencesKt$flatMap$2
1276:             1             48  kotlinx.coroutines.DefaultExecutor
1277:             3             48  kotlinx.coroutines.flow.FlowKt__DelayKt$sample$2$values$1$1
1278:             2             48  kotlinx.coroutines.flow.FlowKt__ZipKt$combine$$inlined$unsafeFlow$1
1279:             1             48  kotlinx.coroutines.flow.internal.SafeCollectorKt$emitFun$1
1280:             2             48  kotlinx.coroutines.sync.SemaphoreImpl$onCancellationRelease$1
1281:             2             48  name.kropp.kotlinx.gettext.Gettext
1282:             3             48  okhttp3.ConnectionPool
1283:             2             48  okhttp3.Route
1284:             1             48  okhttp3.internal.concurrent.TaskRunner
1285:             2             48  okhttp3.internal.connection.RouteSelector$Selection
1286:             2             48  okhttp3.internal.http1.HeadersReader
1287:             1             48  okio.AsyncTimeout
1288:             2             48  okio.AsyncTimeout$sink$1
1289:             2             48  okio.AsyncTimeout$source$1
1290:             1             48  okio.Buffer$UnsafeCursor
1291:             2             48  okio.InputStreamSource
1292:             2             48  okio.OutputStreamSink
1293:             2             48  okio.RealBufferedSink
1294:             3             48  org.slf4j.helpers.BasicMarkerFactory
1295:             1             48  org.tinylog.core.TinylogLoggingProvider
1296:             2             48  org.tinylog.format.AdvancedMessageFormatter
1297:             2             48  sun.awt.MostRecentKeyValue (java.desktop@17.0.6)
1298:             3             48  sun.awt.SunDisplayChanger (java.desktop@17.0.6)
1299:             1             48  sun.java2d.SurfaceData$PixelToPgramLoopConverter (java.desktop@17.0.6)
1300:             2             48  sun.java2d.d3d.D3DContext$D3DContextCaps (java.desktop@17.0.6)
1301:             1             48  sun.java2d.pipe.RenderBuffer (java.desktop@17.0.6)
1302:             3             48  sun.java2d.pipe.SpanClipRenderer (java.desktop@17.0.6)
1303:             1             48  sun.nio.ch.FileChannelImpl$DefaultUnmapper (java.base@17.0.6)
1304:             1             48  sun.nio.cs.UTF_8$Encoder (java.base@17.0.6)
1305:             2             48  sun.security.ec.ParametersMap (jdk.crypto.ec@17.0.6)
1306:             2             48  sun.security.jca.ProviderList (java.base@17.0.6)
1307:             2             48  sun.security.jca.ProviderList$3 (java.base@17.0.6)
1308:             3             48  sun.security.rsa.PSSParameters (java.base@17.0.6)
1309:             2             48  sun.security.ssl.SSLAlgorithmConstraints (java.base@17.0.6)
1310:             3             48  sun.security.ssl.SSLCipher$StreamReadCipherGenerator (java.base@17.0.6)
1311:             3             48  sun.security.ssl.SSLCipher$StreamWriteCipherGenerator (java.base@17.0.6)
1312:             3             48  sun.security.util.DisabledAlgorithmConstraints$Constraints (java.base@17.0.6)
1313:             2             48  sun.security.util.DisabledAlgorithmConstraints$jdkCAConstraint (java.base@17.0.6)
1314:             2             48  sun.security.x509.IPAddressName (java.base@17.0.6)
1315:             2             48  sun.util.locale.provider.CurrencyNameProviderImpl (java.base@17.0.6)
1316:             2             48  sun.util.locale.provider.DateFormatProviderImpl (java.base@17.0.6)
1317:             2             48  sun.util.locale.provider.DateFormatSymbolsProviderImpl (java.base@17.0.6)
1318:             2             48  sun.util.locale.provider.DecimalFormatSymbolsProviderImpl (java.base@17.0.6)
1319:             2             48  sun.util.locale.provider.LocaleNameProviderImpl (java.base@17.0.6)
1320:             2             48  sun.util.locale.provider.NumberFormatProviderImpl (java.base@17.0.6)
1321:             1             48  sun.util.resources.TimeZoneNames (java.base@17.0.6)
1322:             1             48  sun.util.resources.TimeZoneNames_en (java.base@17.0.6)
1323:             1             48  sun.util.resources.cldr.TimeZoneNames (java.base@17.0.6)
1324:             1             48  sun.util.resources.cldr.TimeZoneNames_en (java.base@17.0.6)
1325:             1             40  [Lcom.intellij.internal.statistic.eventLog.validator.rules.utils.ValidationRuleProducer;
1326:             1             40  [Lcom.jetbrains.toolbox.datamodel.GraphicsApi;
1327:             1             40  [Lcom.jetbrains.toolbox.datamodel.ProxyType;
1328:             1             40  [Lcom.jetbrains.toolbox.datamodel.project.ProjectsUpdateReason;
1329:             1             40  [Lcom.jetbrains.toolbox.manager.InformationalOnboardingSteps;
1330:             1             40  [Lcom.sun.jna.Structure;
1331:             1             40  [Lcom.sun.org.apache.xerces.internal.util.Status; (java.xml@17.0.6)
1332:             1             40  [Ljava.lang.Thread$State; (java.base@17.0.6)
1333:             1             40  [Ljava.lang.invoke.VarHandle$AccessType; (java.base@17.0.6)
1334:             1             40  [Ljava.time.format.SignStyle; (java.base@17.0.6)
1335:             1             40  [Ljava.time.format.TextStyle; (java.base@17.0.6)
1336:             1             40  [Ljava.util.stream.StreamOpFlag; (java.base@17.0.6)
1337:             1             40  [Ljavax.net.ssl.SSLEngineResult$HandshakeStatus; (java.base@17.0.6)
1338:             1             40  [Lkotlinx.coroutines.scheduling.CoroutineScheduler$WorkerState;
1339:             1             40  [Lname.kropp.kotlinx.gettext.PoData$Key;
1340:             1             40  [Lokhttp3.TlsVersion;
1341:             1             40  [Lokio.ByteString;
1342:             1             40  [Lsun.nio.fs.WindowsPathType; (java.base@17.0.6)
1343:             1             40  [Lsun.security.ssl.CipherSuite$MacAlg; (java.base@17.0.6)
1344:             1             40  [Lsun.security.ssl.ContentType; (java.base@17.0.6)
1345:             1             40  [Lsun.security.ssl.SSLKeyExchange$T12KeyAgreement; (java.base@17.0.6)
1346:             1             40  [Lsun.security.ssl.X509Authentication; (java.base@17.0.6)
1347:             1             40  [Lsun.security.util.DisabledAlgorithmConstraints$Constraint$Operator; (java.base@17.0.6)
1348:             1             40  [Lsun.util.locale.provider.LocaleProviderAdapter$Type; (java.base@17.0.6)
1349:             1             40  [[Ljava.lang.invoke.LambdaForm$Name; (java.base@17.0.6)
1350:             1             40  TrayIcon$6
1351:             1             40  TrayIcon$6$1
1352:             1             40  com.intellij.internal.statistic.eventLog.validator.SimpleValidationRuleStorage
1353:             1             40  com.jetbrains.fus.reporting.schema.EventId3
1354:             1             40  com.jetbrains.toolbox.ActionProgress
1355:             1             40  com.jetbrains.toolbox.ApplicationDiskUsageImpl
1356:             1             40  com.jetbrains.toolbox.ApplicationDiskUsageImpl$1
1357:             1             40  com.jetbrains.toolbox.ApplicationManagerImpl$1
1358:             1             40  com.jetbrains.toolbox.ApplicationManagerImpl$1$1
1359:             1             40  com.jetbrains.toolbox.ApplicationManagerImpl$2
1360:             1             40  com.jetbrains.toolbox.ApplicationManagerImpl$2$1
1361:             1             40  com.jetbrains.toolbox.ApplicationManagerImpl$3
1362:             1             40  com.jetbrains.toolbox.ApplicationManagerImpl$4
1363:             1             40  com.jetbrains.toolbox.ApplicationManagerImpl$5
1364:             1             40  com.jetbrains.toolbox.ApplicationPendingActions
1365:             1             40  com.jetbrains.toolbox.AutoUpdateManager$1
1366:             1             40  com.jetbrains.toolbox.AutoUpdateManager$1$1
1367:             1             40  com.jetbrains.toolbox.DownloadManagerImpl
1368:             1             40  com.jetbrains.toolbox.DownloadManagerImpl$2
1369:             1             40  com.jetbrains.toolbox.DownloadManagerImpl$2$1
1370:             1             40  com.jetbrains.toolbox.DownloadManagerImpl$3
1371:             1             40  com.jetbrains.toolbox.DownloadManagerImpl$3$1
1372:             1             40  com.jetbrains.toolbox.JetBrainsAnalyticsImpl$2
1373:             1             40  com.jetbrains.toolbox.JetBrainsAnalyticsImpl$updateFusAssistant$1
1374:             1             40  com.jetbrains.toolbox.LocalApplications$1
1375:             1             40  com.jetbrains.toolbox.LocalApplications$1$1
1376:             1             40  com.jetbrains.toolbox.OnboardingManagerImpl$1
1377:             1             40  com.jetbrains.toolbox.OnboardingManagerImpl$1$1
1378:             1             40  com.jetbrains.toolbox.ProgressState
1379:             1             40  com.jetbrains.toolbox.RefreshingValue
1380:             1             40  com.jetbrains.toolbox.RemoteApplications
1381:             1             40  com.jetbrains.toolbox.SettingsManagerImpl
1382:             1             40  com.jetbrains.toolbox.SettingsManagerImpl$1
1383:             1             40  com.jetbrains.toolbox.SettingsManagerImpl$1$1
1384:             1             40  com.jetbrains.toolbox.SnackbarInfo
1385:             1             40  com.jetbrains.toolbox.StatisticsManagerImpl$1
1386:             1             40  com.jetbrains.toolbox.StorageManagerImpl$1
1387:             1             40  com.jetbrains.toolbox.UpdateManagerImpl$1
1388:             1             40  com.jetbrains.toolbox.UpdateManagerImpl$1$1
1389:             1             40  com.jetbrains.toolbox.UpdateManagerImpl$2
1390:             1             40  com.jetbrains.toolbox.UpdateManagerImpl$3
1391:             1             40  com.jetbrains.toolbox.WindowsFileAssociationsUpdater
1392:             1             40  com.jetbrains.toolbox.WindowsFileAssociationsUpdater$1
1393:             1             40  com.jetbrains.toolbox.WindowsFileAssociationsUpdater$2
1394:             1             40  com.jetbrains.toolbox.accounts.AccountManagerImpl$1
1395:             1             40  com.jetbrains.toolbox.accounts.AccountManagerImpl$1$1
1396:             1             40  com.jetbrains.toolbox.accounts.AccountManagerImpl$2
1397:             1             40  com.jetbrains.toolbox.accounts.AccountManagerImpl$3
1398:             1             40  com.jetbrains.toolbox.accounts.AccountManagerImpl$accounts$1
1399:             1             40  com.jetbrains.toolbox.accounts.oauth.jba.JetBrainsAccountProviderImpl$urls$2
1400:             1             40  com.jetbrains.toolbox.datamodel.ModelHolder$1
1401:             1             40  com.jetbrains.toolbox.datamodel.ModelHolder$1$1
1402:             1             40  com.jetbrains.toolbox.datamodel.ProxySettings
1403:             1             40  com.jetbrains.toolbox.enterprise.EnterpriseAppVersionChecker$1$2
1404:             1             40  com.jetbrains.toolbox.enterprise.EnterpriseAppVersionChecker$2
1405:             1             40  com.jetbrains.toolbox.enterprise.EnterpriseAppVersionChecker$2$1
1406:             1             40  com.jetbrains.toolbox.enterprise.EnterpriseApplicationHandler$1
1407:             1             40  com.jetbrains.toolbox.enterprise.EnterpriseConfigManagerImpl
1408:             1             40  com.jetbrains.toolbox.enterprise.EnterpriseIntelliJAuthManager
1409:             1             40  com.jetbrains.toolbox.enterprise.ToolboxEnterpriseAccountProviderImpl$2
1410:             1             40  com.jetbrains.toolbox.enterprise.ToolboxEnterpriseAccountProviderImpl$activeAccount$1
1411:             1             40  com.jetbrains.toolbox.i18n.I18nManager$1
1412:             1             40  com.jetbrains.toolbox.i18n.I18nManager$1$2
1413:             1             40  com.jetbrains.toolbox.i18n.LocalizationApplicationHandler$1
1414:             1             40  com.jetbrains.toolbox.i18n.LocalizationApplicationHandler$1$1
1415:             1             40  com.jetbrains.toolbox.intellij.IntelliJPluginsProxyImpl
1416:             1             40  com.jetbrains.toolbox.intellij.IntelliJPluginsProxyImpl$1
1417:             1             40  com.jetbrains.toolbox.intellij.IntelliJPluginsProxyImpl$1$1
1418:             1             40  com.jetbrains.toolbox.intellij.notification.IntelliJUpdateNotifier$2
1419:             1             40  com.jetbrains.toolbox.interop.cef.NativeGUIProcessKt$createToolboxServices$16
1420:             1             40  com.jetbrains.toolbox.interop.cef.NativeGUIProcessKt$createToolboxServices$19
1421:             1             40  com.jetbrains.toolbox.interop.cef.NativeGUIProcessKt$createToolboxServices$9
1422:             1             40  com.jetbrains.toolbox.interop.cef.NativeGUIProcessKt$createToolboxServices$9$1
1423:             1             40  com.jetbrains.toolbox.interop.cef.NativeGUIProcessKt$localToolsProvider$1
1424:             1             40  com.jetbrains.toolbox.interop.cef.NativeGUIProcessKt$localToolsProvider$1$1
1425:             1             40  com.jetbrains.toolbox.managers.ServiceManagerImpl
1426:             1             40  com.jetbrains.toolbox.managers.ServiceManagerImpl$1
1427:             1             40  com.jetbrains.toolbox.managers.ServiceManagerImpl$1$1
1428:             1             40  com.jetbrains.toolbox.managers.ServiceManagerImpl$2$1
1429:             1             40  com.jetbrains.toolbox.managers.ServiceManagerImpl$serviceInstances$1
1430:             1             40  com.jetbrains.toolbox.projects.ProjectManagerImpl$2
1431:             1             40  com.jetbrains.toolbox.projects.local.IntelliJProjectSource$1
1432:             1             40  com.jetbrains.toolbox.projects.local.IntelliJProjectSource$1$1
1433:             1             40  com.jetbrains.toolbox.projects.local.VisualStudioProjectSource$1
1434:             1             40  com.jetbrains.toolbox.projects.local.VisualStudioProjectSource$1$1
1435:             1             40  com.jetbrains.toolbox.projects.remote.SpaceProjectSource$1
1436:             1             40  com.jetbrains.toolbox.projects.remote.SpaceProjectSource$1$1
1437:             1             40  com.jetbrains.toolbox.shell.OSShellLaunchersEvents$1
1438:             1             40  com.jetbrains.toolbox.shell.OSShellLaunchersEvents$1$1
1439:             1             40  com.jetbrains.toolbox.shell.OSShellLaunchersEvents$2
1440:             1             40  com.jetbrains.toolbox.shell.OSShellLaunchersEvents$3
1441:             1             40  com.jetbrains.toolbox.shell.OSShellLaunchersEvents$3$1
1442:             1             40  com.jetbrains.toolbox.shell.ShellEnvironment
1443:             1             40  com.jetbrains.toolbox.theme.ThemeManagerImpl$1
1444:             1             40  com.jetbrains.toolbox.theme.ThemeManagerImpl$1$1
1445:             1             40  com.jetbrains.toolbox.tools.provider.WindowsLocalToolsProvider
1446:             1             40  com.jetbrains.toolbox.tools.provider.WindowsLocalToolsProvider$1
1447:             1             40  com.jetbrains.toolbox.tools.provider.WindowsLocalToolsProvider$1$1
1448:             1             40  com.jetbrains.toolbox.tools.provider.WindowsLocalToolsProvider$1$2
1449:             1             40  com.sun.management.internal.DiagnosticCommandImpl (jdk.management@17.0.6)
1450:             1             40  com.sun.org.apache.xerces.internal.impl.XMLEntityScanner$1 (java.xml@17.0.6)
1451:             1             40  com.sun.org.apache.xerces.internal.jaxp.DocumentBuilderFactoryImpl (java.xml@17.0.6)
1452:             1             40  com.sun.org.apache.xerces.internal.utils.XMLSecurityManager (java.xml@17.0.6)
1453:             1             40  com.sun.xml.internal.stream.util.BufferAllocator (java.xml@17.0.6)
1454:             1             40  compose.SnackbarManagerImpl
1455:             1             40  java.awt.image.BufferedImage (java.desktop@17.0.6)
1456:             1             40  java.io.BufferedInputStream (java.base@17.0.6)
1457:             1             40  java.io.FilePermission (java.base@17.0.6)
1458:             1             40  java.lang.ArithmeticException (java.base@17.0.6)
1459:             1             40  java.lang.ArrayIndexOutOfBoundsException (java.base@17.0.6)
1460:             1             40  java.lang.ClassCastException (java.base@17.0.6)
1461:             1             40  java.lang.VirtualMachineError (java.base@17.0.6)
1462:             1             40  java.lang.invoke.BoundMethodHandle$Species_LLL (java.base@17.0.6)
1463:             1             40  java.lang.invoke.VarHandleInts$FieldStaticReadWrite (java.base@17.0.6)
1464:             1             40  java.lang.invoke.VarHandleReferences$Array (java.base@17.0.6)
1465:             1             40  java.time.format.DateTimeFormatterBuilder (java.base@17.0.6)
1466:             1             40  java.util.ResourceBundle$2 (java.base@17.0.6)
1467:             1             40  java.util.ServiceLoader$LazyClassPathLookupIterator (java.base@17.0.6)
1468:             1             40  javax.crypto.CryptoAllPermission (java.base@17.0.6)
1469:             1             40  javax.imageio.ImageTypeSpecifier$Interleaved (java.desktop@17.0.6)
1470:             1             40  jdk.internal.icu.impl.CharTrie (java.base@17.0.6)
1471:             1             40  jdk.internal.icu.impl.UCharacterProperty$1 (java.base@17.0.6)
1472:             1             40  jdk.internal.icu.text.StringPrep (java.base@17.0.6)
1473:             1             40  jdk.internal.loader.URLClassPath (java.base@17.0.6)
1474:             1             40  jdk.internal.ref.CleanerImpl$CleanerCleanable (java.base@17.0.6)
1475:             1             40  kotlin.jvm.internal.PropertyReference1Impl
1476:             1             40  kotlin.ranges.LongRange
1477:             1             40  kotlinx.coroutines.internal.LimitedDispatcher
1478:             1             40  kotlinx.coroutines.scheduling.DefaultScheduler
1479:             1             40  sun.awt.AWTAutoShutdown (java.desktop@17.0.6)
1480:             1             40  sun.awt.resources.awt (java.desktop@17.0.6)
1481:             1             40  sun.nio.cs.StandardCharsets$Aliases (java.base@17.0.6)
1482:             1             40  sun.nio.cs.StandardCharsets$Cache (java.base@17.0.6)
1483:             1             40  sun.nio.cs.StandardCharsets$Classes (java.base@17.0.6)
1484:             1             40  sun.security.ssl.Plaintext (java.base@17.0.6)
1485:             1             40  sun.security.ssl.TrustStoreManager$TrustStoreDescriptor (java.base@17.0.6)
1486:             1             40  sun.text.resources.cldr.FormatData (java.base@17.0.6)
1487:             1             40  sun.text.resources.cldr.FormatData_en (java.base@17.0.6)
1488:             1             40  sun.util.locale.InternalLocaleBuilder (java.base@17.0.6)
1489:             1             40  sun.util.resources.Bundles$1 (java.base@17.0.6)
1490:             1             32  [Lcom.jetbrains.toolbox.AcceptionLevels;
1491:             1             32  [Lcom.jetbrains.toolbox.ActionProgress$ProgressType;
1492:             1             32  [Lcom.jetbrains.toolbox.InAppNotificationDuration;
1493:             1             32  [Lcom.jetbrains.toolbox.Tab;
1494:             1             32  [Lcom.jetbrains.toolbox.WindowsFileAssociationsUpdater$Companion$CheckResult;
1495:             1             32  [Lcom.jetbrains.toolbox.WindowsFileAssociationsUpdater$WindowsAssociations$OpenableAppRegistration;
1496:             1             32  [Lcom.jetbrains.toolbox.accounts.AccountProviderImpl;
1497:             1             32  [Lcom.jetbrains.toolbox.datamodel.HistoryAction;
1498:             1             32  [Lcom.jetbrains.toolbox.datamodel.Theme;
1499:             1             32  [Lcom.jetbrains.toolbox.datamodel.settings.SettingsModelSectionProvider;
1500:             1             32  [Lcom.jetbrains.toolbox.feed.RemoteOs;
1501:             1             32  [Lcom.jetbrains.toolbox.fus.FusEnums$Account;
1502:             1             32  [Lcom.jetbrains.toolbox.fus.FusEnums$ToolSettingsField;
1503:             1             32  [Lcom.jetbrains.toolbox.manager.TechnicalOnboardingSteps;
1504:             1             32  [Lcom.jetbrains.toolbox.projects.ProjectSource;
1505:             1             32  [Lcom.sun.org.apache.xerces.internal.utils.XMLSecurityManager$NameMap; (java.xml@17.0.6)
1506:             1             32  [Ljava.awt.EventFilter$FilterAction; (java.desktop@17.0.6)
1507:             1             32  [Ljava.awt.Queue; (java.desktop@17.0.6)
1508:             1             32  [Ljava.awt.desktop.UserSessionEvent$Reason; (java.desktop@17.0.6)
1509:             2             32  [Ljava.lang.StackTraceElement; (java.base@17.0.6)
1510:             1             32  [Ljava.lang.ThreadGroup; (java.base@17.0.6)
1511:             1             32  [Ljava.lang.ThreadLocal; (java.base@17.0.6)
1512:             2             32  [Ljava.lang.annotation.Annotation; (java.base@17.0.6)
1513:             1             32  [Ljava.lang.invoke.VarHandle$VarHandleDesc$Kind; (java.base@17.0.6)
1514:             1             32  [Ljava.lang.module.ModuleDescriptor$Modifier; (java.base@17.0.6)
1515:             1             32  [Ljava.lang.module.ModuleDescriptor$Requires$Modifier; (java.base@17.0.6)
1516:             1             32  [Ljava.net.Proxy$Type; (java.base@17.0.6)
1517:             1             32  [Ljava.net.StandardProtocolFamily; (java.base@17.0.6)
1518:             1             32  [Ljava.nio.file.AccessMode; (java.base@17.0.6)
1519:             1             32  [Ljava.nio.file.FileTreeWalker$EventType; (java.base@17.0.6)
1520:             1             32  [Ljava.nio.file.FileVisitResult; (java.base@17.0.6)
1521:             1             32  [Ljava.security.DrbgParameters$Capability; (java.base@17.0.6)
1522:             1             32  [Ljava.text.Normalizer$Form; (java.base@17.0.6)
1523:             1             32  [Ljava.time.format.DateTimeFormatterBuilder$SettingsParser; (java.base@17.0.6)
1524:             1             32  [Ljava.time.format.ResolverStyle; (java.base@17.0.6)
1525:             1             32  [Ljava.time.temporal.IsoFields$Field; (java.base@17.0.6)
1526:             1             32  [Ljava.time.temporal.JulianFields$Field; (java.base@17.0.6)
1527:             2             32  [Ljava.util.prefs.NodeChangeListener; (java.prefs@17.0.6)
1528:             2             32  [Ljava.util.prefs.PreferenceChangeListener; (java.prefs@17.0.6)
1529:             1             32  [Ljava.util.regex.Pattern$Qtype; (java.base@17.0.6)
1530:             1             32  [Ljava.util.stream.MatchOps$MatchKind; (java.base@17.0.6)
1531:             1             32  [Ljava.util.stream.StreamShape; (java.base@17.0.6)
1532:             1             32  [Ljavax.xml.catalog.CatalogFeatures$Feature; (java.xml@17.0.6)
1533:             1             32  [Ljdk.internal.icu.util.CodePointTrie$ValueWidth; (java.base@17.0.6)
1534:             1             32  [Ljdk.internal.logger.BootstrapLogger$LoggingBackend; (java.base@17.0.6)
1535:             1             32  [Ljdk.internal.math.FormattedFloatingDecimal$Form; (java.base@17.0.6)
1536:             1             32  [Ljdk.internal.module.ServicesCatalog; (java.base@17.0.6)
1537:             1             32  [Lkotlin.LazyThreadSafetyMode;
1538:             1             32  [Lkotlin.collections.State;
1539:             1             32  [Lkotlin.coroutines.intrinsics.CoroutineSingletons;
1540:             1             32  [Lkotlinx.coroutines.CoroutineStart;
1541:             1             32  [Lkotlinx.coroutines.channels.BufferOverflow;
1542:             1             32  [Lkotlinx.serialization.json.internal.WriteMode;
1543:             1             32  [Lsun.awt.AppContext$State; (java.desktop@17.0.6)
1544:             1             32  [Lsun.java2d.StateTrackable$State; (java.desktop@17.0.6)
1545:             1             32  [Lsun.security.provider.certpath.OCSP$RevocationStatus$CertStatus; (java.base@17.0.6)
1546:             1             32  [Lsun.security.ssl.CipherSuite$HashAlg; (java.base@17.0.6)
1547:             1             32  [Lsun.security.ssl.CipherType; (java.base@17.0.6)
1548:             1             32  [Lsun.security.ssl.ClientAuthType; (java.base@17.0.6)
1549:             1             32  [Lsun.security.ssl.ECPointFormatsExtension$ECPointFormat; (java.base@17.0.6)
1550:             1             32  [Lsun.security.ssl.Finished$VerifyDataScheme; (java.base@17.0.6)
1551:             1             32  [Lsun.security.ssl.SSLMasterKeyDerivation; (java.base@17.0.6)
1552:             1             32  [Lsun.security.ssl.SSLTrafficKeyDerivation; (java.base@17.0.6)
1553:             1             32  [Lsun.security.ssl.SignatureScheme$SigAlgParamSpec; (java.base@17.0.6)
1554:             1             32  androidx.compose.runtime.snapshots.SnapshotDoubleIndexHeap
1555:             1             32  com.jetbrains.fus.reporting.lion3.FeatureUsageLogger
1556:             1             32  com.jetbrains.toolbox.BackgroundTaskScheduler
1557:             1             32  com.jetbrains.toolbox.ChannelSettingsManager
1558:             1             32  com.jetbrains.toolbox.FileDownloaderImpl
1559:             1             32  com.jetbrains.toolbox.FleetManager
1560:             1             32  com.jetbrains.toolbox.JavaPreferences$bytes$1
1561:             1             32  com.jetbrains.toolbox.LocalApplicationsFeed
1562:             1             32  com.jetbrains.toolbox.ModelJson
1563:             1             32  com.jetbrains.toolbox.PerformanceMetricsImpl
1564:             1             32  com.jetbrains.toolbox.ReSharperInstaller
1565:             1             32  com.jetbrains.toolbox.RemoteFeed
1566:             1             32  com.jetbrains.toolbox.RepeatAfterPeriod
1567:             2             32  com.jetbrains.toolbox.SelfUpdateFilter
1568:             1             32  com.jetbrains.toolbox.StatisticsManagerImpl
1569:             1             32  com.jetbrains.toolbox.StorageManagerImpl
1570:             1             32  com.jetbrains.toolbox.UIGlobalState
1571:             1             32  com.jetbrains.toolbox.UpdateManagerLocalApplicationsFilter
1572:             1             32  com.jetbrains.toolbox.WindowsFileAssociationsUpdater$WindowsAssociationsImpl
1573:             1             32  com.jetbrains.toolbox.accounts.oauth.jba.JBAAuthUrls
1574:             1             32  com.jetbrains.toolbox.accounts.oauth.jba.JetBrainsAccountConfig
1575:             1             32  com.jetbrains.toolbox.datamodel.ApplicationManagerModelBuilder
1576:             1             32  com.jetbrains.toolbox.datamodel.DirectoryInfo
1577:             1             32  com.jetbrains.toolbox.datamodel.DiskUsage
1578:             1             32  com.jetbrains.toolbox.datamodel.NetworkSettings
1579:             1             32  com.jetbrains.toolbox.datamodel.UISettings
1580:             1             32  com.jetbrains.toolbox.enterprise.EnterpriseInvitationManagerImpl
1581:             1             32  com.jetbrains.toolbox.enterprise.EnterpriseNotificationManager
1582:             1             32  com.jetbrains.toolbox.enterprise.EnterprisePluginManager
1583:             1             32  com.jetbrains.toolbox.enterprise.filter.FeedFilterManagerImpl
1584:             1             32  com.jetbrains.toolbox.feed.FeedLocationProvider
1585:             1             32  com.jetbrains.toolbox.feed.JsonFeedParser
1586:             2             32  com.jetbrains.toolbox.i18n.LocalizableStringImpl
1587:             1             32  com.jetbrains.toolbox.intellij.notification.IdeNotificationsProvider
1588:             1             32  com.jetbrains.toolbox.intellij.notification.processor.IdeRestartNotificationProcessor
1589:             1             32  com.jetbrains.toolbox.interop.cef.NativeApi
1590:             1             32  com.jetbrains.toolbox.interop.cef.NativeGUIProcessKt$createToolboxServices$10$1
1591:             1             32  com.jetbrains.toolbox.interop.cef.NativeGUIProcessKt$createToolboxServices$15$1
1592:             1             32  com.jetbrains.toolbox.interop.cef.NativeGUIProcessKt$createToolboxServices$applicationActivationHandlers$1
1593:             1             32  com.jetbrains.toolbox.interop.cef.NativeGUIProcessKt$createToolboxServices$ui$1
1594:             1             32  com.jetbrains.toolbox.manager.ToolViewManagerImpl
1595:             1             32  com.jetbrains.toolbox.managers.FeedProviderImpl
1596:             1             32  com.jetbrains.toolbox.projects.local.IconManagerImpl
1597:             1             32  com.jetbrains.toolbox.shell.OSShellLaunchersEvents
1598:             1             32  com.jetbrains.toolbox.theme.ThemeManagerImpl
1599:             1             32  com.sun.jna.platform.win32.WinDef$USHORT
1600:             2             32  com.sun.jna.win32.W32APIFunctionMapper
1601:             2             32  com.sun.jna.win32.W32APITypeMapper$2
1602:             2             32  com.sun.org.apache.xerces.internal.impl.dv.dtd.ENTITYDatatypeValidator (java.xml@17.0.6)
1603:             1             32  fi.iki.elonen.NanoHTTPD$ServerRunnable
1604:             1             32  java.awt.color.ICC_ProfileGray (java.desktop@17.0.6)
1605:             1             32  java.io.FileInputStream (java.base@17.0.6)
1606:             1             32  java.io.WinNTFileSystem (java.base@17.0.6)
1607:             2             32  java.lang.Boolean (java.base@17.0.6)
1608:             2             32  java.lang.ClassValue$Identity (java.base@17.0.6)
1609:             1             32  java.lang.Module$ArchivedData (java.base@17.0.6)
1610:             1             32  java.lang.ProcessBuilder (java.base@17.0.6)
1611:             2             32  java.lang.Shutdown$Lock (java.base@17.0.6)
1612:             1             32  java.lang.module.ModuleDescriptor$Version (java.base@17.0.6)
1613:             1             32  java.lang.ref.PhantomReference (java.base@17.0.6)
1614:             2             32  java.net.InetSocketAddress (java.base@17.0.6)
1615:             1             32  java.net.ServerSocket (java.base@17.0.6)
1616:             2             32  java.nio.ByteOrder (java.base@17.0.6)
1617:             2             32  java.time.format.DateTimeFormatterBuilder$StringLiteralPrinterParser (java.base@17.0.6)
1618:             2             32  java.util.Collections$UnmodifiableMap$UnmodifiableEntrySet (java.base@17.0.6)
1619:             2             32  java.util.Comparator$$Lambda$157/0x00000001003f4b58 (java.base@17.0.6)
1620:             2             32  java.util.IdentityHashMap$Values (java.base@17.0.6)
1621:             2             32  java.util.ResourceBundle$SingleFormatControl (java.base@17.0.6)
1622:             1             32  java.util.ServiceLoader$ModuleServicesLookupIterator (java.base@17.0.6)
1623:             1             32  java.util.concurrent.ThreadLocalRandom (java.base@17.0.6)
1624:             1             32  java.util.concurrent.atomic.LongAdder (java.base@17.0.6)
1625:             1             32  java.util.concurrent.locks.AbstractQueuedSynchronizer$ConditionNode (java.base@17.0.6)
1626:             2             32  java.util.concurrent.locks.ReentrantReadWriteLock$ReadLock (java.base@17.0.6)
1627:             2             32  java.util.concurrent.locks.ReentrantReadWriteLock$Sync$ThreadLocalHoldCounter (java.base@17.0.6)
1628:             2             32  java.util.concurrent.locks.ReentrantReadWriteLock$WriteLock (java.base@17.0.6)
1629:             1             32  java.util.logging.LogManager$SystemLoggerContext (java.logging@17.0.6)
1630:             1             32  java.util.regex.Pattern$BnM (java.base@17.0.6)
1631:             2             32  java.util.regex.Pattern$CharPredicate$$Lambda$91/0x000000010025ee10 (java.base@17.0.6)
1632:             1             32  java.util.regex.Pattern$NotBehind (java.base@17.0.6)
1633:             1             32  java.util.zip.ZipCoder$UTF8ZipCoder (java.base@17.0.6)
1634:             2             32  javax.crypto.JceSecurity$IdentityWrapper (java.base@17.0.6)
1635:             2             32  jdk.internal.icu.impl.Norm2AllModes$DecomposeNormalizer2 (java.base@17.0.6)
1636:             2             32  jdk.internal.icu.text.NormalizerBase$ModeImpl (java.base@17.0.6)
1637:             2             32  jdk.internal.icu.util.CodePointTrie$Data16 (java.base@17.0.6)
1638:             1             32  jdk.internal.loader.ArchivedClassLoaders (java.base@17.0.6)
1639:             1             32  jdk.internal.loader.URLClassPath$1 (java.base@17.0.6)
1640:             1             32  jdk.internal.module.ArchivedModuleGraph (java.base@17.0.6)
1641:             1             32  jdk.internal.org.objectweb.asm.ConstantDynamic (java.base@17.0.6)
1642:             1             32  jdk.internal.org.objectweb.asm.Handle (java.base@17.0.6)
1643:             2             32  jdk.internal.reflect.DelegatingMethodAccessorImpl (java.base@17.0.6)
1644:             1             32  jdk.internal.reflect.NativeMethodAccessorImpl (java.base@17.0.6)
1645:             1             32  kotlin.collections.ArrayDeque
1646:             1             32  kotlinx.coroutines.CompletedContinuation
1647:             2             32  kotlinx.coroutines.Empty
1648:             1             32  kotlinx.coroutines.EventLoopImplBase$DelayedTaskQueue
1649:             1             32  kotlinx.coroutines.channels.AbstractChannel$ReceiveHasNext
1650:             1             32  kotlinx.coroutines.channels.AbstractChannel$TryPollDesc
1651:             1             32  kotlinx.coroutines.channels.SendElement
1652:             1             32  kotlinx.coroutines.flow.internal.ChannelFlowOperatorImpl
1653:             2             32  kotlinx.coroutines.scheduling.GlobalQueue
1654:             2             32  kotlinx.coroutines.scheduling.TaskContextImpl
1655:             1             32  kotlinx.coroutines.selects.SelectBuilderImpl$AtomicSelectOp
1656:             2             32  kotlinx.coroutines.sync.Empty
1657:             2             32  kotlinx.datetime.UtcOffset
1658:             1             32  kotlinx.serialization.modules.SerialModuleImpl
1659:             2             32  name.kropp.kotlinx.gettext.Number
1660:             1             32  okhttp3.ResponseBody$Companion$asResponseBody$1
1661:             2             32  okhttp3.internal.Util$$Lambda$93/0x0000000100286750
1662:             2             32  okhttp3.internal.connection.RouteDatabase
1663:             2             32  okhttp3.internal.tls.BasicCertificateChainCleaner
1664:             2             32  okhttp3.internal.tls.BasicTrustRootIndex
1665:             2             32  okio.RealBufferedSource$inputStream$1
1666:             1             32  okio.Timeout$Companion$NONE$1
1667:             1             32  org.tinylog.runtime.PreciseTimestampFormatter
1668:             2             32  org.tinylog.slf4j.TinylogLogger
1669:             1             32  org.tinylog.writers.FileWriter
1670:             1             32  sun.awt.PostEventQueue (java.desktop@17.0.6)
1671:             1             32  sun.awt.Win32GraphicsEnvironment (java.desktop@17.0.6)
1672:             2             32  sun.java2d.pipe.PixelToShapeConverter (java.desktop@17.0.6)
1673:             2             32  sun.java2d.pipe.SpanShapeRenderer$Composite (java.desktop@17.0.6)
1674:             1             32  sun.net.ext.ExtendedSocketOptions$NoExtendedSocketOptions (java.base@17.0.6)
1675:             2             32  sun.nio.ch.FileDispatcherImpl (java.base@17.0.6)
1676:             1             32  sun.security.ec.ed.Ed25519Operations (jdk.crypto.ec@17.0.6)
1677:             1             32  sun.security.ec.ed.Ed448Operations (jdk.crypto.ec@17.0.6)
1678:             1             32  sun.security.ec.point.ExtendedHomogeneousPoint$Immutable (jdk.crypto.ec@17.0.6)
1679:             2             32  sun.security.ssl.AlpnExtension$SHAlpnAbsence (java.base@17.0.6)
1680:             2             32  sun.security.ssl.AlpnExtension$SHAlpnConsumer (java.base@17.0.6)
1681:             2             32  sun.security.ssl.AlpnExtension$SHAlpnProducer (java.base@17.0.6)
1682:             2             32  sun.security.ssl.DHKeyExchange$DHEKAGenerator (java.base@17.0.6)
1683:             2             32  sun.security.ssl.DHKeyExchange$DHEPossessionGenerator (java.base@17.0.6)
1684:             2             32  sun.security.ssl.SSLAlgorithmDecomposer (java.base@17.0.6)
1685:             2             32  sun.security.ssl.SSLCipher$NullReadCipherGenerator (java.base@17.0.6)
1686:             2             32  sun.security.ssl.SSLCipher$NullWriteCipherGenerator (java.base@17.0.6)
1687:             2             32  sun.security.ssl.SSLCipher$T12GcmReadCipherGenerator (java.base@17.0.6)
1688:             2             32  sun.security.ssl.SSLCipher$T12GcmWriteCipherGenerator (java.base@17.0.6)
1689:             2             32  sun.security.ssl.SSLCipher$T13GcmReadCipherGenerator (java.base@17.0.6)
1690:             2             32  sun.security.ssl.SSLCipher$T13GcmWriteCipherGenerator (java.base@17.0.6)
1691:             2             32  sun.security.ssl.SSLSocketFactoryImpl (java.base@17.0.6)
1692:             2             32  sun.security.ssl.ServerHello$T12ServerHelloConsumer (java.base@17.0.6)
1693:             2             32  sun.security.ssl.ServerHello$T13HelloRetryRequestConsumer (java.base@17.0.6)
1694:             2             32  sun.security.ssl.ServerHello$T13ServerHelloConsumer (java.base@17.0.6)
1695:             2             32  sun.security.ssl.SupportedVersionsExtension$SHSupportedVersionsStringizer (java.base@17.0.6)
1696:             1             32  sun.security.ssl.TrustStoreManager$TrustAnchorManager (java.base@17.0.6)
1697:             1             32  sun.security.util.KnownOIDs$1 (java.base@17.0.6)
1698:             1             32  sun.security.util.KnownOIDs$10 (java.base@17.0.6)
1699:             1             32  sun.security.util.KnownOIDs$2 (java.base@17.0.6)
1700:             1             32  sun.security.util.KnownOIDs$3 (java.base@17.0.6)
1701:             1             32  sun.security.util.KnownOIDs$4 (java.base@17.0.6)
1702:             1             32  sun.security.util.KnownOIDs$5 (java.base@17.0.6)
1703:             1             32  sun.security.util.KnownOIDs$6 (java.base@17.0.6)
1704:             1             32  sun.security.util.KnownOIDs$7 (java.base@17.0.6)
1705:             1             32  sun.security.util.KnownOIDs$8 (java.base@17.0.6)
1706:             1             32  sun.security.util.KnownOIDs$9 (java.base@17.0.6)
1707:             1             32  sun.security.util.math.intpoly.Curve25519OrderField (java.base@17.0.6)
1708:             1             32  sun.security.util.math.intpoly.Curve448OrderField (java.base@17.0.6)
1709:             2             32  sun.security.util.math.intpoly.IntegerPolynomial$Limb (java.base@17.0.6)
1710:             1             32  sun.security.util.math.intpoly.IntegerPolynomial25519 (java.base@17.0.6)
1711:             1             32  sun.security.util.math.intpoly.IntegerPolynomial448 (java.base@17.0.6)
1712:             1             32  sun.security.util.math.intpoly.IntegerPolynomialP256 (java.base@17.0.6)
1713:             1             32  sun.security.util.math.intpoly.IntegerPolynomialP384 (java.base@17.0.6)
1714:             1             32  sun.security.util.math.intpoly.IntegerPolynomialP521 (java.base@17.0.6)
1715:             1             32  sun.security.util.math.intpoly.P256OrderField (java.base@17.0.6)
1716:             1             32  sun.security.util.math.intpoly.P384OrderField (java.base@17.0.6)
1717:             1             32  sun.security.util.math.intpoly.P521OrderField (java.base@17.0.6)
1718:             1             32  sun.security.x509.IssuerAlternativeNameExtension (java.base@17.0.6)
1719:             1             32  sun.security.x509.PrivateKeyUsageExtension (java.base@17.0.6)
1720:             2             32  sun.security.x509.RFC822Name (java.base@17.0.6)
1721:             2             32  sun.util.resources.LocaleData (java.base@17.0.6)
1722:             1             24  [Lcom.jetbrains.fus.reporting.schema.EventLogGroup$Type;
1723:             1             24  [Lcom.jetbrains.toolbox.ApplicationFeedDownloader$ProcessIncludes;
1724:             1             24  [Lcom.jetbrains.toolbox.ApplicationFilter;
1725:             1             24  [Lcom.jetbrains.toolbox.datamodel.RepoType;
1726:             1             24  [Lcom.jetbrains.toolbox.feed.PatchFormat;
1727:             1             24  [Lcom.jetbrains.toolbox.fus.FusEnums$State;
1728:             1             24  [Lcom.jetbrains.toolbox.interop.Win32Registry$Hive;
1729:             1             24  [Lcom.jetbrains.toolbox.manager.OnboardingContext;
1730:             1             24  [Lcom.jetbrains.toolbox.projects.local.helper.IntellijProjectDetector$ImageFormat;
1731:             1             24  [Lcom.jetbrains.toolbox.services.ServiceGeneratorImpl;
1732:             1             24  [Lcom.sun.org.apache.xerces.internal.utils.XMLSecurityPropertyManager$Property; (java.xml@17.0.6)
1733:             1             24  [Ljava.awt.GraphicsDevice; (java.desktop@17.0.6)
1734:             1             24  [Ljava.io.File$PathStatus; (java.base@17.0.6)
1735:             1             24  [Ljava.lang.ClassValue$Entry; (java.base@17.0.6)
1736:             1             24  [Ljava.lang.invoke.MethodHandles$Lookup$ClassOption; (java.base@17.0.6)
1737:             1             24  [Ljava.net.InetSocketAddress; (java.base@17.0.6)
1738:             1             24  [Ljava.nio.file.LinkOption; (java.base@17.0.6)
1739:             1             24  [Ljava.time.temporal.IsoFields$Unit; (java.base@17.0.6)
1740:             1             24  [Ljava.util.Locale$Category; (java.base@17.0.6)
1741:             1             24  [Ljava.util.concurrent.atomic.Striped64$Cell; (java.base@17.0.6)
1742:             1             24  [Ljdk.internal.icu.util.CodePointTrie$Type; (java.base@17.0.6)
1743:             1             24  [Lkotlin.io.FileWalkDirection;
1744:             1             24  [Lokhttp3.ConnectionSpec;
1745:             1             24  [Lsun.security.provider.certpath.ResponderId$Type; (java.base@17.0.6)
1746:             1             24  [Lsun.security.rsa.RSAUtil$KeyType; (java.base@17.0.6)
1747:             1             24  [Lsun.security.ssl.Alert$Level; (java.base@17.0.6)
1748:             1             24  [Lsun.security.ssl.CertStatusExtension$CertStatusRequest; (java.base@17.0.6)
1749:             1             24  [Lsun.security.ssl.CertStatusExtension$CertStatusRequestType; (java.base@17.0.6)
1750:             1             24  [Lsun.security.ssl.PskKeyExchangeModesExtension$PskKeyExchangeMode; (java.base@17.0.6)
1751:             1             24  TrayIcon$5
1752:             1             24  androidx.compose.runtime.SnapshotMutableStateImpl
1753:             1             24  androidx.compose.runtime.SnapshotMutableStateImpl$StateStateRecord
1754:             1             24  androidx.compose.runtime.SnapshotThreadLocal
1755:             1             24  androidx.compose.runtime.internal.ThreadMap
1756:             1             24  com.intellij.internal.statistic.eventLog.connection.metadata.EventGroupsFilterRules
1757:             1             24  com.intellij.internal.statistic.eventLog.validator.rules.beans.EventGroupContextData
1758:             1             24  com.jetbrains.fus.reporting.schema.StringEventField$ValidatedByEnum
1759:             1             24  com.jetbrains.fus.reporting.schema.StringEventField$ValidatedByRegexp
1760:             1             24  com.jetbrains.keychain.WindowsKeychainBackend
1761:             1             24  com.jetbrains.toolbox.ApplicationDiskUsageImpl$1$1
1762:             1             24  com.jetbrains.toolbox.ApplicationFeedJSONLoader
1763:             1             24  com.jetbrains.toolbox.CheckingForUpdatesStatus
1764:             1             24  com.jetbrains.toolbox.CustomTrustManager
1765:             1             24  com.jetbrains.toolbox.EndUserAgreementManagerImpl
1766:             1             24  com.jetbrains.toolbox.EndUserAgreementManagerImpl$actualPrivacyPolicyVersion$2
1767:             1             24  com.jetbrains.toolbox.GlobalHotkey
1768:             1             24  com.jetbrains.toolbox.HostResolver
1769:             1             24  com.jetbrains.toolbox.IntelliJSettings
1770:             1             24  com.jetbrains.toolbox.InternalModeProtocolHandler
1771:             1             24  com.jetbrains.toolbox.LinuxDistro
1772:             1             24  com.jetbrains.toolbox.LocalApplicationsActiveHandler
1773:             1             24  com.jetbrains.toolbox.LocalApplicationsHistoryHolderImpl
1774:             1             24  com.jetbrains.toolbox.OSIntegrationManagerWindows
1775:             1             24  com.jetbrains.toolbox.OSLinksWindows
1776:             1             24  com.jetbrains.toolbox.Point
1777:             1             24  com.jetbrains.toolbox.ProgressManager
1778:             1             24  com.jetbrains.toolbox.ResourceLoader
1779:             1             24  com.jetbrains.toolbox.SpaceAppAutoUpdateDisabler
1780:             1             24  com.jetbrains.toolbox.UninstallFeedbackHandler
1781:             1             24  com.jetbrains.toolbox.UpdateManagerDecision
1782:             1             24  com.jetbrains.toolbox.accounts.ClientProvider
1783:             1             24  com.jetbrains.toolbox.accounts.oauth.client.SecurityCodeProvider
1784:             1             24  com.jetbrains.toolbox.accounts.oauth.space.SpaceInstanceVerifier
1785:             1             24  com.jetbrains.toolbox.datamodel.ApplicationManagerModel
1786:             1             24  com.jetbrains.toolbox.datamodel.LeftoverIDEDirectoryInfo
1787:             1             24  com.jetbrains.toolbox.datamodel.LeftoverIDEDirectoryInfo$Companion$Application
1788:             1             24  com.jetbrains.toolbox.datamodel.OrderingSettings
1789:             1             24  com.jetbrains.toolbox.datamodel.ShellScriptsSettings
1790:             1             24  com.jetbrains.toolbox.datamodel.UpdateSettings
1791:             1             24  com.jetbrains.toolbox.datamodel.settings.IntelliJSettingsModelSectionProvider
1792:             1             24  com.jetbrains.toolbox.datamodel.settings.OSShellLaunchersSettingsModelSectionProvider
1793:             1             24  com.jetbrains.toolbox.enterprise.EnterpriseAppVersionChecker
1794:             1             24  com.jetbrains.toolbox.enterprise.EnterpriseVmOptionsManager
1795:             1             24  com.jetbrains.toolbox.enterprise.ToolboxEnterpriseAccountProviderImpl$2$1
1796:             1             24  com.jetbrains.toolbox.feed.FeedV2
1797:             1             24  com.jetbrains.toolbox.feed.LinkUpdater
1798:             1             24  com.jetbrains.toolbox.fus.Fus$Counters$Account
1799:             1             24  com.jetbrains.toolbox.fus.Fus$Counters$Extension
1800:             1             24  com.jetbrains.toolbox.fus.Fus$Counters$IdeIntegration
1801:             1             24  com.jetbrains.toolbox.fus.Fus$Counters$Performance
1802:             1             24  com.jetbrains.toolbox.fus.Fus$Counters$Skia
1803:             1             24  com.jetbrains.toolbox.fus.Fus$Counters$ToolAction
1804:             1             24  com.jetbrains.toolbox.fus.Fus$States$Common
1805:             1             24  com.jetbrains.toolbox.fus.Fus$States$OS
1806:             1             24  com.jetbrains.toolbox.fus.Fus$States$Settings
1807:             1             24  com.jetbrains.toolbox.fus.Fus$States$Storage
1808:             1             24  com.jetbrains.toolbox.fus.Fus$States$UI
1809:             1             24  com.jetbrains.toolbox.fus.Fus$States$User
1810:             1             24  com.jetbrains.toolbox.i18n.I18nManager
1811:             1             24  com.jetbrains.toolbox.i18n.I18nManager$1$invokeSuspend$$inlined$filter$1
1812:             1             24  com.jetbrains.toolbox.i18n.I18nManager$1$invokeSuspend$$inlined$filter$1$2
1813:             1             24  com.jetbrains.toolbox.intellij.IntelliJPluginsProxyImpl$httpServer$1
1814:             1             24  com.jetbrains.toolbox.intellij.PluginsProxy
1815:             1             24  com.jetbrains.toolbox.intellij.PluginsProxy$2
1816:             1             24  com.jetbrains.toolbox.intellij.PluginsProxy$server$1
1817:             1             24  com.jetbrains.toolbox.intellij.notification.IntelliJUpdateNotifier$1
1818:             1             24  com.jetbrains.toolbox.intellij.notification.processor.IdeResponseManager
1819:             1             24  com.jetbrains.toolbox.intellij.notification.processor.IdeUpdateNotificationProcessor
1820:             1             24  com.jetbrains.toolbox.intellij.notification.processor.NotificationProcessor
1821:             1             24  com.jetbrains.toolbox.interop.cef.NativeGUIProcessKt$createToolboxServices$globalHotkey$1
1822:             1             24  com.jetbrains.toolbox.interop.cef.NativeGUIProcessKt$createToolboxServices$nativeApi$1
1823:             1             24  com.jetbrains.toolbox.interop.cef.NativeGUIProcessKt$createToolboxServices$trayIcon$1
1824:             1             24  com.jetbrains.toolbox.interop.cef.NativeGUIProcessKt$createToolboxServices$trayIcon$2
1825:             1             24  com.jetbrains.toolbox.interop.cef.NativeGUIProcessKt$createToolboxServices$ui$2
1826:             1             24  com.jetbrains.toolbox.keychain.KeychainImpl
1827:             1             24  com.jetbrains.toolbox.manager.Cache
1828:             1             24  com.jetbrains.toolbox.manager.OnboardingContext
1829:             1             24  com.jetbrains.toolbox.managers.launcher.WindowsToolLauncher
1830:             1             24  com.jetbrains.toolbox.model.ToolModel
1831:             1             24  com.jetbrains.toolbox.projects.ProjectManagerImpl$2$1
1832:             1             24  com.jetbrains.toolbox.projects.local.helper.IntellijProjectDetector
1833:             1             24  com.jetbrains.toolbox.projects.remote.SpaceVcsInfoProvider
1834:             1             24  com.jetbrains.toolbox.services.SpaceServiceGeneratorImpl$special$$inlined$map$1
1835:             1             24  com.jetbrains.toolbox.services.SpaceServiceGeneratorImpl$special$$inlined$map$1$2
1836:             1             24  com.jetbrains.toolbox.shell.OSShellLaunchers
1837:             1             24  com.jetbrains.toolbox.shell.OsShellScriptsManagerImpl
1838:             1             24  com.jetbrains.toolbox.shell.OsShellScriptsPathResolverImpl
1839:             1             24  com.jetbrains.toolbox.util.FlowKt$filterChanged$$inlined$filter$1
1840:             1             24  com.jetbrains.toolbox.util.FlowKt$filterChanged$$inlined$filter$1$2
1841:             1             24  com.jetbrains.toolbox.util.NamedThreadPoolKt$namedThreadPool$1
1842:             1             24  com.sun.imageio.spi.FileImageInputStreamSpi (java.desktop@17.0.6)
1843:             1             24  com.sun.imageio.spi.FileImageOutputStreamSpi (java.desktop@17.0.6)
1844:             1             24  com.sun.imageio.spi.InputStreamImageInputStreamSpi (java.desktop@17.0.6)
1845:             1             24  com.sun.imageio.spi.OutputStreamImageOutputStreamSpi (java.desktop@17.0.6)
1846:             1             24  com.sun.imageio.spi.RAFImageInputStreamSpi (java.desktop@17.0.6)
1847:             1             24  com.sun.imageio.spi.RAFImageOutputStreamSpi (java.desktop@17.0.6)
1848:             1             24  com.sun.jna.Pointer$Opaque
1849:             1             24  com.sun.jna.Structure$3
1850:             1             24  com.sun.jna.Structure$StructureSet
1851:             1             24  com.sun.jna.WeakMemoryHolder
1852:             1             24  com.sun.jna.internal.Cleaner
1853:             1             24  com.sun.jna.platform.win32.WinNT$HANDLE
1854:             1             24  com.sun.management.internal.OperatingSystemImpl (jdk.management@17.0.6)
1855:             1             24  com.sun.management.internal.PlatformMBeanProviderImpl$1 (jdk.management@17.0.6)
1856:             1             24  com.sun.management.internal.PlatformMBeanProviderImpl$2 (jdk.management@17.0.6)
1857:             1             24  com.sun.management.internal.PlatformMBeanProviderImpl$3 (jdk.management@17.0.6)
1858:             1             24  com.sun.management.internal.PlatformMBeanProviderImpl$4 (jdk.management@17.0.6)
1859:             1             24  com.sun.management.internal.PlatformMBeanProviderImpl$5 (jdk.management@17.0.6)
1860:             1             24  com.sun.org.apache.xerces.internal.impl.Constants$ArrayEnumeration (java.xml@17.0.6)
1861:             1             24  com.sun.org.apache.xerces.internal.jaxp.SAXParserFactoryImpl (java.xml@17.0.6)
1862:             1             24  com.sun.org.apache.xerces.internal.utils.XMLSecurityPropertyManager (java.xml@17.0.6)
1863:             1             24  fi.iki.elonen.NanoHTTPD$DefaultAsyncRunner
1864:             1             24  java.awt.Dimension (java.desktop@17.0.6)
1865:             1             24  java.awt.Toolkit$DesktopPropertyChangeSupport (java.desktop@17.0.6)
1866:             1             24  java.lang.ProcessHandleImpl$$Lambda$29/0x00000001000de450 (java.base@17.0.6)
1867:             1             24  java.lang.invoke.MethodType$ConcurrentWeakInternSet (java.base@17.0.6)
1868:             1             24  java.lang.invoke.VarHandles$1 (java.base@17.0.6)
1869:             1             24  java.lang.management.DefaultPlatformMBeanProvider$1 (java.management@17.0.6)
1870:             1             24  java.lang.management.DefaultPlatformMBeanProvider$10 (java.management@17.0.6)
1871:             1             24  java.lang.management.DefaultPlatformMBeanProvider$11 (java.management@17.0.6)
1872:             1             24  java.lang.management.DefaultPlatformMBeanProvider$2 (java.management@17.0.6)
1873:             1             24  java.lang.management.DefaultPlatformMBeanProvider$3 (java.management@17.0.6)
1874:             1             24  java.lang.management.DefaultPlatformMBeanProvider$4 (java.management@17.0.6)
1875:             1             24  java.lang.management.DefaultPlatformMBeanProvider$5 (java.management@17.0.6)
1876:             1             24  java.lang.management.DefaultPlatformMBeanProvider$6 (java.management@17.0.6)
1877:             1             24  java.lang.management.DefaultPlatformMBeanProvider$7 (java.management@17.0.6)
1878:             1             24  java.lang.management.DefaultPlatformMBeanProvider$8 (java.management@17.0.6)
1879:             1             24  java.lang.management.DefaultPlatformMBeanProvider$9 (java.management@17.0.6)
1880:             1             24  java.lang.reflect.Proxy$1 (java.base@17.0.6)
1881:             1             24  java.math.MutableBigInteger (java.base@17.0.6)
1882:             1             24  java.net.Inet6AddressImpl (java.base@17.0.6)
1883:             1             24  java.net.Proxy (java.base@17.0.6)
1884:             1             24  java.nio.file.FileVisitOption (java.base@17.0.6)
1885:             1             24  java.nio.file.LinkOption (java.base@17.0.6)
1886:             1             24  java.security.cert.CertificateFactory (java.base@17.0.6)
1887:             1             24  java.time.Period (java.base@17.0.6)
1888:             1             24  java.time.format.DecimalStyle (java.base@17.0.6)
1889:             1             24  java.time.temporal.IsoFields$Field$1 (java.base@17.0.6)
1890:             1             24  java.time.temporal.IsoFields$Field$2 (java.base@17.0.6)
1891:             1             24  java.time.temporal.IsoFields$Field$3 (java.base@17.0.6)
1892:             1             24  java.time.temporal.IsoFields$Field$4 (java.base@17.0.6)
1893:             1             24  java.time.zone.TzdbZoneRulesProvider (java.base@17.0.6)
1894:             1             24  java.util.BitSet (java.base@17.0.6)
1895:             1             24  java.util.Collections$EmptyMap (java.base@17.0.6)
1896:             1             24  java.util.Collections$SynchronizedRandomAccessList (java.base@17.0.6)
1897:             1             24  java.util.Comparator$$Lambda$158/0x00000001003f5308 (java.base@17.0.6)
1898:             1             24  java.util.Locale$Cache (java.base@17.0.6)
1899:             1             24  java.util.OptionalInt (java.base@17.0.6)
1900:             1             24  java.util.ResourceBundle$Control$CandidateListCache (java.base@17.0.6)
1901:             1             24  java.util.ServiceLoader$2 (java.base@17.0.6)
1902:             1             24  java.util.concurrent.ConcurrentLinkedDeque (java.base@17.0.6)
1903:             1             24  java.util.concurrent.CopyOnWriteArrayList$COWIterator (java.base@17.0.6)
1904:             1             24  java.util.concurrent.Executors$DefaultThreadFactory (java.base@17.0.6)
1905:             1             24  java.util.concurrent.LinkedBlockingQueue$Node (java.base@17.0.6)
1906:             1             24  java.util.logging.LogManager$LoggerContext (java.logging@17.0.6)
1907:             1             24  java.util.regex.Pattern$Neg (java.base@17.0.6)
1908:             1             24  javax.imageio.ImageIO$CacheInfo (java.desktop@17.0.6)
1909:             1             24  jdk.internal.jimage.ImageReader (java.base@17.0.6)
1910:             1             24  jdk.internal.logger.BootstrapLogger$RedirectedLoggers (java.base@17.0.6)
1911:             1             24  jdk.internal.module.ModuleHashes (java.base@17.0.6)
1912:             1             24  jdk.internal.module.SystemModuleFinders$SystemModuleFinder (java.base@17.0.6)
1913:             1             24  jdk.internal.ref.CleanerImpl (java.base@17.0.6)
1914:             1             24  kotlin.ranges.IntRange
1915:             1             24  kotlin.sequences.FlatteningSequence
1916:             1             24  kotlinx.coroutines.CoroutineDispatcher$Key
1917:             1             24  kotlinx.coroutines.CoroutineName
1918:             1             24  kotlinx.coroutines.ExecutorCoroutineDispatcher$Key
1919:             1             24  kotlinx.coroutines.ExecutorCoroutineDispatcherImpl
1920:             1             24  kotlinx.coroutines.channels.AbstractChannel$Itr
1921:             1             24  kotlinx.coroutines.flow.DistinctFlowImpl
1922:             1             24  kotlinx.coroutines.flow.DistinctFlowImpl$collect$2
1923:             1             24  kotlinx.coroutines.selects.SeqNumber
1924:             1             24  kotlinx.datetime.FixedOffsetTimeZone
1925:             1             24  kotlinx.serialization.internal.BooleanArraySerializer
1926:             1             24  kotlinx.serialization.internal.ByteArraySerializer
1927:             1             24  kotlinx.serialization.internal.CharArraySerializer
1928:             1             24  kotlinx.serialization.internal.DoubleArraySerializer
1929:             1             24  kotlinx.serialization.internal.FloatArraySerializer
1930:             1             24  kotlinx.serialization.internal.IntArraySerializer
1931:             1             24  kotlinx.serialization.internal.LinkedHashSetClassDesc
1932:             1             24  kotlinx.serialization.internal.LinkedHashSetSerializer
1933:             1             24  kotlinx.serialization.internal.LongArraySerializer
1934:             1             24  kotlinx.serialization.internal.ObjectSerializer
1935:             1             24  kotlinx.serialization.internal.ObjectSerializer$descriptor$2
1936:             1             24  kotlinx.serialization.internal.ShortArraySerializer
1937:             1             24  kotlinx.serialization.json.Json$Default
1938:             1             24  okio.Options
1939:             1             24  okio.internal.ResourceFileSystem$roots$2
1940:             1             24  org.bouncycastle.asn1.ASN1BitString$1
1941:             1             24  org.bouncycastle.asn1.ASN1Integer$1
1942:             1             24  org.bouncycastle.asn1.ASN1Null$1
1943:             1             24  org.bouncycastle.asn1.ASN1ObjectIdentifier$1
1944:             1             24  org.bouncycastle.asn1.ASN1OctetString$1
1945:             1             24  org.bouncycastle.asn1.ASN1RelativeOID$1
1946:             1             24  org.bouncycastle.asn1.ASN1Sequence$1
1947:             1             24  org.bouncycastle.asn1.ASN1Set$1
1948:             1             24  org.bouncycastle.asn1.ASN1UTCTime$1
1949:             1             24  org.bouncycastle.asn1.ASN1UTF8String$1
1950:             1             24  org.bouncycastle.asn1.DLSequence
1951:             1             24  org.bouncycastle.asn1.DLSet
1952:             1             24  org.bouncycastle.asn1.x500.style.BCStyle
1953:             1             24  org.slf4j.helpers.BasicMDCAdapter
1954:             1             24  org.slf4j.helpers.BasicMDCAdapter$1
1955:             1             24  org.slf4j.helpers.NOP_FallbackServiceProvider
1956:             1             24  org.slf4j.helpers.SubstituteLoggerFactory
1957:             1             24  org.slf4j.helpers.SubstituteServiceProvider
1958:             1             24  org.tinylog.pattern.DateToken
1959:             1             24  org.tinylog.pattern.MessageAndExceptionToken
1960:             1             24  org.tinylog.pattern.ProcessIdToken
1961:             1             24  org.tinylog.slf4j.TinylogSlf4jServiceProvider
1962:             1             24  org.tinylog.writers.raw.SynchronizedWriterDecorator
1963:             1             24  sun.awt.WeakIdentityHashMap (java.desktop@17.0.6)
1964:             1             24  sun.awt.util.PerformanceLogger$TimeData (java.desktop@17.0.6)
1965:             1             24  sun.java2d.d3d.D3DRenderQueue (java.desktop@17.0.6)
1966:             1             24  sun.java2d.loops.RenderCache (java.desktop@17.0.6)
1967:             1             24  sun.java2d.marlin.DMarlinRenderingEngine$1 (java.desktop@17.0.6)
1968:             1             24  sun.java2d.pipe.AAShapePipe$1 (java.desktop@17.0.6)
1969:             1             24  sun.management.MemoryImpl (java.management@17.0.6)
1970:             1             24  sun.management.RuntimeImpl (java.management@17.0.6)
1971:             1             24  sun.management.VMManagementImpl (java.management@17.0.6)
1972:             1             24  sun.net.ProgressMonitor (java.base@17.0.6)
1973:             1             24  sun.net.www.protocol.http.Handler (java.base@17.0.6)
1974:             1             24  sun.nio.ch.NativeThreadSet (java.base@17.0.6)
1975:             1             24  sun.nio.cs.ISO_8859_1 (java.base@17.0.6)
1976:             1             24  sun.nio.cs.MS949 (java.base@17.0.6)
1977:             1             24  sun.nio.cs.StandardCharsets (java.base@17.0.6)
1978:             1             24  sun.nio.cs.US_ASCII (java.base@17.0.6)
1979:             1             24  sun.nio.cs.UTF_16 (java.base@17.0.6)
1980:             1             24  sun.nio.cs.UTF_16BE (java.base@17.0.6)
1981:             1             24  sun.nio.cs.UTF_16LE (java.base@17.0.6)
1982:             1             24  sun.nio.cs.UTF_8 (java.base@17.0.6)
1983:             1             24  sun.nio.fs.WindowsFileSystem (java.base@17.0.6)
1984:             1             24  sun.nio.fs.WindowsSecurityDescriptor (java.base@17.0.6)
1985:             1             24  sun.security.ec.point.ProjectivePoint$Immutable (jdk.crypto.ec@17.0.6)
1986:             1             24  sun.security.ssl.SSLKeyExchange (java.base@17.0.6)
1987:             1             24  sun.security.ssl.SunX509KeyManagerImpl (java.base@17.0.6)
1988:             1             24  sun.security.validator.CADistrustPolicy$1 (java.base@17.0.6)
1989:             1             24  sun.security.validator.EndEntityChecker (java.base@17.0.6)
1990:             1             24  sun.util.cldr.CLDRCalendarDataProviderImpl (java.base@17.0.6)
1991:             1             24  sun.util.cldr.CLDRTimeZoneNameProviderImpl (java.base@17.0.6)
1992:             1             24  sun.util.locale.BaseLocale$Cache (java.base@17.0.6)
1993:             1             24  sun.util.locale.provider.BreakIteratorProviderImpl (java.base@17.0.6)
1994:             1             24  sun.util.locale.provider.CalendarDataProviderImpl (java.base@17.0.6)
1995:             1             24  sun.util.locale.provider.CalendarProviderImpl (java.base@17.0.6)
1996:             1             24  sun.util.locale.provider.CollatorProviderImpl (java.base@17.0.6)
1997:             1             24  sun.util.locale.provider.TimeZoneNameProviderImpl (java.base@17.0.6)
1998:             1             16  [Ljava.beans.PropertyChangeListener; (java.desktop@17.0.6)
1999:             1             16  [Ljava.lang.Throwable; (java.base@17.0.6)
2000:             1             16  [Ljava.lang.constant.Constable; (java.base@17.0.6)
2001:             1             16  [Ljava.nio.file.attribute.FileAttribute; (java.base@17.0.6)
2002:             1             16  [Ljava.security.Provider; (java.base@17.0.6)
2003:             1             16  [Ljava.security.cert.Certificate; (java.base@17.0.6)
2004:             1             16  [Ljava.text.FieldPosition; (java.base@17.0.6)
2005:             1             16  [Ljava.time.zone.ZoneOffsetTransitionRule; (java.base@17.0.6)
2006:             1             16  [Ljava.util.logging.Handler; (java.logging@17.0.6)
2007:             1             16  [Ljava.util.prefs.AbstractPreferences; (java.prefs@17.0.6)
2008:             1             16  [Lkotlin.coroutines.Continuation;
2009:             1             16  [Lkotlin.reflect.KClass;
2010:             1             16  [Lorg.bouncycastle.asn1.ASN1Encodable;
2011:             1             16  NativeCallbackHolder
2012:             1             16  TrayIcon
2013:             1             16  TrayIcon$$Lambda$144/0x0000000100392b08
2014:             1             16  TrayIcon$$Lambda$145/0x0000000100392d50
2015:             1             16  TrayIcon$6$invokeSuspend$$inlined$filterIsInstance$1
2016:             1             16  TrayIcon$6$invokeSuspend$$inlined$filterIsInstance$1$2
2017:             1             16  androidx.compose.runtime.StructuralEqualityPolicy
2018:             1             16  androidx.compose.runtime.SynchronizedObject
2019:             1             16  androidx.compose.runtime.snapshots.Snapshot$Companion
2020:             1             16  androidx.compose.runtime.snapshots.SnapshotIdSet$Companion
2021:             1             16  androidx.compose.runtime.snapshots.SnapshotKt$emptyLambda$1
2022:             1             16  com.intellij.internal.statistic.eventLog.EventLogBuild$$Lambda$79/0x00000001001ef8e0
2023:             1             16  com.intellij.internal.statistic.eventLog.StatisticsEventEscaper
2024:             1             16  com.intellij.internal.statistic.eventLog.validator.SensitiveDataValidator
2025:             1             16  com.intellij.internal.statistic.eventLog.validator.SensitiveDataValidator$Companion
2026:             1             16  com.intellij.internal.statistic.eventLog.validator.rules.FUSRule$$Lambda$77/0x00000001001ebc98
2027:             1             16  com.intellij.internal.statistic.eventLog.validator.rules.FUSRule$$Lambda$78/0x00000001001ee000
2028:             1             16  com.intellij.internal.statistic.eventLog.validator.rules.beans.EventGroupRules$$Lambda$75/0x00000001001eb568
2029:             1             16  com.intellij.internal.statistic.eventLog.validator.rules.impl.RegexpValidationRule$Companion
2030:             1             16  com.intellij.internal.statistic.eventLog.validator.rules.utils.BooleanRuleProducer
2031:             1             16  com.intellij.internal.statistic.eventLog.validator.rules.utils.EnumReferenceRuleProducer
2032:             1             16  com.intellij.internal.statistic.eventLog.validator.rules.utils.EnumRuleProducer
2033:             1             16  com.intellij.internal.statistic.eventLog.validator.rules.utils.RegexpReferenceRuleProducer
2034:             1             16  com.intellij.internal.statistic.eventLog.validator.rules.utils.RegexpRuleProducer
2035:             1             16  com.intellij.internal.statistic.eventLog.validator.rules.utils.RejectingUtilRuleProducer
2036:             1             16  com.intellij.internal.statistic.eventLog.validator.rules.utils.ValidationSimpleRuleFactory
2037:             1             16  com.intellij.internal.statistic.eventLog.validator.rules.utils.ValidationSimpleRuleFactory$$Lambda$74/0x00000001001ea848
2038:             1             16  com.intellij.internal.statistic.eventLog.validator.rules.utils.ValidationSimpleRuleFactory$$Lambda$76/0x00000001001eb7c8
2039:             1             16  com.jetbrains.fus.reporting.model.lion3.LogEvent$$serializer
2040:             1             16  com.jetbrains.fus.reporting.model.lion3.LogEvent$Companion
2041:             1             16  com.jetbrains.fus.reporting.model.lion3.LogEventAction$$serializer
2042:             1             16  com.jetbrains.fus.reporting.model.lion3.LogEventAction$Companion
2043:             1             16  com.jetbrains.fus.reporting.model.lion3.LogEventGroup$$serializer
2044:             1             16  com.jetbrains.fus.reporting.model.lion3.LogEventGroup$Companion
2045:             1             16  com.jetbrains.fus.reporting.model.lion3.ValidatedFusRecord$Companion
2046:             1             16  com.jetbrains.fus.reporting.model.lion3.ValidatedFusReport$Companion
2047:             1             16  com.jetbrains.fus.reporting.model.metadata.EventGroupRemoteDescriptors$$serializer
2048:             1             16  com.jetbrains.fus.reporting.model.metadata.EventGroupRemoteDescriptors$Companion
2049:             1             16  com.jetbrains.fus.reporting.model.metadata.EventGroupRemoteDescriptors$EventGroupRemoteDescriptor$$serializer
2050:             1             16  com.jetbrains.fus.reporting.model.metadata.EventGroupRemoteDescriptors$EventGroupRemoteDescriptor$Companion
2051:             1             16  com.jetbrains.fus.reporting.model.metadata.EventGroupRemoteDescriptors$GroupBuildRange$$serializer
2052:             1             16  com.jetbrains.fus.reporting.model.metadata.EventGroupRemoteDescriptors$GroupBuildRange$Companion
2053:             1             16  com.jetbrains.fus.reporting.model.metadata.EventGroupRemoteDescriptors$GroupRemoteRule$$serializer
2054:             1             16  com.jetbrains.fus.reporting.model.metadata.EventGroupRemoteDescriptors$GroupRemoteRule$Companion
2055:             1             16  com.jetbrains.fus.reporting.model.metadata.EventGroupRemoteDescriptors$GroupVersionRange$$serializer
2056:             1             16  com.jetbrains.fus.reporting.model.metadata.EventGroupRemoteDescriptors$GroupVersionRange$Companion
2057:             1             16  com.jetbrains.fus.reporting.schema.EventFields
2058:             1             16  com.jetbrains.fus.reporting.schema.EventFields$Enum$1
2059:             1             16  com.jetbrains.fus.reporting.schema.FieldValue$Companion
2060:             1             16  com.jetbrains.fus.reporting.schema.FieldsValues$Companion
2061:             1             16  com.jetbrains.toolbox.ApplicationFilters
2062:             1             16  com.jetbrains.toolbox.ApplicationManagerImpl$Companion
2063:             1             16  com.jetbrains.toolbox.ApplicationManagerKt$special$$inlined$CoroutineExceptionHandler$1
2064:             1             16  com.jetbrains.toolbox.ApplicationPackagePatcher$Companion
2065:             1             16  com.jetbrains.toolbox.Build
2066:             1             16  com.jetbrains.toolbox.BuildNumber$$serializer
2067:             1             16  com.jetbrains.toolbox.BuildNumber$Companion
2068:             1             16  com.jetbrains.toolbox.CapabilitiesKt$toolboxAppCapabilitiesTemplate$2
2069:             1             16  com.jetbrains.toolbox.CommandLine
2070:             1             16  com.jetbrains.toolbox.CommandLine$getArgumentValue$1
2071:             1             16  com.jetbrains.toolbox.CommandLine$graphicsApi$1
2072:             1             16  com.jetbrains.toolbox.DetectedApplicationHistory
2073:             1             16  com.jetbrains.toolbox.DetectedApplicationsFeed
2074:             1             16  com.jetbrains.toolbox.DownloadSession$Key
2075:             1             16  com.jetbrains.toolbox.EndUserAgreementManagerImpl$Companion
2076:             1             16  com.jetbrains.toolbox.EndUserAgreementManagerImpl$euaText$2
2077:             1             16  com.jetbrains.toolbox.FileSerializer
2078:             1             16  com.jetbrains.toolbox.GlobalHotkey$$Lambda$150/0x0000000100399da0
2079:             1             16  com.jetbrains.toolbox.IntelliJSettings$Companion
2080:             1             16  com.jetbrains.toolbox.JavaPreferences
2081:             1             16  com.jetbrains.toolbox.JavaPreferences$bytes$2
2082:             1             16  com.jetbrains.toolbox.JavaPreferences$path$2
2083:             1             16  com.jetbrains.toolbox.JetBrainsAnalyticsImpl$$Lambda$73/0x00000001001e88d8
2084:             1             16  com.jetbrains.toolbox.JetBrainsAnalyticsImpl$Companion
2085:             1             16  com.jetbrains.toolbox.JetBrainsAnalyticsImpl$json$1
2086:             1             16  com.jetbrains.toolbox.JetBrainsAnalyticsImpl$jsonPrettyPrinted$1
2087:             1             16  com.jetbrains.toolbox.JetBrainsAnalyticsImpl$logWriter$1
2088:             1             16  com.jetbrains.toolbox.JetBrainsAnalyticsImpl$reportSendingEventsUnsafe$1
2089:             1             16  com.jetbrains.toolbox.JetBrainsProtocolHandler
2090:             1             16  com.jetbrains.toolbox.LocalApplicationsFilter$Companion
2091:             1             16  com.jetbrains.toolbox.LocalChannel$$serializer
2092:             1             16  com.jetbrains.toolbox.LocalChannel$Companion
2093:             1             16  com.jetbrains.toolbox.LocalFeedItem$$Lambda$113/0x00000001003018c8
2094:             1             16  com.jetbrains.toolbox.LocalFeedItem$$serializer
2095:             1             16  com.jetbrains.toolbox.LocalFeedItem$Companion
2096:             1             16  com.jetbrains.toolbox.NotificationsWindows
2097:             1             16  com.jetbrains.toolbox.OS
2098:             1             16  com.jetbrains.toolbox.OS$cpuArch$2
2099:             1             16  com.jetbrains.toolbox.OS$isMacArm$2
2100:             1             16  com.jetbrains.toolbox.OS$systemCharset$2
2101:             1             16  com.jetbrains.toolbox.OSIntegrationManagerImpl$Companion
2102:             1             16  com.jetbrains.toolbox.OSIntegrationManagerImpl$clipboard$2
2103:             1             16  com.jetbrains.toolbox.OSIntegrationManagerWindows$Companion
2104:             1             16  com.jetbrains.toolbox.OSKt$expandEnvironmentVariables$1
2105:             1             16  com.jetbrains.toolbox.OSKt$expandEnvironmentVariables$2
2106:             1             16  com.jetbrains.toolbox.OSKt$linuxOsReleaseInfo$2
2107:             1             16  com.jetbrains.toolbox.OSLinksWindows$$Lambda$152/0x00000001003a1f60
2108:             1             16  com.jetbrains.toolbox.Point$Companion
2109:             1             16  com.jetbrains.toolbox.ProjectCache
2110:             1             16  com.jetbrains.toolbox.ReSharperInstaller$Companion
2111:             1             16  com.jetbrains.toolbox.RefreshingValue$Companion
2112:             1             16  com.jetbrains.toolbox.SignatureManager
2113:             1             16  com.jetbrains.toolbox.SpaceAppAutoUpdateDisabler$Companion
2114:             1             16  com.jetbrains.toolbox.SpaceAppAutoUpdateDisabler$Companion$spaceConfigFile$2
2115:             1             16  com.jetbrains.toolbox.StandardPaths
2116:             1             16  com.jetbrains.toolbox.StandardPaths$AdditionalSystemInstallPaths$2
2117:             1             16  com.jetbrains.toolbox.StandardPaths$SystemInstallPath$2
2118:             1             16  com.jetbrains.toolbox.StatisticsManagerImpl$1$1
2119:             1             16  com.jetbrains.toolbox.Storage$$serializer
2120:             1             16  com.jetbrains.toolbox.Storage$Companion
2121:             1             16  com.jetbrains.toolbox.StorageManagerImpl$1$1
2122:             1             16  com.jetbrains.toolbox.StorageManagerImpl$parser$1
2123:             1             16  com.jetbrains.toolbox.Strings$Companion
2124:             1             16  com.jetbrains.toolbox.Tab$$serializer
2125:             1             16  com.jetbrains.toolbox.Tab$Companion
2126:             1             16  com.jetbrains.toolbox.Tab$Companion$$cachedSerializer$delegate$1
2127:             1             16  com.jetbrains.toolbox.UIModalState$Normal
2128:             1             16  com.jetbrains.toolbox.UpdateManagerApplicationsFilter
2129:             1             16  com.jetbrains.toolbox.UpdateManagerImpl$2$1
2130:             1             16  com.jetbrains.toolbox.UtilKt$toHex$1
2131:             1             16  com.jetbrains.toolbox.VisualStudio$Companion
2132:             1             16  com.jetbrains.toolbox.VisualStudio2017
2133:             1             16  com.jetbrains.toolbox.VisualStudioApplicationsFilter
2134:             1             16  com.jetbrains.toolbox.VmOptionsEditor$Companion
2135:             1             16  com.jetbrains.toolbox.WellKnownApplications
2136:             1             16  com.jetbrains.toolbox.WindowsFileAssociationsUpdater$2$invokeSuspend$$inlined$map$1
2137:             1             16  com.jetbrains.toolbox.WindowsFileAssociationsUpdater$2$invokeSuspend$$inlined$map$1$2
2138:             1             16  com.jetbrains.toolbox.WindowsFileAssociationsUpdater$Companion
2139:             1             16  com.jetbrains.toolbox.WindowsFileAssociationsUpdater$WindowsAssociationsImpl$createArgsString$1
2140:             1             16  com.jetbrains.toolbox.accounts.AccountManagerImpl$accountJson$1
2141:             1             16  com.jetbrains.toolbox.accounts.AccountProviderImpl$authState$1
2142:             1             16  com.jetbrains.toolbox.accounts.AccountsJson$Companion
2143:             1             16  com.jetbrains.toolbox.accounts.JetBrainsAccountSecureToken$$serializer
2144:             1             16  com.jetbrains.toolbox.accounts.JetBrainsAccountSecureToken$Companion
2145:             1             16  com.jetbrains.toolbox.accounts.OAuthSecureToken$$serializer
2146:             1             16  com.jetbrains.toolbox.accounts.OAuthSecureToken$Companion
2147:             1             16  com.jetbrains.toolbox.accounts.SecureAccountToken$Companion
2148:             1             16  com.jetbrains.toolbox.accounts.SecureAccountToken$Companion$$cachedSerializer$delegate$1
2149:             1             16  com.jetbrains.toolbox.accounts.oauth.jba.JBAConstants
2150:             1             16  com.jetbrains.toolbox.accounts.oauth.jba.JetBrainsAccountProviderImpl$activeAccount$1
2151:             1             16  com.jetbrains.toolbox.accounts.oauth.space.SpaceAccountConstants
2152:             1             16  com.jetbrains.toolbox.accounts.oauth.space.SpaceDetailsProvider
2153:             1             16  com.jetbrains.toolbox.accounts.oauth.space.SpaceLoginProtocolHandler
2154:             1             16  com.jetbrains.toolbox.datamodel.ApplicationIdAndChannel$$serializer
2155:             1             16  com.jetbrains.toolbox.datamodel.ApplicationIdAndChannel$Companion
2156:             1             16  com.jetbrains.toolbox.datamodel.ApplicationManagerModelLocalEntry$$Lambda$114/0x0000000100311df8
2157:             1             16  com.jetbrains.toolbox.datamodel.ApplicationManagerModelLocalEntry$Companion
2158:             1             16  com.jetbrains.toolbox.datamodel.ApplicationManagerModelRemoteEntry$$Lambda$118/0x000000010031c370
2159:             1             16  com.jetbrains.toolbox.datamodel.ApplicationManagerModelRemoteEntry$Companion
2160:             1             16  com.jetbrains.toolbox.datamodel.ApplicationManagerModelRemoteFeedItem$Companion
2161:             1             16  com.jetbrains.toolbox.datamodel.ChannelSettings$$serializer
2162:             1             16  com.jetbrains.toolbox.datamodel.ChannelSettings$Companion
2163:             1             16  com.jetbrains.toolbox.datamodel.CustomNamesModel$Companion
2164:             1             16  com.jetbrains.toolbox.datamodel.FreshnessPeriod$$serializer
2165:             1             16  com.jetbrains.toolbox.datamodel.GraphicsApi$Companion
2166:             1             16  com.jetbrains.toolbox.datamodel.GraphicsApi$Companion$$cachedSerializer$delegate$1
2167:             1             16  com.jetbrains.toolbox.datamodel.HistoryAction$$serializer
2168:             1             16  com.jetbrains.toolbox.datamodel.HistoryAction$Companion
2169:             1             16  com.jetbrains.toolbox.datamodel.HistoryAction$Companion$$cachedSerializer$delegate$1
2170:             1             16  com.jetbrains.toolbox.datamodel.InstallationHistory$$serializer
2171:             1             16  com.jetbrains.toolbox.datamodel.InstallationHistory$Companion
2172:             1             16  com.jetbrains.toolbox.datamodel.InstallationHistoryEntry$$serializer
2173:             1             16  com.jetbrains.toolbox.datamodel.InstallationHistoryEntry$Companion
2174:             1             16  com.jetbrains.toolbox.datamodel.IntelliJApiNotification$$serializer
2175:             1             16  com.jetbrains.toolbox.datamodel.IntelliJApiNotification$Companion
2176:             1             16  com.jetbrains.toolbox.datamodel.IntelliJModel$Companion
2177:             1             16  com.jetbrains.toolbox.datamodel.InternalSettings$Companion
2178:             1             16  com.jetbrains.toolbox.datamodel.JetBrainsAccountSettings
2179:             1             16  com.jetbrains.toolbox.datamodel.JetBrainsAccountSettings$Companion
2180:             1             16  com.jetbrains.toolbox.datamodel.JsonKt$Jsonx$1
2181:             1             16  com.jetbrains.toolbox.datamodel.JsonKt$JsonxPrettyPrinted$1
2182:             1             16  com.jetbrains.toolbox.datamodel.LeftoverIDEDirectoryInfo$Companion
2183:             1             16  com.jetbrains.toolbox.datamodel.LeftoverIDEDirectoryInfo$Companion$Application$$Lambda$156/0x00000001003a8000
2184:             1             16  com.jetbrains.toolbox.datamodel.LeftoverIDEDirectoryInfo$Companion$Application$Companion
2185:             1             16  com.jetbrains.toolbox.datamodel.LeftoverIDEDirectoryInfo$Companion$Application$Companion$COMPARATOR$1
2186:             1             16  com.jetbrains.toolbox.datamodel.LeftoverIDEDirectoryInfo$Companion$Application$Companion$COMPARATOR$2
2187:             1             16  com.jetbrains.toolbox.datamodel.LeftoverIDEDirectoryInfo$sam$java_util_function_Function$0
2188:             1             16  com.jetbrains.toolbox.datamodel.ModelHolder$special$$inlined$map$1
2189:             1             16  com.jetbrains.toolbox.datamodel.ModelHolder$special$$inlined$map$1$2
2190:             1             16  com.jetbrains.toolbox.datamodel.ModelHolder$special$$inlined$map$2
2191:             1             16  com.jetbrains.toolbox.datamodel.ModelHolder$special$$inlined$map$2$2
2192:             1             16  com.jetbrains.toolbox.datamodel.ModelHolder$special$$inlined$map$3
2193:             1             16  com.jetbrains.toolbox.datamodel.ModelHolder$special$$inlined$map$3$2
2194:             1             16  com.jetbrains.toolbox.datamodel.ModelHolder$special$$inlined$map$4
2195:             1             16  com.jetbrains.toolbox.datamodel.ModelHolder$special$$inlined$map$4$2
2196:             1             16  com.jetbrains.toolbox.datamodel.ModelHolder$special$$inlined$map$5
2197:             1             16  com.jetbrains.toolbox.datamodel.ModelHolder$special$$inlined$map$5$2
2198:             1             16  com.jetbrains.toolbox.datamodel.NetworkSettings$Companion
2199:             1             16  com.jetbrains.toolbox.datamodel.NotificationPayload$$serializer
2200:             1             16  com.jetbrains.toolbox.datamodel.NotificationPayload$Companion
2201:             1             16  com.jetbrains.toolbox.datamodel.OpenItem$$serializer
2202:             1             16  com.jetbrains.toolbox.datamodel.OpenItem$Companion
2203:             1             16  com.jetbrains.toolbox.datamodel.OpenItem$special$$inlined$compareBy$1
2204:             1             16  com.jetbrains.toolbox.datamodel.OpenItem$special$$inlined$thenBy$1
2205:             1             16  com.jetbrains.toolbox.datamodel.OpenItem$special$$inlined$thenBy$2
2206:             1             16  com.jetbrains.toolbox.datamodel.OpenItem$special$$inlined$thenBy$3
2207:             1             16  com.jetbrains.toolbox.datamodel.OrderingSettings$$serializer
2208:             1             16  com.jetbrains.toolbox.datamodel.OrderingSettings$Companion
2209:             1             16  com.jetbrains.toolbox.datamodel.PluginInfo$$serializer
2210:             1             16  com.jetbrains.toolbox.datamodel.ProductInfo$$serializer
2211:             1             16  com.jetbrains.toolbox.datamodel.ProductInfo$Companion
2212:             1             16  com.jetbrains.toolbox.datamodel.ProxyAuthSettings
2213:             1             16  com.jetbrains.toolbox.datamodel.ProxyAuthSettings$Companion
2214:             1             16  com.jetbrains.toolbox.datamodel.ProxySettings$Companion
2215:             1             16  com.jetbrains.toolbox.datamodel.ProxyType$Companion
2216:             1             16  com.jetbrains.toolbox.datamodel.ProxyType$Companion$$cachedSerializer$delegate$1
2217:             1             16  com.jetbrains.toolbox.datamodel.SelfSettings$$serializer
2218:             1             16  com.jetbrains.toolbox.datamodel.SelfSettings$Companion
2219:             1             16  com.jetbrains.toolbox.datamodel.SelfSettings$Companion$diskWriter$1
2220:             1             16  com.jetbrains.toolbox.datamodel.SelfSettings$Companion$parser$1
2221:             1             16  com.jetbrains.toolbox.datamodel.SelfSettings$Companion$stringer$1
2222:             1             16  com.jetbrains.toolbox.datamodel.ShellScriptsModel$Companion
2223:             1             16  com.jetbrains.toolbox.datamodel.ShellScriptsSettings$$serializer
2224:             1             16  com.jetbrains.toolbox.datamodel.ShellScriptsSettings$Companion
2225:             1             16  com.jetbrains.toolbox.datamodel.StatisticsSettings
2226:             1             16  com.jetbrains.toolbox.datamodel.StatisticsSettings$$serializer
2227:             1             16  com.jetbrains.toolbox.datamodel.StatisticsSettings$Companion
2228:             1             16  com.jetbrains.toolbox.datamodel.Theme$Companion
2229:             1             16  com.jetbrains.toolbox.datamodel.Theme$Companion$$cachedSerializer$delegate$1
2230:             1             16  com.jetbrains.toolbox.datamodel.ToolOpenItem$Companion
2231:             1             16  com.jetbrains.toolbox.datamodel.ToolSettingsModel$Companion
2232:             1             16  com.jetbrains.toolbox.datamodel.ToolsSettings
2233:             1             16  com.jetbrains.toolbox.datamodel.ToolsSettings$$serializer
2234:             1             16  com.jetbrains.toolbox.datamodel.ToolsSettings$Companion
2235:             1             16  com.jetbrains.toolbox.datamodel.UILanguage$$serializer
2236:             1             16  com.jetbrains.toolbox.datamodel.UILanguage$1
2237:             1             16  com.jetbrains.toolbox.datamodel.UILanguage$10
2238:             1             16  com.jetbrains.toolbox.datamodel.UILanguage$11
2239:             1             16  com.jetbrains.toolbox.datamodel.UILanguage$12
2240:             1             16  com.jetbrains.toolbox.datamodel.UILanguage$13
2241:             1             16  com.jetbrains.toolbox.datamodel.UILanguage$2
2242:             1             16  com.jetbrains.toolbox.datamodel.UILanguage$3
2243:             1             16  com.jetbrains.toolbox.datamodel.UILanguage$4
2244:             1             16  com.jetbrains.toolbox.datamodel.UILanguage$5
2245:             1             16  com.jetbrains.toolbox.datamodel.UILanguage$6
2246:             1             16  com.jetbrains.toolbox.datamodel.UILanguage$7
2247:             1             16  com.jetbrains.toolbox.datamodel.UILanguage$8
2248:             1             16  com.jetbrains.toolbox.datamodel.UILanguage$9
2249:             1             16  com.jetbrains.toolbox.datamodel.UILanguage$Companion
2250:             1             16  com.jetbrains.toolbox.datamodel.UILanguage$Companion$$cachedSerializer$delegate$1
2251:             1             16  com.jetbrains.toolbox.datamodel.UISettings$$serializer
2252:             1             16  com.jetbrains.toolbox.datamodel.UISettings$Companion
2253:             1             16  com.jetbrains.toolbox.datamodel.Update$$serializer
2254:             1             16  com.jetbrains.toolbox.datamodel.Update$Companion
2255:             1             16  com.jetbrains.toolbox.datamodel.UpdateFilter$$serializer
2256:             1             16  com.jetbrains.toolbox.datamodel.UpdateFilter$Companion
2257:             1             16  com.jetbrains.toolbox.datamodel.UpdateSettings$Companion
2258:             1             16  com.jetbrains.toolbox.datamodel.VcsInfo$Companion
2259:             1             16  com.jetbrains.toolbox.datamodel.project.IconId$$serializer
2260:             1             16  com.jetbrains.toolbox.datamodel.project.IconId$Companion
2261:             1             16  com.jetbrains.toolbox.datamodel.project.LocalProject$$serializer
2262:             1             16  com.jetbrains.toolbox.datamodel.project.LocalProject$Companion
2263:             1             16  com.jetbrains.toolbox.datamodel.project.Project$Companion
2264:             1             16  com.jetbrains.toolbox.datamodel.project.Project$Companion$$cachedSerializer$delegate$1
2265:             1             16  com.jetbrains.toolbox.datamodel.project.Project$special$$inlined$compareBy$1
2266:             1             16  com.jetbrains.toolbox.datamodel.project.Project$special$$inlined$thenBy$1
2267:             1             16  com.jetbrains.toolbox.datamodel.project.ProjectsModel$Companion
2268:             1             16  com.jetbrains.toolbox.datamodel.project.RemoteProject$$serializer
2269:             1             16  com.jetbrains.toolbox.datamodel.project.RemoteProject$Companion
2270:             1             16  com.jetbrains.toolbox.datamodel.settings.CustomNameSettingsModelSectionProvider
2271:             1             16  com.jetbrains.toolbox.datamodel.settings.IntelliJSettingsModelSectionProvider$Companion
2272:             1             16  com.jetbrains.toolbox.datamodel.settings.ReSharperSettingsModelSectionProvider
2273:             1             16  com.jetbrains.toolbox.enterprise.EnterpriseAppVersionChecker$1$invokeSuspend$$inlined$filter$1
2274:             1             16  com.jetbrains.toolbox.enterprise.EnterpriseAppVersionChecker$1$invokeSuspend$$inlined$filter$1$2
2275:             1             16  com.jetbrains.toolbox.enterprise.EnterpriseApplicationHandler$1$2
2276:             1             16  com.jetbrains.toolbox.enterprise.EnterpriseApplicationHandler$1$invokeSuspend$$inlined$filter$1$2
2277:             1             16  com.jetbrains.toolbox.enterprise.EnterpriseApplicationHandler$disableEnterprise$2
2278:             1             16  com.jetbrains.toolbox.enterprise.EnterpriseApplicationHandler$json$1
2279:             1             16  com.jetbrains.toolbox.enterprise.EnterpriseIntelliJAuthManager$json$1
2280:             1             16  com.jetbrains.toolbox.enterprise.EnterpriseVmOptionsManager$Companion
2281:             1             16  com.jetbrains.toolbox.enterprise.EnterpriseVmOptionsManager$removePredefinedVmOptions$1
2282:             1             16  com.jetbrains.toolbox.entry.FileWithBackupWriter
2283:             1             16  com.jetbrains.toolbox.entry.FileWithBackupWriter$Companion
2284:             1             16  com.jetbrains.toolbox.entry.ToolboxEntry
2285:             1             16  com.jetbrains.toolbox.entry.ToolboxEntry$$Lambda$49/0x000000010010d1c8
2286:             1             16  com.jetbrains.toolbox.feed.Activation$$serializer
2287:             1             16  com.jetbrains.toolbox.feed.Activation$Companion
2288:             1             16  com.jetbrains.toolbox.feed.AdditionalInstallAction$$serializer
2289:             1             16  com.jetbrains.toolbox.feed.AdditionalInstallAction$Companion
2290:             1             16  com.jetbrains.toolbox.feed.AdditionalInstallStep$$serializer
2291:             1             16  com.jetbrains.toolbox.feed.AdditionalInstallStep$Companion
2292:             1             16  com.jetbrains.toolbox.feed.ApplicationMajorVersion$$serializer
2293:             1             16  com.jetbrains.toolbox.feed.ApplicationMajorVersion$Companion
2294:             1             16  com.jetbrains.toolbox.feed.ApplicationPackage$$serializer
2295:             1             16  com.jetbrains.toolbox.feed.ApplicationPackage$Companion
2296:             1             16  com.jetbrains.toolbox.feed.ApplicationPackageType$$serializer
2297:             1             16  com.jetbrains.toolbox.feed.ApplicationPackageType$Companion
2298:             1             16  com.jetbrains.toolbox.feed.ApplicationPackageType$Companion$$cachedSerializer$delegate$1
2299:             1             16  com.jetbrains.toolbox.feed.ApplicationQuality$$serializer
2300:             1             16  com.jetbrains.toolbox.feed.ApplicationQuality$Companion
2301:             1             16  com.jetbrains.toolbox.feed.ApplicationType$$serializer
2302:             1             16  com.jetbrains.toolbox.feed.ApplicationType$Companion
2303:             1             16  com.jetbrains.toolbox.feed.AssertChecksum$$serializer
2304:             1             16  com.jetbrains.toolbox.feed.Authenticator$$serializer
2305:             1             16  com.jetbrains.toolbox.feed.Authenticator$Companion
2306:             1             16  com.jetbrains.toolbox.feed.Capabilities
2307:             1             16  com.jetbrains.toolbox.feed.Command$$serializer
2308:             1             16  com.jetbrains.toolbox.feed.Command$Companion
2309:             1             16  com.jetbrains.toolbox.feed.DataUrl$$serializer
2310:             1             16  com.jetbrains.toolbox.feed.DataUrl$Companion
2311:             1             16  com.jetbrains.toolbox.feed.DefaultConfigDirectories$$serializer
2312:             1             16  com.jetbrains.toolbox.feed.DefaultConfigDirectories$Companion
2313:             1             16  com.jetbrains.toolbox.feed.DirectoryPath$$serializer
2314:             1             16  com.jetbrains.toolbox.feed.DirectoryPath$Companion
2315:             1             16  com.jetbrains.toolbox.feed.FeedV2$Companion
2316:             1             16  com.jetbrains.toolbox.feed.IntelliJAuthenticatedPluginsRepoInfo$$serializer
2317:             1             16  com.jetbrains.toolbox.feed.IntelliJConfiguration$$serializer
2318:             1             16  com.jetbrains.toolbox.feed.IntelliJConfiguration$Companion
2319:             1             16  com.jetbrains.toolbox.feed.IntelliJOptions$$serializer
2320:             1             16  com.jetbrains.toolbox.feed.IntelliJOptions$Companion
2321:             1             16  com.jetbrains.toolbox.feed.IntelliJPlatformData$$serializer
2322:             1             16  com.jetbrains.toolbox.feed.IntelliJPlatformData$Companion
2323:             1             16  com.jetbrains.toolbox.feed.IntelliJProductCode$$serializer
2324:             1             16  com.jetbrains.toolbox.feed.IntelliJProductCode$Companion
2325:             1             16  com.jetbrains.toolbox.feed.IsoLocalDateTimeSerializer
2326:             1             16  com.jetbrains.toolbox.feed.JsonFeedParser$Companion
2327:             1             16  com.jetbrains.toolbox.feed.JsonFeedParser$feedFilter$1
2328:             1             16  com.jetbrains.toolbox.feed.JsonFeedParser$feedMapper$1
2329:             1             16  com.jetbrains.toolbox.feed.JsonFeedParser$locationMapper$1
2330:             1             16  com.jetbrains.toolbox.feed.JsonFeedParser$osFilter$1
2331:             1             16  com.jetbrains.toolbox.feed.JsonHelpersKt$json$1
2332:             1             16  com.jetbrains.toolbox.feed.LicenseAgreement$$serializer
2333:             1             16  com.jetbrains.toolbox.feed.LicenseAgreement$Companion
2334:             1             16  com.jetbrains.toolbox.feed.LocalizationPluginInfo$$serializer
2335:             1             16  com.jetbrains.toolbox.feed.LocalizationPluginInfo$Companion
2336:             1             16  com.jetbrains.toolbox.feed.PatchAsserts$$serializer
2337:             1             16  com.jetbrains.toolbox.feed.PatchAsserts$Companion
2338:             1             16  com.jetbrains.toolbox.feed.PatchAssertsStopwords$$serializer
2339:             1             16  com.jetbrains.toolbox.feed.PatchAssertsStopwords$Companion
2340:             1             16  com.jetbrains.toolbox.feed.PatchFormat$$serializer
2341:             1             16  com.jetbrains.toolbox.feed.PatchFormat$Companion
2342:             1             16  com.jetbrains.toolbox.feed.PatchFormat$Companion$$cachedSerializer$delegate$1
2343:             1             16  com.jetbrains.toolbox.feed.ProductOverview$$serializer
2344:             1             16  com.jetbrains.toolbox.feed.ProductOverview$Companion
2345:             1             16  com.jetbrains.toolbox.feed.ProductOverviewAdditionalLink$$serializer
2346:             1             16  com.jetbrains.toolbox.feed.ProductOverviewAdditionalLink$Companion
2347:             1             16  com.jetbrains.toolbox.feed.Progress$$serializer
2348:             1             16  com.jetbrains.toolbox.feed.Progress$Companion
2349:             1             16  com.jetbrains.toolbox.feed.Query$operators$1
2350:             1             16  com.jetbrains.toolbox.feed.Query$operators$2
2351:             1             16  com.jetbrains.toolbox.feed.ReSharperData$$serializer
2352:             1             16  com.jetbrains.toolbox.feed.ReSharperData$Companion
2353:             1             16  com.jetbrains.toolbox.feed.RemoteChecksum$$serializer
2354:             1             16  com.jetbrains.toolbox.feed.RemoteChecksum$Companion
2355:             1             16  com.jetbrains.toolbox.feed.RemoteFeedItem$$serializer
2356:             1             16  com.jetbrains.toolbox.feed.RemoteFeedItem$Companion
2357:             1             16  com.jetbrains.toolbox.feed.RemoteFeedItemLicensing$$serializer
2358:             1             16  com.jetbrains.toolbox.feed.RemoteFeedItemLicensing$Companion
2359:             1             16  com.jetbrains.toolbox.feed.RemoteOs$$serializer
2360:             1             16  com.jetbrains.toolbox.feed.RemoteOs$Companion
2361:             1             16  com.jetbrains.toolbox.feed.RemoteOs$Companion$$cachedSerializer$delegate$1
2362:             1             16  com.jetbrains.toolbox.feed.RemotePatchItem$$serializer
2363:             1             16  com.jetbrains.toolbox.feed.RemotePatchItem$Companion
2364:             1             16  com.jetbrains.toolbox.feed.Service$$serializer
2365:             1             16  com.jetbrains.toolbox.feed.Service$Companion
2366:             1             16  com.jetbrains.toolbox.feed.SupersededApplication$$serializer
2367:             1             16  com.jetbrains.toolbox.feed.SupersededApplication$Companion
2368:             1             16  com.jetbrains.toolbox.feed.SupportedLanguage$$serializer
2369:             1             16  com.jetbrains.toolbox.feed.SupportedLanguage$Companion
2370:             1             16  com.jetbrains.toolbox.feed.UninstallFeedback$$serializer
2371:             1             16  com.jetbrains.toolbox.feed.UninstallFeedback$Companion
2372:             1             16  com.jetbrains.toolbox.feed.UninstallOptions$$serializer
2373:             1             16  com.jetbrains.toolbox.feed.UninstallOptions$Companion
2374:             1             16  com.jetbrains.toolbox.feed.Vendor$$serializer
2375:             1             16  com.jetbrains.toolbox.feed.Vendor$Companion
2376:             1             16  com.jetbrains.toolbox.feed.WhatsNew$$serializer
2377:             1             16  com.jetbrains.toolbox.feed.WhatsNew$Companion
2378:             1             16  com.jetbrains.toolbox.feed.WhatsNewLink$$serializer
2379:             1             16  com.jetbrains.toolbox.feed.WhatsNewLink$Companion
2380:             1             16  com.jetbrains.toolbox.feed.logic.AuthenticatorDefaults
2381:             1             16  com.jetbrains.toolbox.feed.logic.RemoteFeedItemKt$$Lambda$96/0x00000001002c5ed0
2382:             1             16  com.jetbrains.toolbox.feed.logic.RemoteFeedItemKt$$Lambda$97/0x00000001002c6188
2383:             1             16  com.jetbrains.toolbox.feed.logic.RemoteFeedItemKt$$Lambda$98/0x00000001002c6440
2384:             1             16  com.jetbrains.toolbox.fus.Fus$Counters
2385:             1             16  com.jetbrains.toolbox.fus.Fus$States
2386:             1             16  com.jetbrains.toolbox.fus.Fus$States$OS$special$$inlined$Enum$default$1
2387:             1             16  com.jetbrains.toolbox.fus.Fus$States$Settings$Proxy$1
2388:             1             16  com.jetbrains.toolbox.fus.Fus$States$Settings$Theme$1
2389:             1             16  com.jetbrains.toolbox.fus.FusEnums$State$Companion
2390:             1             16  com.jetbrains.toolbox.fus.FusFieldDescriptions$ToolSettings$state$2
2391:             1             16  com.jetbrains.toolbox.i18n.I18nManager$Companion
2392:             1             16  com.jetbrains.toolbox.intellij.IntellijAddressParser
2393:             1             16  com.jetbrains.toolbox.intellij.IntellijPreferenceManager
2394:             1             16  com.jetbrains.toolbox.intellij.notification.IntelliJUpdateNotifier$2$2
2395:             1             16  com.jetbrains.toolbox.intellij.notification.IntelliJUpdateNotifier$2$invokeSuspend$$inlined$filter$1
2396:             1             16  com.jetbrains.toolbox.intellij.notification.IntelliJUpdateNotifier$2$invokeSuspend$$inlined$filter$1$2
2397:             1             16  com.jetbrains.toolbox.intellij.notification.IntelliJUpdateNotifier$updateNotifications$2$1$1
2398:             1             16  com.jetbrains.toolbox.intellij.notification.processor.IdeConnector
2399:             1             16  com.jetbrains.toolbox.interop.LoggingKt$cleanupLogsFolder$2
2400:             1             16  com.jetbrains.toolbox.interop.LoggingKt$cleanupLogsFolder$5
2401:             1             16  com.jetbrains.toolbox.interop.LoggingKt$cleanupLogsFolder$allLogFiles$2
2402:             1             16  com.jetbrains.toolbox.interop.Processes
2403:             1             16  com.jetbrains.toolbox.interop.Win32Integration
2404:             1             16  com.jetbrains.toolbox.interop.Win32Integration$convertArgListToString$1
2405:             1             16  com.jetbrains.toolbox.interop.Win32Nls$Companion
2406:             1             16  com.jetbrains.toolbox.interop.Win32RegistryImpl
2407:             1             16  com.jetbrains.toolbox.interop.Win32Shell32$Companion
2408:             1             16  com.jetbrains.toolbox.interop.cef.NativeGUIProcessKt$$Lambda$146/0x0000000100399030
2409:             1             16  com.jetbrains.toolbox.interop.cef.NativeGUIProcessKt$createToolboxServices$16$1
2410:             1             16  com.jetbrains.toolbox.interop.cef.NativeGUIProcessKt$createToolboxServices$19$1
2411:             1             16  com.jetbrains.toolbox.interop.cef.NativeGUIProcessKt$createToolboxServices$7
2412:             1             16  com.jetbrains.toolbox.manager.Cache$$serializer
2413:             1             16  com.jetbrains.toolbox.manager.Cache$Companion
2414:             1             16  com.jetbrains.toolbox.manager.Onboarding$$serializer
2415:             1             16  com.jetbrains.toolbox.manager.Onboarding$Companion
2416:             1             16  com.jetbrains.toolbox.managers.CacheManagerImpl$parser$1
2417:             1             16  com.jetbrains.toolbox.managers.ToolManagerImpl$Companion
2418:             1             16  com.jetbrains.toolbox.projects.local.IntelliJProjectSource$getFilteredRemoteItems$1
2419:             1             16  com.jetbrains.toolbox.projects.local.IntelliJProjectSource$getProjects$projects$localItemsProjects$1
2420:             1             16  com.jetbrains.toolbox.projects.local.IntelliJProjectSource$getProjects$projects$remoteItemsProjects$1
2421:             1             16  com.jetbrains.toolbox.projects.local.helper.IntellijConfigProvider
2422:             1             16  com.jetbrains.toolbox.projects.local.helper.IntellijConfigProvider$getAppsConfigDirs$remotes$1
2423:             1             16  com.jetbrains.toolbox.projects.local.helper.IntellijConfigProvider$getDefaultConfigDirs$1
2424:             1             16  com.jetbrains.toolbox.projects.local.helper.LocalProjectsHelper
2425:             1             16  com.jetbrains.toolbox.projects.local.helper.LocalProjectsHelper$openItems$2
2426:             1             16  com.jetbrains.toolbox.projects.local.helper.OpenItemManager
2427:             1             16  com.jetbrains.toolbox.services.DataloreServiceGeneratorImpl$Companion
2428:             1             16  com.jetbrains.toolbox.services.DataloreServiceGeneratorImpl$special$$inlined$map$1
2429:             1             16  com.jetbrains.toolbox.services.DataloreServiceGeneratorImpl$special$$inlined$map$1$2
2430:             1             16  com.jetbrains.toolbox.shell.OSShellLaunchersGenerator
2431:             1             16  com.jetbrains.toolbox.shell.OSShellScriptNameResolverImpl
2432:             1             16  com.jetbrains.toolbox.shell.ShellEnvironment$Companion
2433:             1             16  com.jetbrains.toolbox.theme.ThemeManagerImpl$$Lambda$133/0x000000010035afb0
2434:             1             16  com.jetbrains.toolbox.tools.unininstaller.WindowsToolUninstaller
2435:             1             16  com.sun.imageio.stream.StreamCloser$1 (java.desktop@17.0.6)
2436:             1             16  com.sun.jna.JNIEnv
2437:             1             16  com.sun.jna.Native$1
2438:             1             16  com.sun.jna.Native$2
2439:             1             16  com.sun.jna.Native$7
2440:             1             16  com.sun.jna.Structure$1
2441:             1             16  com.sun.jna.Structure$2
2442:             1             16  com.sun.jna.VarArgsChecker$RealVarArgsChecker
2443:             1             16  com.sun.jna.platform.win32.WinReg$HKEYByReference
2444:             1             16  com.sun.jna.ptr.IntByReference
2445:             1             16  com.sun.jna.win32.W32APITypeMapper$1
2446:             1             16  com.sun.management.internal.PlatformMBeanProviderImpl (jdk.management@17.0.6)
2447:             1             16  com.sun.management.internal.PlatformMBeanProviderImpl$$Lambda$16/0x00000001000cfac0 (jdk.management@17.0.6)
2448:             1             16  com.sun.org.apache.xerces.internal.dom.CharacterDataImpl$1 (java.xml@17.0.6)
2449:             1             16  com.sun.org.apache.xerces.internal.impl.dv.dtd.IDDatatypeValidator (java.xml@17.0.6)
2450:             1             16  com.sun.org.apache.xerces.internal.impl.dv.dtd.IDREFDatatypeValidator (java.xml@17.0.6)
2451:             1             16  com.sun.org.apache.xerces.internal.impl.dv.dtd.NMTOKENDatatypeValidator (java.xml@17.0.6)
2452:             1             16  com.sun.org.apache.xerces.internal.impl.dv.dtd.NOTATIONDatatypeValidator (java.xml@17.0.6)
2453:             1             16  com.sun.org.apache.xerces.internal.impl.dv.dtd.StringDatatypeValidator (java.xml@17.0.6)
2454:             1             16  compose.SnackbarManagerImpl$Companion
2455:             1             16  fi.iki.elonen.NanoHTTPD$DefaultServerSocketFactory
2456:             1             16  fi.iki.elonen.NanoHTTPD$DefaultTempFileManagerFactory
2457:             1             16  java.awt.AWTEvent$1 (java.desktop@17.0.6)
2458:             1             16  java.awt.Component$1 (java.desktop@17.0.6)
2459:             1             16  java.awt.Component$AWTTreeLock (java.desktop@17.0.6)
2460:             1             16  java.awt.Component$DummyRequestFocusController (java.desktop@17.0.6)
2461:             1             16  java.awt.EventQueue$1 (java.desktop@17.0.6)
2462:             1             16  java.awt.EventQueue$2 (java.desktop@17.0.6)
2463:             1             16  java.awt.Font$FontAccessImpl (java.desktop@17.0.6)
2464:             1             16  java.awt.GraphicsEnvironment$$Lambda$66/0x0000000100162df8 (java.desktop@17.0.6)
2465:             1             16  java.awt.Image$1 (java.desktop@17.0.6)
2466:             1             16  java.awt.ImageCapabilities (java.desktop@17.0.6)
2467:             1             16  java.awt.Toolkit$3 (java.desktop@17.0.6)
2468:             1             16  java.awt.event.InputEvent$1 (java.desktop@17.0.6)
2469:             1             16  java.awt.event.InvocationEvent$1 (java.desktop@17.0.6)
2470:             1             16  java.awt.font.JavaAWTFontAccessImpl (java.desktop@17.0.6)
2471:             1             16  java.awt.image.DataBuffer$1 (java.desktop@17.0.6)
2472:             1             16  java.beans.PropertyChangeSupport$PropertyChangeListenerMap (java.desktop@17.0.6)
2473:             1             16  java.io.FileDescriptor$1 (java.base@17.0.6)
2474:             1             16  java.io.FilePermission$1 (java.base@17.0.6)
2475:             1             16  java.io.RandomAccessFile$2 (java.base@17.0.6)
2476:             1             16  java.lang.ApplicationShutdownHooks$1 (java.base@17.0.6)
2477:             1             16  java.lang.CharacterData00 (java.base@17.0.6)
2478:             1             16  java.lang.CharacterDataLatin1 (java.base@17.0.6)
2479:             1             16  java.lang.Module$$Lambda$2/0x000000010003e538 (java.base@17.0.6)
2480:             1             16  java.lang.ProcessEnvironment$CheckedEntrySet (java.base@17.0.6)
2481:             1             16  java.lang.ProcessEnvironment$EntryComparator (java.base@17.0.6)
2482:             1             16  java.lang.ProcessEnvironment$NameComparator (java.base@17.0.6)
2483:             1             16  java.lang.ProcessHandleImpl$$Lambda$28/0x00000001000dd350 (java.base@17.0.6)
2484:             1             16  java.lang.Runtime (java.base@17.0.6)
2485:             1             16  java.lang.SecurityManager$$Lambda$10/0x00000001000caa18 (java.base@17.0.6)
2486:             1             16  java.lang.SecurityManager$$Lambda$12/0x00000001000caed0 (java.base@17.0.6)
2487:             1             16  java.lang.SecurityManager$$Lambda$13/0x00000001000cb140 (java.base@17.0.6)
2488:             1             16  java.lang.SecurityManager$$Lambda$4/0x00000001000c5ae8 (java.base@17.0.6)
2489:             1             16  java.lang.SecurityManager$$Lambda$6/0x00000001000c7aa0 (java.base@17.0.6)
2490:             1             16  java.lang.SecurityManager$$Lambda$7/0x00000001000c80d8 (java.base@17.0.6)
2491:             1             16  java.lang.SecurityManager$$Lambda$8/0x00000001000c8a70 (java.base@17.0.6)
2492:             1             16  java.lang.SecurityManager$$Lambda$9/0x00000001000ca7a8 (java.base@17.0.6)
2493:             1             16  java.lang.String$CaseInsensitiveComparator (java.base@17.0.6)
2494:             1             16  java.lang.System$2 (java.base@17.0.6)
2495:             1             16  java.lang.System$LoggerFinder$$Lambda$89/0x000000010024deb8 (java.base@17.0.6)
2496:             1             16  java.lang.Terminator$1 (java.base@17.0.6)
2497:             1             16  java.lang.invoke.ClassSpecializer$1 (java.base@17.0.6)
2498:             1             16  java.lang.invoke.MemberName$Factory (java.base@17.0.6)
2499:             1             16  java.lang.invoke.MethodHandleImpl$1 (java.base@17.0.6)
2500:             1             16  java.lang.invoke.StringConcatFactory$1 (java.base@17.0.6)
2501:             1             16  java.lang.invoke.StringConcatFactory$2 (java.base@17.0.6)
2502:             1             16  java.lang.invoke.StringConcatFactory$3 (java.base@17.0.6)
2503:             1             16  java.lang.invoke.VarHandle$1 (java.base@17.0.6)
2504:             1             16  java.lang.invoke.VarHandleByteArrayAsInts$ArrayHandle$$Lambda$69/0x0000000100173ad8 (java.base@17.0.6)
2505:             1             16  java.lang.invoke.VarHandleByteArrayAsLongs$ArrayHandle$$Lambda$70/0x00000001001744c0 (java.base@17.0.6)
2506:             1             16  java.lang.management.DefaultPlatformMBeanProvider (java.management@17.0.6)
2507:             1             16  java.lang.management.ManagementFactory$$Lambda$15/0x00000001000cbce8 (java.management@17.0.6)
2508:             1             16  java.lang.module.ModuleDescriptor$1 (java.base@17.0.6)
2509:             1             16  java.lang.module.ModuleDescriptor$Builder$$Lambda$45/0x00000001000ad8b0 (java.base@17.0.6)
2510:             1             16  java.lang.ref.Cleaner (java.base@17.0.6)
2511:             1             16  java.lang.ref.Cleaner$1 (java.base@17.0.6)
2512:             1             16  java.lang.ref.Reference$1 (java.base@17.0.6)
2513:             1             16  java.lang.reflect.Proxy$$Lambda$43/0x00000001000ac320 (java.base@17.0.6)
2514:             1             16  java.lang.reflect.Proxy$ProxyBuilder$$Lambda$44/0x00000001000ad208 (java.base@17.0.6)
2515:             1             16  java.lang.reflect.ProxyGenerator$$Lambda$47/0x00000001000ae760 (java.base@17.0.6)
2516:             1             16  java.lang.reflect.ProxyGenerator$$Lambda$48/0x00000001000ae9c0 (java.base@17.0.6)
2517:             1             16  java.lang.reflect.ReflectAccess (java.base@17.0.6)
2518:             1             16  java.net.InetAddress$1 (java.base@17.0.6)
2519:             1             16  java.net.InetAddress$PlatformNameService (java.base@17.0.6)
2520:             1             16  java.net.SocketImpl$$Lambda$129/0x00000001002fa6d0 (java.base@17.0.6)
2521:             1             16  java.net.URI$1 (java.base@17.0.6)
2522:             1             16  java.net.URL$3 (java.base@17.0.6)
2523:             1             16  java.net.URL$DefaultFactory (java.base@17.0.6)
2524:             1             16  java.nio.Bits$1 (java.base@17.0.6)
2525:             1             16  java.nio.Buffer$1 (java.base@17.0.6)
2526:             1             16  java.nio.file.Files$AcceptAllFilter (java.base@17.0.6)
2527:             1             16  java.security.AllPermission (java.base@17.0.6)
2528:             1             16  java.security.AllPermissionCollection (java.base@17.0.6)
2529:             1             16  java.security.ProtectionDomain$JavaSecurityAccessImpl (java.base@17.0.6)
2530:             1             16  java.security.Signature$1 (java.base@17.0.6)
2531:             1             16  java.security.cert.CertPathHelperImpl (java.base@17.0.6)
2532:             1             16  java.security.spec.EncodedKeySpec$1 (java.base@17.0.6)
2533:             1             16  java.text.DecimalFormatSymbols$$Lambda$53/0x00000001000bf4a8 (java.base@17.0.6)
2534:             1             16  java.time.Clock$SystemClock (java.base@17.0.6)
2535:             1             16  java.time.OffsetDateTime$$Lambda$126/0x00000001002f8a50 (java.base@17.0.6)
2536:             1             16  java.time.chrono.IsoChronology (java.base@17.0.6)
2537:             1             16  java.time.format.DateTimeFormatter$$Lambda$59/0x000000010014edb8 (java.base@17.0.6)
2538:             1             16  java.time.format.DateTimeFormatter$$Lambda$60/0x000000010014eff8 (java.base@17.0.6)
2539:             1             16  java.time.format.DateTimeFormatterBuilder$$Lambda$58/0x0000000100144898 (java.base@17.0.6)
2540:             1             16  java.time.format.DateTimeFormatterBuilder$InstantPrinterParser (java.base@17.0.6)
2541:             1             16  java.time.format.DateTimeTextProvider (java.base@17.0.6)
2542:             1             16  java.time.format.DateTimeTextProvider$1 (java.base@17.0.6)
2543:             1             16  java.time.temporal.TemporalQueries$1 (java.base@17.0.6)
2544:             1             16  java.time.temporal.TemporalQueries$2 (java.base@17.0.6)
2545:             1             16  java.time.temporal.TemporalQueries$3 (java.base@17.0.6)
2546:             1             16  java.time.temporal.TemporalQueries$4 (java.base@17.0.6)
2547:             1             16  java.time.temporal.TemporalQueries$5 (java.base@17.0.6)
2548:             1             16  java.time.temporal.TemporalQueries$6 (java.base@17.0.6)
2549:             1             16  java.time.temporal.TemporalQueries$7 (java.base@17.0.6)
2550:             1             16  java.util.Collections$EmptyEnumeration (java.base@17.0.6)
2551:             1             16  java.util.Collections$EmptyIterator (java.base@17.0.6)
2552:             1             16  java.util.Collections$EmptyList (java.base@17.0.6)
2553:             1             16  java.util.Collections$EmptySet (java.base@17.0.6)
2554:             1             16  java.util.EnumMap$1 (java.base@17.0.6)
2555:             1             16  java.util.Locale$Builder (java.base@17.0.6)
2556:             1             16  java.util.ResourceBundle$1 (java.base@17.0.6)
2557:             1             16  java.util.ResourceBundle$Control (java.base@17.0.6)
2558:             1             16  java.util.Spliterators$EmptySpliterator$OfDouble (java.base@17.0.6)
2559:             1             16  java.util.Spliterators$EmptySpliterator$OfInt (java.base@17.0.6)
2560:             1             16  java.util.Spliterators$EmptySpliterator$OfLong (java.base@17.0.6)
2561:             1             16  java.util.Spliterators$EmptySpliterator$OfRef (java.base@17.0.6)
2562:             1             16  java.util.concurrent.ConcurrentSkipListMap$KeySet (java.base@17.0.6)
2563:             1             16  java.util.concurrent.ConcurrentSkipListSet (java.base@17.0.6)
2564:             1             16  java.util.concurrent.ForkJoinPool$DefaultCommonPoolForkJoinWorkerThreadFactory (java.base@17.0.6)
2565:             1             16  java.util.concurrent.ForkJoinPool$DefaultForkJoinWorkerThreadFactory (java.base@17.0.6)
2566:             1             16  java.util.concurrent.ThreadPoolExecutor$AbortPolicy (java.base@17.0.6)
2567:             1             16  java.util.jar.JavaUtilJarAccessImpl (java.base@17.0.6)
2568:             1             16  java.util.logging.Level$$Lambda$37/0x00000001000ff470 (java.logging@17.0.6)
2569:             1             16  java.util.logging.Level$KnownLevel$$Lambda$35/0x00000001000fb048 (java.logging@17.0.6)
2570:             1             16  java.util.logging.Level$KnownLevel$$Lambda$36/0x00000001000fb2a8 (java.logging@17.0.6)
2571:             1             16  java.util.logging.Level$KnownLevel$$Lambda$38/0x00000001000ff968 (java.logging@17.0.6)
2572:             1             16  java.util.logging.LogManager$LoggingProviderAccess (java.logging@17.0.6)
2573:             1             16  java.util.logging.LogManager$VisitedLoggers (java.logging@17.0.6)
2574:             1             16  java.util.prefs.WindowsPreferences$$Lambda$72/0x000000010017f858 (java.prefs@17.0.6)
2575:             1             16  java.util.prefs.WindowsPreferencesFactory (java.prefs@17.0.6)
2576:             1             16  java.util.regex.CharPredicates$$Lambda$116/0x00000001002f4970 (java.base@17.0.6)
2577:             1             16  java.util.regex.CharPredicates$$Lambda$61/0x0000000100158070 (java.base@17.0.6)
2578:             1             16  java.util.regex.CharPredicates$$Lambda$90/0x0000000100255530 (java.base@17.0.6)
2579:             1             16  java.util.regex.Pattern$$Lambda$34/0x00000001000f62a8 (java.base@17.0.6)
2580:             1             16  java.util.regex.Pattern$LastNode (java.base@17.0.6)
2581:             1             16  java.util.regex.Pattern$LookBehindEndNode (java.base@17.0.6)
2582:             1             16  java.util.regex.Pattern$Node (java.base@17.0.6)
2583:             1             16  java.util.stream.Collectors$$Lambda$17/0x00000001000d1888 (java.base@17.0.6)
2584:             1             16  java.util.stream.Collectors$$Lambda$18/0x00000001000d1ce8 (java.base@17.0.6)
2585:             1             16  java.util.stream.Collectors$$Lambda$19/0x00000001000d2158 (java.base@17.0.6)
2586:             1             16  java.util.stream.Collectors$$Lambda$20/0x00000001000d23c0 (java.base@17.0.6)
2587:             1             16  java.util.stream.Collectors$$Lambda$25/0x00000001000dae80 (java.base@17.0.6)
2588:             1             16  java.util.stream.Collectors$$Lambda$26/0x00000001000db0c0 (java.base@17.0.6)
2589:             1             16  java.util.stream.Collectors$$Lambda$27/0x00000001000db310 (java.base@17.0.6)
2590:             1             16  java.util.stream.FindOps$FindSink$OfInt$$Lambda$54/0x0000000100140cd8 (java.base@17.0.6)
2591:             1             16  java.util.stream.FindOps$FindSink$OfInt$$Lambda$55/0x0000000100140f48 (java.base@17.0.6)
2592:             1             16  java.util.stream.FindOps$FindSink$OfInt$$Lambda$56/0x0000000100141188 (java.base@17.0.6)
2593:             1             16  java.util.stream.FindOps$FindSink$OfInt$$Lambda$57/0x00000001001413f8 (java.base@17.0.6)
2594:             1             16  java.util.stream.FindOps$FindSink$OfRef$$Lambda$39/0x00000001000a0890 (java.base@17.0.6)
2595:             1             16  java.util.stream.FindOps$FindSink$OfRef$$Lambda$40/0x00000001000a0b00 (java.base@17.0.6)
2596:             1             16  java.util.stream.FindOps$FindSink$OfRef$$Lambda$41/0x00000001000a0d40 (java.base@17.0.6)
2597:             1             16  java.util.stream.FindOps$FindSink$OfRef$$Lambda$42/0x00000001000a0fb0 (java.base@17.0.6)
2598:             1             16  java.util.zip.ZipFile$1 (java.base@17.0.6)
2599:             1             16  javax.crypto.CryptoAllPermissionCollection (java.base@17.0.6)
2600:             1             16  javax.crypto.JceSecurityManager (java.base@17.0.6)
2601:             1             16  javax.crypto.spec.SecretKeySpec$1 (java.base@17.0.6)
2602:             1             16  javax.imageio.spi.IIORegistry (java.desktop@17.0.6)
2603:             1             16  javax.net.DefaultSocketFactory (java.base@17.0.6)
2604:             1             16  javax.swing.event.EventListenerList (java.desktop@17.0.6)
2605:             1             16  jdk.internal.icu.impl.Norm2AllModes$NoopNormalizer2 (java.base@17.0.6)
2606:             1             16  jdk.internal.icu.impl.NormalizerImpl$IsAcceptable (java.base@17.0.6)
2607:             1             16  jdk.internal.icu.impl.Trie2$1 (java.base@17.0.6)
2608:             1             16  jdk.internal.icu.text.NormalizerBase$NFCMode (java.base@17.0.6)
2609:             1             16  jdk.internal.icu.text.NormalizerBase$NFDMode (java.base@17.0.6)
2610:             1             16  jdk.internal.icu.text.NormalizerBase$NFKCMode (java.base@17.0.6)
2611:             1             16  jdk.internal.icu.text.NormalizerBase$NFKDMode (java.base@17.0.6)
2612:             1             16  jdk.internal.icu.text.NormalizerBase$NONEMode (java.base@17.0.6)
2613:             1             16  jdk.internal.icu.text.StringPrep$StringPrepTrieImpl (java.base@17.0.6)
2614:             1             16  jdk.internal.jimage.ImageBufferCache$1 (java.base@17.0.6)
2615:             1             16  jdk.internal.jimage.ImageBufferCache$2 (java.base@17.0.6)
2616:             1             16  jdk.internal.jimage.ImageReaderFactory$1 (java.base@17.0.6)
2617:             1             16  jdk.internal.jimage.ImageStringsReader (java.base@17.0.6)
2618:             1             16  jdk.internal.jimage.decompressor.Decompressor (java.base@17.0.6)
2619:             1             16  jdk.internal.jimage.decompressor.StringSharingDecompressorFactory (java.base@17.0.6)
2620:             1             16  jdk.internal.jimage.decompressor.ZipDecompressor (java.base@17.0.6)
2621:             1             16  jdk.internal.jimage.decompressor.ZipDecompressorFactory (java.base@17.0.6)
2622:             1             16  jdk.internal.logger.LazyLoggers$1 (java.base@17.0.6)
2623:             1             16  jdk.internal.logger.LazyLoggers$LazyLoggerFactories (java.base@17.0.6)
2624:             1             16  jdk.internal.math.FloatingDecimal$1 (java.base@17.0.6)
2625:             1             16  jdk.internal.math.FormattedFloatingDecimal$1 (java.base@17.0.6)
2626:             1             16  jdk.internal.misc.ExtendedMapMode$$Lambda$31/0x00000001000ef278 (java.base@17.0.6)
2627:             1             16  jdk.internal.misc.ScopedMemoryAccess (java.base@17.0.6)
2628:             1             16  jdk.internal.misc.TerminatingThreadLocal$1 (java.base@17.0.6)
2629:             1             16  jdk.internal.misc.Unsafe (java.base@17.0.6)
2630:             1             16  jdk.internal.module.ArchivedBootLayer (java.base@17.0.6)
2631:             1             16  jdk.internal.module.ModuleBootstrap$$Lambda$1/0x0000000100036920 (java.base@17.0.6)
2632:             1             16  jdk.internal.module.ModuleLoaderMap$Mapper (java.base@17.0.6)
2633:             1             16  jdk.internal.module.ModulePatcher (java.base@17.0.6)
2634:             1             16  jdk.internal.module.ModuleTarget (java.base@17.0.6)
2635:             1             16  jdk.internal.perf.Perf (java.base@17.0.6)
2636:             1             16  jdk.internal.reflect.GeneratedConstructorAccessor15 (java.base@17.0.6)
2637:             1             16  jdk.internal.reflect.GeneratedConstructorAccessor16 (java.base@17.0.6)
2638:             1             16  jdk.internal.reflect.GeneratedConstructorAccessor17 (java.base@17.0.6)
2639:             1             16  jdk.internal.reflect.GeneratedConstructorAccessor18 (java.base@17.0.6)
2640:             1             16  jdk.internal.reflect.GeneratedConstructorAccessor19 (java.base@17.0.6)
2641:             1             16  jdk.internal.reflect.GeneratedConstructorAccessor22 (java.base@17.0.6)
2642:             1             16  jdk.internal.reflect.GeneratedConstructorAccessor23 (java.base@17.0.6)
2643:             1             16  jdk.internal.reflect.GeneratedConstructorAccessor25 (java.base@17.0.6)
2644:             1             16  jdk.internal.reflect.GeneratedConstructorAccessor26 (java.base@17.0.6)
2645:             1             16  jdk.internal.reflect.GeneratedConstructorAccessor27 (java.base@17.0.6)
2646:             1             16  jdk.internal.reflect.GeneratedConstructorAccessor28 (java.base@17.0.6)
2647:             1             16  jdk.internal.reflect.GeneratedConstructorAccessor29 (java.base@17.0.6)
2648:             1             16  jdk.internal.reflect.GeneratedConstructorAccessor38 (java.base@17.0.6)
2649:             1             16  jdk.internal.reflect.GeneratedConstructorAccessor39 (java.base@17.0.6)
2650:             1             16  jdk.internal.reflect.GeneratedConstructorAccessor40 (java.base@17.0.6)
2651:             1             16  jdk.internal.reflect.GeneratedConstructorAccessor5 (java.base@17.0.6)
2652:             1             16  jdk.internal.reflect.GeneratedConstructorAccessor60 (java.base@17.0.6)
2653:             1             16  jdk.internal.reflect.GeneratedConstructorAccessor61 (java.base@17.0.6)
2654:             1             16  jdk.internal.reflect.GeneratedConstructorAccessor70 (java.base@17.0.6)
2655:             1             16  jdk.internal.reflect.GeneratedConstructorAccessor71 (java.base@17.0.6)
2656:             1             16  jdk.internal.reflect.GeneratedConstructorAccessor72 (java.base@17.0.6)
2657:             1             16  jdk.internal.reflect.GeneratedConstructorAccessor73 (java.base@17.0.6)
2658:             1             16  jdk.internal.reflect.GeneratedConstructorAccessor74 (java.base@17.0.6)
2659:             1             16  jdk.internal.reflect.GeneratedMethodAccessor1 (java.base@17.0.6)
2660:             1             16  jdk.internal.reflect.ReflectionFactory (java.base@17.0.6)
2661:             1             16  jdk.proxy2.$Proxy10 (jdk.proxy2)
2662:             1             16  jdk.proxy2.$Proxy11 (jdk.proxy2)
2663:             1             16  jdk.proxy2.$Proxy12 (jdk.proxy2)
2664:             1             16  jdk.proxy2.$Proxy13 (jdk.proxy2)
2665:             1             16  jdk.proxy2.$Proxy2 (jdk.proxy2)
2666:             1             16  jdk.proxy2.$Proxy3 (jdk.proxy2)
2667:             1             16  jdk.proxy2.$Proxy4 (jdk.proxy2)
2668:             1             16  jdk.proxy2.$Proxy5 (jdk.proxy2)
2669:             1             16  jdk.proxy2.$Proxy6 (jdk.proxy2)
2670:             1             16  jdk.proxy2.$Proxy7 (jdk.proxy2)
2671:             1             16  jdk.proxy2.$Proxy8 (jdk.proxy2)
2672:             1             16  jdk.xml.internal.SecuritySupport$$Lambda$123/0x00000001002f65c0 (java.xml@17.0.6)
2673:             1             16  jewel.BlockingOverlayState
2674:             1             16  kotlin.Result$Companion
2675:             1             16  kotlin.SafePublicationLazyImpl$Companion
2676:             1             16  kotlin.UByte$Companion
2677:             1             16  kotlin.UInt$Companion
2678:             1             16  kotlin.ULong$Companion
2679:             1             16  kotlin.UNINITIALIZED_VALUE
2680:             1             16  kotlin.UShort$Companion
2681:             1             16  kotlin.Unit
2682:             1             16  kotlin._Assertions
2683:             1             16  kotlin.collections.AbstractList$Companion
2684:             1             16  kotlin.collections.ArrayDeque$Companion
2685:             1             16  kotlin.collections.EmptyIterator
2686:             1             16  kotlin.collections.EmptyList
2687:             1             16  kotlin.collections.EmptyMap
2688:             1             16  kotlin.collections.EmptySet
2689:             1             16  kotlin.comparisons.NaturalOrderComparator
2690:             1             16  kotlin.comparisons.ReverseOrderComparator
2691:             1             16  kotlin.coroutines.ContinuationInterceptor$Key
2692:             1             16  kotlin.coroutines.CoroutineContext$plus$1
2693:             1             16  kotlin.coroutines.EmptyCoroutineContext
2694:             1             16  kotlin.coroutines.jvm.internal.CompletedContinuation
2695:             1             16  kotlin.internal.jdk8.JDK8PlatformImplementations
2696:             1             16  kotlin.internal.jdk8.JDK8PlatformImplementations$ReflectSdkVersion
2697:             1             16  kotlin.jvm.internal.BooleanCompanionObject
2698:             1             16  kotlin.jvm.internal.ByteCompanionObject
2699:             1             16  kotlin.jvm.internal.CallableReference$NoReceiver
2700:             1             16  kotlin.jvm.internal.CharCompanionObject
2701:             1             16  kotlin.jvm.internal.ClassReference$Companion
2702:             1             16  kotlin.jvm.internal.DoubleCompanionObject
2703:             1             16  kotlin.jvm.internal.FloatCompanionObject
2704:             1             16  kotlin.jvm.internal.IntCompanionObject
2705:             1             16  kotlin.jvm.internal.LongCompanionObject
2706:             1             16  kotlin.jvm.internal.ReflectionFactory
2707:             1             16  kotlin.jvm.internal.ShortCompanionObject
2708:             1             16  kotlin.jvm.internal.StringCompanionObject
2709:             1             16  kotlin.jvm.internal.TypeReference$Companion
2710:             1             16  kotlin.random.Random$Default
2711:             1             16  kotlin.random.jdk8.PlatformThreadLocalRandom
2712:             1             16  kotlin.ranges.IntProgression$Companion
2713:             1             16  kotlin.ranges.IntRange$Companion
2714:             1             16  kotlin.ranges.LongProgression$Companion
2715:             1             16  kotlin.ranges.LongRange$Companion
2716:             1             16  kotlin.sequences.SequencesKt__SequenceBuilderKt$sequence$$inlined$Sequence$1
2717:             1             16  kotlin.sequences.SequencesKt__SequencesKt$flatten$1
2718:             1             16  kotlin.sequences.SequencesKt__SequencesKt$flatten$3
2719:             1             16  kotlin.text.Charsets
2720:             1             16  kotlin.text.Regex$Companion
2721:             1             16  kotlin.text.ScreenFloatValueRegEx
2722:             1             16  kotlin.text.StringsKt__IndentKt$getIndentFunction$1
2723:             1             16  kotlin.time.Duration$Companion
2724:             1             16  kotlinx.coroutines.Active
2725:             1             16  kotlinx.coroutines.CoroutineContextKt$hasCopyableElements$1
2726:             1             16  kotlinx.coroutines.CoroutineDispatcher$Key$1
2727:             1             16  kotlinx.coroutines.CoroutineExceptionHandler$Key
2728:             1             16  kotlinx.coroutines.CoroutineName$Key
2729:             1             16  kotlinx.coroutines.Dispatchers
2730:             1             16  kotlinx.coroutines.ExecutorCoroutineDispatcher$Key$1
2731:             1             16  kotlinx.coroutines.GlobalScope
2732:             1             16  kotlinx.coroutines.Job$Key
2733:             1             16  kotlinx.coroutines.NonDisposableHandle
2734:             1             16  kotlinx.coroutines.RemoveOnCancel
2735:             1             16  kotlinx.coroutines.ThreadLocalEventLoop
2736:             1             16  kotlinx.coroutines.Unconfined
2737:             1             16  kotlinx.coroutines.UndispatchedMarker
2738:             1             16  kotlinx.coroutines.channels.Channel$Factory
2739:             1             16  kotlinx.coroutines.channels.ChannelResult$Companion
2740:             1             16  kotlinx.coroutines.channels.ChannelResult$Failed
2741:             1             16  kotlinx.coroutines.flow.FlowKt__DistinctKt$defaultAreEquivalent$1
2742:             1             16  kotlinx.coroutines.flow.FlowKt__DistinctKt$defaultKeySelector$1
2743:             1             16  kotlinx.coroutines.flow.FlowKt__TransformKt$filterNotNull$$inlined$unsafeTransform$1
2744:             1             16  kotlinx.coroutines.flow.FlowKt__TransformKt$filterNotNull$$inlined$unsafeTransform$1$2
2745:             1             16  kotlinx.coroutines.flow.FlowKt__ZipKt$nullArrayFactory$1
2746:             1             16  kotlinx.coroutines.flow.SharingStarted$Companion
2747:             1             16  kotlinx.coroutines.flow.StartedEagerly
2748:             1             16  kotlinx.coroutines.flow.StartedLazily
2749:             1             16  kotlinx.coroutines.flow.internal.FlowCoroutineKt$scopedFlow$$inlined$unsafeFlow$1
2750:             1             16  kotlinx.coroutines.flow.internal.NoOpContinuation
2751:             1             16  kotlinx.coroutines.flow.internal.NopCollector
2752:             1             16  kotlinx.coroutines.flow.internal.SafeCollector$collectContextSize$1
2753:             1             16  kotlinx.coroutines.internal.LockFreeTaskQueue
2754:             1             16  kotlinx.coroutines.internal.LockFreeTaskQueueCore$Companion
2755:             1             16  kotlinx.coroutines.internal.ResizableAtomicArray
2756:             1             16  kotlinx.coroutines.internal.ThreadContextKt$countAll$1
2757:             1             16  kotlinx.coroutines.internal.ThreadContextKt$findOne$1
2758:             1             16  kotlinx.coroutines.internal.ThreadContextKt$updateState$1
2759:             1             16  kotlinx.coroutines.scheduling.CoroutineScheduler$Companion
2760:             1             16  kotlinx.coroutines.scheduling.DefaultIoScheduler
2761:             1             16  kotlinx.coroutines.scheduling.NanoTimeSource
2762:             1             16  kotlinx.coroutines.scheduling.UnlimitedIoScheduler
2763:             1             16  kotlinx.datetime.Clock$System
2764:             1             16  kotlinx.datetime.FixedOffsetTimeZone$Companion
2765:             1             16  kotlinx.datetime.Instant$Companion
2766:             1             16  kotlinx.datetime.LocalDateTime$Companion
2767:             1             16  kotlinx.datetime.TimeZone$Companion
2768:             1             16  kotlinx.datetime.UtcOffset$Companion
2769:             1             16  kotlinx.datetime.serializers.InstantIso8601Serializer
2770:             1             16  kotlinx.serialization.descriptors.PolymorphicKind$SEALED
2771:             1             16  kotlinx.serialization.descriptors.PrimitiveKind$BOOLEAN
2772:             1             16  kotlinx.serialization.descriptors.PrimitiveKind$BYTE
2773:             1             16  kotlinx.serialization.descriptors.PrimitiveKind$CHAR
2774:             1             16  kotlinx.serialization.descriptors.PrimitiveKind$DOUBLE
2775:             1             16  kotlinx.serialization.descriptors.PrimitiveKind$FLOAT
2776:             1             16  kotlinx.serialization.descriptors.PrimitiveKind$INT
2777:             1             16  kotlinx.serialization.descriptors.PrimitiveKind$LONG
2778:             1             16  kotlinx.serialization.descriptors.PrimitiveKind$SHORT
2779:             1             16  kotlinx.serialization.descriptors.PrimitiveKind$STRING
2780:             1             16  kotlinx.serialization.descriptors.SerialDescriptorsKt$buildClassSerialDescriptor$1
2781:             1             16  kotlinx.serialization.descriptors.SerialDescriptorsKt$buildSerialDescriptor$1
2782:             1             16  kotlinx.serialization.descriptors.SerialKind$CONTEXTUAL
2783:             1             16  kotlinx.serialization.descriptors.SerialKind$ENUM
2784:             1             16  kotlinx.serialization.descriptors.StructureKind$CLASS
2785:             1             16  kotlinx.serialization.descriptors.StructureKind$LIST
2786:             1             16  kotlinx.serialization.descriptors.StructureKind$MAP
2787:             1             16  kotlinx.serialization.internal.BooleanSerializer
2788:             1             16  kotlinx.serialization.internal.ByteSerializer
2789:             1             16  kotlinx.serialization.internal.CharSerializer
2790:             1             16  kotlinx.serialization.internal.DoubleSerializer
2791:             1             16  kotlinx.serialization.internal.DurationSerializer
2792:             1             16  kotlinx.serialization.internal.FloatSerializer
2793:             1             16  kotlinx.serialization.internal.IntSerializer
2794:             1             16  kotlinx.serialization.internal.LongSerializer
2795:             1             16  kotlinx.serialization.internal.ShortSerializer
2796:             1             16  kotlinx.serialization.internal.StringSerializer
2797:             1             16  kotlinx.serialization.internal.UByteSerializer
2798:             1             16  kotlinx.serialization.internal.UIntSerializer
2799:             1             16  kotlinx.serialization.internal.ULongSerializer
2800:             1             16  kotlinx.serialization.internal.UShortSerializer
2801:             1             16  kotlinx.serialization.internal.UnitSerializer
2802:             1             16  kotlinx.serialization.json.JsonArray$Companion
2803:             1             16  kotlinx.serialization.json.JsonArraySerializer
2804:             1             16  kotlinx.serialization.json.JsonArraySerializer$JsonArrayDescriptor
2805:             1             16  kotlinx.serialization.json.JsonElement$Companion
2806:             1             16  kotlinx.serialization.json.JsonElementSerializer
2807:             1             16  kotlinx.serialization.json.JsonElementSerializer$descriptor$1
2808:             1             16  kotlinx.serialization.json.JsonElementSerializer$descriptor$1$1
2809:             1             16  kotlinx.serialization.json.JsonElementSerializer$descriptor$1$2
2810:             1             16  kotlinx.serialization.json.JsonElementSerializer$descriptor$1$3
2811:             1             16  kotlinx.serialization.json.JsonElementSerializer$descriptor$1$4
2812:             1             16  kotlinx.serialization.json.JsonElementSerializer$descriptor$1$5
2813:             1             16  kotlinx.serialization.json.JsonLiteralSerializer
2814:             1             16  kotlinx.serialization.json.JsonObject$Companion
2815:             1             16  kotlinx.serialization.json.JsonObject$toString$1
2816:             1             16  kotlinx.serialization.json.JsonObjectSerializer
2817:             1             16  kotlinx.serialization.json.JsonObjectSerializer$JsonObjectDescriptor
2818:             1             16  kotlinx.serialization.json.JsonPrimitive$Companion
2819:             1             16  kotlinx.serialization.json.JsonPrimitiveSerializer
2820:             1             16  kotlinx.serialization.json.internal.CharArrayPool
2821:             1             16  kotlinx.serialization.json.internal.CharMappings
2822:             1             16  kotlinx.serialization.json.internal.DescriptorSchemaCache$Key
2823:             1             16  kotlinx.serialization.json.internal.JsonPath$Tombstone
2824:             1             16  name.kropp.kotlinx.gettext.EmptyRule
2825:             1             16  name.kropp.kotlinx.gettext.Gettext$Companion
2826:             1             16  name.kropp.kotlinx.gettext.PluralRuleToken$LeftParen
2827:             1             16  name.kropp.kotlinx.gettext.PluralRuleToken$QuestionMark
2828:             1             16  name.kropp.kotlinx.gettext.PluralRuleToken$RightParen
2829:             1             16  name.kropp.kotlinx.gettext.PoData$Companion
2830:             1             16  okhttp3.Authenticator$Companion
2831:             1             16  okhttp3.Authenticator$Companion$AuthenticatorNone
2832:             1             16  okhttp3.Cache$Companion
2833:             1             16  okhttp3.Cache$Entry$Companion
2834:             1             16  okhttp3.CacheControl$Companion
2835:             1             16  okhttp3.CertificatePinner$Companion
2836:             1             16  okhttp3.CipherSuite$Companion
2837:             1             16  okhttp3.CipherSuite$Companion$ORDER_BY_NAME$1
2838:             1             16  okhttp3.ConnectionSpec$Companion
2839:             1             16  okhttp3.CookieJar$Companion
2840:             1             16  okhttp3.CookieJar$Companion$NoCookies
2841:             1             16  okhttp3.Dns$Companion
2842:             1             16  okhttp3.Dns$Companion$DnsSystem
2843:             1             16  okhttp3.EventListener$Companion
2844:             1             16  okhttp3.EventListener$Companion$NONE$1
2845:             1             16  okhttp3.Handshake$Companion
2846:             1             16  okhttp3.Headers$Companion
2847:             1             16  okhttp3.HttpUrl$Builder$Companion
2848:             1             16  okhttp3.HttpUrl$Companion
2849:             1             16  okhttp3.MediaType$Companion
2850:             1             16  okhttp3.OkHttpClient$Companion
2851:             1             16  okhttp3.Protocol$Companion
2852:             1             16  okhttp3.RequestBody$Companion
2853:             1             16  okhttp3.ResponseBody$Companion
2854:             1             16  okhttp3.TlsVersion$Companion
2855:             1             16  okhttp3.internal.authenticator.JavaNetAuthenticator
2856:             1             16  okhttp3.internal.cache.CacheInterceptor$Companion
2857:             1             16  okhttp3.internal.cache.CacheStrategy$Companion
2858:             1             16  okhttp3.internal.cache.DiskLruCache$Companion
2859:             1             16  okhttp3.internal.concurrent.TaskRunner$Companion
2860:             1             16  okhttp3.internal.concurrent.TaskRunner$RealBackend
2861:             1             16  okhttp3.internal.concurrent.TaskRunner$runnable$1
2862:             1             16  okhttp3.internal.connection.ConnectInterceptor
2863:             1             16  okhttp3.internal.connection.RealConnection$Companion
2864:             1             16  okhttp3.internal.connection.RealConnectionPool$Companion
2865:             1             16  okhttp3.internal.connection.RouteSelector$Companion
2866:             1             16  okhttp3.internal.http.DatesKt$STANDARD_DATE_FORMAT$1
2867:             1             16  okhttp3.internal.http.HttpMethod
2868:             1             16  okhttp3.internal.http.RequestLine
2869:             1             16  okhttp3.internal.http.RetryAndFollowUpInterceptor$Companion
2870:             1             16  okhttp3.internal.http.StatusLine$Companion
2871:             1             16  okhttp3.internal.http1.HeadersReader$Companion
2872:             1             16  okhttp3.internal.http1.Http1ExchangeCodec$Companion
2873:             1             16  okhttp3.internal.http2.Http2Connection$Listener$Companion
2874:             1             16  okhttp3.internal.http2.Http2Connection$Listener$Companion$REFUSE_INCOMING_STREAMS$1
2875:             1             16  okhttp3.internal.io.FileSystem$Companion
2876:             1             16  okhttp3.internal.io.FileSystem$Companion$SystemFileSystem
2877:             1             16  okhttp3.internal.platform.Jdk9Platform
2878:             1             16  okhttp3.internal.platform.Jdk9Platform$Companion
2879:             1             16  okhttp3.internal.platform.Platform$Companion
2880:             1             16  okhttp3.internal.tls.BasicCertificateChainCleaner$Companion
2881:             1             16  okhttp3.internal.tls.CertificateChainCleaner$Companion
2882:             1             16  okhttp3.internal.tls.OkHostnameVerifier
2883:             1             16  okhttp3.tls.internal.TlsUtil
2884:             1             16  okhttp3.tls.internal.TlsUtil$localhost$2
2885:             1             16  okio.AsyncTimeout$Companion
2886:             1             16  okio.ByteString$Companion
2887:             1             16  okio.FileSystem$Companion
2888:             1             16  okio.NioSystemFileSystem
2889:             1             16  okio.Options$Companion
2890:             1             16  okio.Path$Companion
2891:             1             16  okio.Segment$Companion
2892:             1             16  okio.SegmentPool
2893:             1             16  okio.Timeout$Companion
2894:             1             16  okio.internal.ResourceFileSystem
2895:             1             16  okio.internal.ResourceFileSystem$Companion
2896:             1             16  org.bouncycastle.asn1.DERNull
2897:             1             16  org.bouncycastle.cms.CMSSignedHelper
2898:             1             16  org.bouncycastle.operator.DefaultDigestAlgorithmIdentifierFinder
2899:             1             16  org.bouncycastle.operator.DefaultSignatureNameFinder
2900:             1             16  org.bouncycastle.operator.bc.BcDefaultDigestProvider
2901:             1             16  org.bouncycastle.operator.bc.BcDefaultDigestProvider$1
2902:             1             16  org.bouncycastle.operator.bc.BcDefaultDigestProvider$10
2903:             1             16  org.bouncycastle.operator.bc.BcDefaultDigestProvider$11
2904:             1             16  org.bouncycastle.operator.bc.BcDefaultDigestProvider$12
2905:             1             16  org.bouncycastle.operator.bc.BcDefaultDigestProvider$13
2906:             1             16  org.bouncycastle.operator.bc.BcDefaultDigestProvider$14
2907:             1             16  org.bouncycastle.operator.bc.BcDefaultDigestProvider$15
2908:             1             16  org.bouncycastle.operator.bc.BcDefaultDigestProvider$16
2909:             1             16  org.bouncycastle.operator.bc.BcDefaultDigestProvider$17
2910:             1             16  org.bouncycastle.operator.bc.BcDefaultDigestProvider$18
2911:             1             16  org.bouncycastle.operator.bc.BcDefaultDigestProvider$19
2912:             1             16  org.bouncycastle.operator.bc.BcDefaultDigestProvider$2
2913:             1             16  org.bouncycastle.operator.bc.BcDefaultDigestProvider$20
2914:             1             16  org.bouncycastle.operator.bc.BcDefaultDigestProvider$21
2915:             1             16  org.bouncycastle.operator.bc.BcDefaultDigestProvider$22
2916:             1             16  org.bouncycastle.operator.bc.BcDefaultDigestProvider$23
2917:             1             16  org.bouncycastle.operator.bc.BcDefaultDigestProvider$24
2918:             1             16  org.bouncycastle.operator.bc.BcDefaultDigestProvider$3
2919:             1             16  org.bouncycastle.operator.bc.BcDefaultDigestProvider$4
2920:             1             16  org.bouncycastle.operator.bc.BcDefaultDigestProvider$5
2921:             1             16  org.bouncycastle.operator.bc.BcDefaultDigestProvider$6
2922:             1             16  org.bouncycastle.operator.bc.BcDefaultDigestProvider$7
2923:             1             16  org.bouncycastle.operator.bc.BcDefaultDigestProvider$8
2924:             1             16  org.bouncycastle.operator.bc.BcDefaultDigestProvider$9
2925:             1             16  org.slf4j.helpers.NOPLoggerFactory
2926:             1             16  org.slf4j.helpers.NOPMDCAdapter
2927:             1             16  org.slf4j.helpers.ThreadLocalMapOfStacks
2928:             1             16  org.tinylog.configuration.EnvironmentVariableResolver
2929:             1             16  org.tinylog.configuration.SystemPropertyResolver
2930:             1             16  org.tinylog.core.TinylogContextProvider
2931:             1             16  org.tinylog.core.TinylogContextProvider$InheritableEmptyMapThreadLocal
2932:             1             16  org.tinylog.format.LegacyMessageFormatter
2933:             1             16  org.tinylog.kotlin.Logger
2934:             1             16  org.tinylog.pattern.BundleToken
2935:             1             16  org.tinylog.pattern.ExceptionToken
2936:             1             16  org.tinylog.pattern.MessageToken
2937:             1             16  org.tinylog.pattern.SeverityLevelToken
2938:             1             16  org.tinylog.pattern.SimpleClassNameToken
2939:             1             16  org.tinylog.pattern.ThreadNameToken
2940:             1             16  org.tinylog.runtime.ModernJavaRuntime
2941:             1             16  org.tinylog.runtime.ModernJavaRuntime$ClassContextSecurityManager
2942:             1             16  org.tinylog.runtime.PreciseTimestamp
2943:             1             16  org.tinylog.slf4j.TinylogLoggerFactory
2944:             1             16  org.tinylog.slf4j.TinylogMdcAdapter
2945:             1             16  org.tinylog.writers.raw.RandomAccessFileWriter
2946:             1             16  org.tukaani.xz.ArrayCache
2947:             1             16  sun.awt.AWTThreading$$Lambda$147/0x00000001003d76d0 (java.desktop@17.0.6)
2948:             1             16  sun.awt.AWTThreading$$Lambda$148/0x00000001003d7910 (java.desktop@17.0.6)
2949:             1             16  sun.awt.AWTThreading$$Lambda$151/0x00000001003da530 (java.desktop@17.0.6)
2950:             1             16  sun.awt.AppContext$6 (java.desktop@17.0.6)
2951:             1             16  sun.awt.AppContext$GetAppContextLock (java.desktop@17.0.6)
2952:             1             16  sun.awt.SunDisplayChanger$$Lambda$180/0x0000000100468c10 (java.desktop@17.0.6)
2953:             1             16  sun.awt.SunToolkit$ModalityListenerList (java.desktop@17.0.6)
2954:             1             16  sun.awt.image.PixelConverter (java.desktop@17.0.6)
2955:             1             16  sun.awt.image.PixelConverter$Argb (java.desktop@17.0.6)
2956:             1             16  sun.awt.image.PixelConverter$ArgbBm (java.desktop@17.0.6)
2957:             1             16  sun.awt.image.PixelConverter$ArgbPre (java.desktop@17.0.6)
2958:             1             16  sun.awt.image.PixelConverter$Bgrx (java.desktop@17.0.6)
2959:             1             16  sun.awt.image.PixelConverter$ByteGray (java.desktop@17.0.6)
2960:             1             16  sun.awt.image.PixelConverter$Rgba (java.desktop@17.0.6)
2961:             1             16  sun.awt.image.PixelConverter$RgbaPre (java.desktop@17.0.6)
2962:             1             16  sun.awt.image.PixelConverter$Rgbx (java.desktop@17.0.6)
2963:             1             16  sun.awt.image.PixelConverter$Ushort4444Argb (java.desktop@17.0.6)
2964:             1             16  sun.awt.image.PixelConverter$Ushort555Rgb (java.desktop@17.0.6)
2965:             1             16  sun.awt.image.PixelConverter$Ushort555Rgbx (java.desktop@17.0.6)
2966:             1             16  sun.awt.image.PixelConverter$Ushort565Rgb (java.desktop@17.0.6)
2967:             1             16  sun.awt.image.PixelConverter$UshortGray (java.desktop@17.0.6)
2968:             1             16  sun.awt.image.PixelConverter$Xbgr (java.desktop@17.0.6)
2969:             1             16  sun.awt.image.PixelConverter$Xrgb (java.desktop@17.0.6)
2970:             1             16  sun.awt.windows.WToolkit$$Lambda$136/0x00000001003c2368 (java.desktop@17.0.6)
2971:             1             16  sun.awt.windows.WToolkit$$Lambda$138/0x00000001003c27f0 (java.desktop@17.0.6)
2972:             1             16  sun.awt.windows.WToolkit$$Lambda$141/0x00000001003c2e90 (java.desktop@17.0.6)
2973:             1             16  sun.awt.windows.WToolkit$$Lambda$142/0x00000001003c30d8 (java.desktop@17.0.6)
2974:             1             16  sun.awt.windows.WToolkit$$Lambda$178/0x0000000100464f38 (java.desktop@17.0.6)
2975:             1             16  sun.awt.windows.WToolkit$ToolkitDisposer (java.desktop@17.0.6)
2976:             1             16  sun.java2d.Disposer (java.desktop@17.0.6)
2977:             1             16  sun.java2d.Disposer$$Lambda$134/0x00000001003c1200 (java.desktop@17.0.6)
2978:             1             16  sun.java2d.SunGraphicsEnvironment$$Lambda$179/0x0000000100465be0 (java.desktop@17.0.6)
2979:             1             16  sun.java2d.SurfaceData$PixelToShapeLoopConverter (java.desktop@17.0.6)
2980:             1             16  sun.java2d.WindowsSurfaceManagerFactory (java.desktop@17.0.6)
2981:             1             16  sun.java2d.marlin.DMarlinRenderingEngine (java.desktop@17.0.6)
2982:             1             16  sun.java2d.pipe.AATextRenderer (java.desktop@17.0.6)
2983:             1             16  sun.java2d.pipe.AlphaColorPipe (java.desktop@17.0.6)
2984:             1             16  sun.java2d.pipe.AlphaPaintPipe (java.desktop@17.0.6)
2985:             1             16  sun.java2d.pipe.DrawImage (java.desktop@17.0.6)
2986:             1             16  sun.java2d.pipe.GeneralCompositePipe (java.desktop@17.0.6)
2987:             1             16  sun.java2d.pipe.LCDTextRenderer (java.desktop@17.0.6)
2988:             1             16  sun.java2d.pipe.LoopPipe (java.desktop@17.0.6)
2989:             1             16  sun.java2d.pipe.NullPipe (java.desktop@17.0.6)
2990:             1             16  sun.java2d.pipe.OutlineTextRenderer (java.desktop@17.0.6)
2991:             1             16  sun.java2d.pipe.SolidTextRenderer (java.desktop@17.0.6)
2992:             1             16  sun.net.DefaultProgressMeteringPolicy (java.base@17.0.6)
2993:             1             16  sun.net.spi.DefaultProxySelector (java.base@17.0.6)
2994:             1             16  sun.net.www.protocol.file.Handler (java.base@17.0.6)
2995:             1             16  sun.net.www.protocol.jar.Handler (java.base@17.0.6)
2996:             1             16  sun.net.www.protocol.jar.JarFileFactory (java.base@17.0.6)
2997:             1             16  sun.net.www.protocol.jrt.Handler (java.base@17.0.6)
2998:             1             16  sun.nio.ch.ExtendedSocketOption$1 (java.base@17.0.6)
2999:             1             16  sun.nio.ch.FileChannelImpl$Closer (java.base@17.0.6)
3000:             1             16  sun.nio.ch.Net$1 (java.base@17.0.6)
3001:             1             16  sun.nio.ch.SocketDispatcher (java.base@17.0.6)
3002:             1             16  sun.nio.ch.Util$1 (java.base@17.0.6)
3003:             1             16  sun.nio.fs.NativeBuffers$1 (java.base@17.0.6)
3004:             1             16  sun.nio.fs.WindowsChannelFactory$1 (java.base@17.0.6)
3005:             1             16  sun.nio.fs.WindowsFileSystemProvider (java.base@17.0.6)
3006:             1             16  sun.security.ec.XDHKeyAgreement$$Lambda$168/0x0000000100443198 (jdk.crypto.ec@17.0.6)
3007:             1             16  sun.security.ec.XDHKeyAgreement$$Lambda$170/0x0000000100443658 (jdk.crypto.ec@17.0.6)
3008:             1             16  sun.security.ec.XDHKeyAgreement$$Lambda$172/0x0000000100443b18 (jdk.crypto.ec@17.0.6)
3009:             1             16  sun.security.ec.XDHKeyAgreement$$Lambda$174/0x0000000100452000 (jdk.crypto.ec@17.0.6)
3010:             1             16  sun.security.ec.XDHKeyFactory$$Lambda$164/0x00000001004425b8 (jdk.crypto.ec@17.0.6)
3011:             1             16  sun.security.ec.XDHKeyFactory$$Lambda$166/0x0000000100442a78 (jdk.crypto.ec@17.0.6)
3012:             1             16  sun.security.ec.XDHKeyPairGenerator$$Lambda$161/0x0000000100440000 (jdk.crypto.ec@17.0.6)
3013:             1             16  sun.security.ec.ed.EdDSAParameters$$Lambda$154/0x00000001003a6708 (jdk.crypto.ec@17.0.6)
3014:             1             16  sun.security.ec.ed.EdDSAParameters$$Lambda$155/0x00000001003a7150 (jdk.crypto.ec@17.0.6)
3015:             1             16  sun.security.ec.ed.EdDSAParameters$SHA512DigesterFactory (jdk.crypto.ec@17.0.6)
3016:             1             16  sun.security.ec.ed.EdDSAParameters$SHAKE256DigesterFactory (jdk.crypto.ec@17.0.6)
3017:             1             16  sun.security.ec.ed.EdDSASignature$$Lambda$153/0x00000001003a4560 (jdk.crypto.ec@17.0.6)
3018:             1             16  sun.security.jca.ProviderConfig$ProviderLoader (java.base@17.0.6)
3019:             1             16  sun.security.provider.AbstractDrbg$$Lambda$68/0x0000000100170958 (java.base@17.0.6)
3020:             1             16  sun.security.provider.AbstractDrbg$SeederHolder$$Lambda$71/0x000000010017d6f0 (java.base@17.0.6)
3021:             1             16  sun.security.provider.DRBG$$Lambda$67/0x000000010016f2b8 (java.base@17.0.6)
3022:             1             16  sun.security.provider.NativeSeedGenerator (java.base@17.0.6)
3023:             1             16  sun.security.provider.X509Factory (java.base@17.0.6)
3024:             1             16  sun.security.ssl.AbstractTrustManagerWrapper (java.base@17.0.6)
3025:             1             16  sun.security.ssl.Alert$AlertConsumer (java.base@17.0.6)
3026:             1             16  sun.security.ssl.AlpnExtension$$Lambda$159/0x00000001003b0d80 (java.base@17.0.6)
3027:             1             16  sun.security.ssl.AlpnExtension$AlpnStringizer (java.base@17.0.6)
3028:             1             16  sun.security.ssl.AlpnExtension$CHAlpnAbsence (java.base@17.0.6)
3029:             1             16  sun.security.ssl.AlpnExtension$CHAlpnConsumer (java.base@17.0.6)
3030:             1             16  sun.security.ssl.AlpnExtension$CHAlpnProducer (java.base@17.0.6)
3031:             1             16  sun.security.ssl.CertSignAlgsExtension$CHCertSignatureSchemesConsumer (java.base@17.0.6)
3032:             1             16  sun.security.ssl.CertSignAlgsExtension$CHCertSignatureSchemesProducer (java.base@17.0.6)
3033:             1             16  sun.security.ssl.CertSignAlgsExtension$CHCertSignatureSchemesUpdate (java.base@17.0.6)
3034:             1             16  sun.security.ssl.CertSignAlgsExtension$CRCertSignatureSchemesConsumer (java.base@17.0.6)
3035:             1             16  sun.security.ssl.CertSignAlgsExtension$CRCertSignatureSchemesProducer (java.base@17.0.6)
3036:             1             16  sun.security.ssl.CertSignAlgsExtension$CRCertSignatureSchemesUpdate (java.base@17.0.6)
3037:             1             16  sun.security.ssl.CertSignAlgsExtension$CertSignatureSchemesStringizer (java.base@17.0.6)
3038:             1             16  sun.security.ssl.CertStatusExtension$CHCertStatusReqConsumer (java.base@17.0.6)
3039:             1             16  sun.security.ssl.CertStatusExtension$CHCertStatusReqProducer (java.base@17.0.6)
3040:             1             16  sun.security.ssl.CertStatusExtension$CHCertStatusReqV2Consumer (java.base@17.0.6)
3041:             1             16  sun.security.ssl.CertStatusExtension$CHCertStatusReqV2Producer (java.base@17.0.6)
3042:             1             16  sun.security.ssl.CertStatusExtension$CTCertStatusResponseConsumer (java.base@17.0.6)
3043:             1             16  sun.security.ssl.CertStatusExtension$CTCertStatusResponseProducer (java.base@17.0.6)
3044:             1             16  sun.security.ssl.CertStatusExtension$CertStatusRequestSpec (java.base@17.0.6)
3045:             1             16  sun.security.ssl.CertStatusExtension$CertStatusRequestStringizer (java.base@17.0.6)
3046:             1             16  sun.security.ssl.CertStatusExtension$CertStatusRequestV2Spec (java.base@17.0.6)
3047:             1             16  sun.security.ssl.CertStatusExtension$CertStatusRequestsStringizer (java.base@17.0.6)
3048:             1             16  sun.security.ssl.CertStatusExtension$CertStatusRespStringizer (java.base@17.0.6)
3049:             1             16  sun.security.ssl.CertStatusExtension$SHCertStatusReqConsumer (java.base@17.0.6)
3050:             1             16  sun.security.ssl.CertStatusExtension$SHCertStatusReqProducer (java.base@17.0.6)
3051:             1             16  sun.security.ssl.CertStatusExtension$SHCertStatusReqV2Consumer (java.base@17.0.6)
3052:             1             16  sun.security.ssl.CertStatusExtension$SHCertStatusReqV2Producer (java.base@17.0.6)
3053:             1             16  sun.security.ssl.CertificateAuthoritiesExtension$CHCertificateAuthoritiesConsumer (java.base@17.0.6)
3054:             1             16  sun.security.ssl.CertificateAuthoritiesExtension$CHCertificateAuthoritiesProducer (java.base@17.0.6)
3055:             1             16  sun.security.ssl.CertificateAuthoritiesExtension$CRCertificateAuthoritiesConsumer (java.base@17.0.6)
3056:             1             16  sun.security.ssl.CertificateAuthoritiesExtension$CRCertificateAuthoritiesProducer (java.base@17.0.6)
3057:             1             16  sun.security.ssl.CertificateAuthoritiesExtension$CertificateAuthoritiesStringizer (java.base@17.0.6)
3058:             1             16  sun.security.ssl.CertificateMessage$T12CertificateConsumer (java.base@17.0.6)
3059:             1             16  sun.security.ssl.CertificateMessage$T12CertificateProducer (java.base@17.0.6)
3060:             1             16  sun.security.ssl.CertificateMessage$T13CertificateConsumer (java.base@17.0.6)
3061:             1             16  sun.security.ssl.CertificateMessage$T13CertificateProducer (java.base@17.0.6)
3062:             1             16  sun.security.ssl.CertificateRequest$T10CertificateRequestConsumer (java.base@17.0.6)
3063:             1             16  sun.security.ssl.CertificateRequest$T10CertificateRequestProducer (java.base@17.0.6)
3064:             1             16  sun.security.ssl.CertificateRequest$T12CertificateRequestConsumer (java.base@17.0.6)
3065:             1             16  sun.security.ssl.CertificateRequest$T12CertificateRequestProducer (java.base@17.0.6)
3066:             1             16  sun.security.ssl.CertificateRequest$T13CertificateRequestConsumer (java.base@17.0.6)
3067:             1             16  sun.security.ssl.CertificateRequest$T13CertificateRequestProducer (java.base@17.0.6)
3068:             1             16  sun.security.ssl.CertificateStatus$CertificateStatusAbsence (java.base@17.0.6)
3069:             1             16  sun.security.ssl.CertificateStatus$CertificateStatusConsumer (java.base@17.0.6)
3070:             1             16  sun.security.ssl.CertificateStatus$CertificateStatusProducer (java.base@17.0.6)
3071:             1             16  sun.security.ssl.CertificateVerify$S30CertificateVerifyConsumer (java.base@17.0.6)
3072:             1             16  sun.security.ssl.CertificateVerify$S30CertificateVerifyProducer (java.base@17.0.6)
3073:             1             16  sun.security.ssl.CertificateVerify$T10CertificateVerifyConsumer (java.base@17.0.6)
3074:             1             16  sun.security.ssl.CertificateVerify$T10CertificateVerifyProducer (java.base@17.0.6)
3075:             1             16  sun.security.ssl.CertificateVerify$T12CertificateVerifyConsumer (java.base@17.0.6)
3076:             1             16  sun.security.ssl.CertificateVerify$T12CertificateVerifyProducer (java.base@17.0.6)
3077:             1             16  sun.security.ssl.CertificateVerify$T13CertificateVerifyConsumer (java.base@17.0.6)
3078:             1             16  sun.security.ssl.CertificateVerify$T13CertificateVerifyProducer (java.base@17.0.6)
3079:             1             16  sun.security.ssl.ChangeCipherSpec$T10ChangeCipherSpecConsumer (java.base@17.0.6)
3080:             1             16  sun.security.ssl.ChangeCipherSpec$T10ChangeCipherSpecProducer (java.base@17.0.6)
3081:             1             16  sun.security.ssl.ChangeCipherSpec$T13ChangeCipherSpecConsumer (java.base@17.0.6)
3082:             1             16  sun.security.ssl.ClientHello$ClientHelloConsumer (java.base@17.0.6)
3083:             1             16  sun.security.ssl.ClientHello$ClientHelloKickstartProducer (java.base@17.0.6)
3084:             1             16  sun.security.ssl.ClientHello$ClientHelloProducer (java.base@17.0.6)
3085:             1             16  sun.security.ssl.ClientHello$D12ClientHelloConsumer (java.base@17.0.6)
3086:             1             16  sun.security.ssl.ClientHello$D13ClientHelloConsumer (java.base@17.0.6)
3087:             1             16  sun.security.ssl.ClientHello$T12ClientHelloConsumer (java.base@17.0.6)
3088:             1             16  sun.security.ssl.ClientHello$T13ClientHelloConsumer (java.base@17.0.6)
3089:             1             16  sun.security.ssl.ClientKeyExchange$ClientKeyExchangeConsumer (java.base@17.0.6)
3090:             1             16  sun.security.ssl.ClientKeyExchange$ClientKeyExchangeProducer (java.base@17.0.6)
3091:             1             16  sun.security.ssl.CookieExtension$CHCookieConsumer (java.base@17.0.6)
3092:             1             16  sun.security.ssl.CookieExtension$CHCookieProducer (java.base@17.0.6)
3093:             1             16  sun.security.ssl.CookieExtension$CHCookieUpdate (java.base@17.0.6)
3094:             1             16  sun.security.ssl.CookieExtension$CookieStringizer (java.base@17.0.6)
3095:             1             16  sun.security.ssl.CookieExtension$HRRCookieConsumer (java.base@17.0.6)
3096:             1             16  sun.security.ssl.CookieExtension$HRRCookieProducer (java.base@17.0.6)
3097:             1             16  sun.security.ssl.CookieExtension$HRRCookieReproducer (java.base@17.0.6)
3098:             1             16  sun.security.ssl.DummyX509KeyManager (java.base@17.0.6)
3099:             1             16  sun.security.ssl.ECDHClientKeyExchange$ECDHClientKeyExchangeConsumer (java.base@17.0.6)
3100:             1             16  sun.security.ssl.ECDHClientKeyExchange$ECDHClientKeyExchangeProducer (java.base@17.0.6)
3101:             1             16  sun.security.ssl.ECDHClientKeyExchange$ECDHEClientKeyExchangeConsumer (java.base@17.0.6)
3102:             1             16  sun.security.ssl.ECDHClientKeyExchange$ECDHEClientKeyExchangeProducer (java.base@17.0.6)
3103:             1             16  sun.security.ssl.ECDHKeyExchange$ECDHEKAGenerator (java.base@17.0.6)
3104:             1             16  sun.security.ssl.ECDHKeyExchange$ECDHEPossessionGenerator (java.base@17.0.6)
3105:             1             16  sun.security.ssl.ECDHKeyExchange$ECDHEXDHKAGenerator (java.base@17.0.6)
3106:             1             16  sun.security.ssl.ECDHKeyExchange$ECDHKAGenerator (java.base@17.0.6)
3107:             1             16  sun.security.ssl.ECDHServerKeyExchange$ECDHServerKeyExchangeConsumer (java.base@17.0.6)
3108:             1             16  sun.security.ssl.ECDHServerKeyExchange$ECDHServerKeyExchangeProducer (java.base@17.0.6)
3109:             1             16  sun.security.ssl.ECPointFormatsExtension$CHECPointFormatsConsumer (java.base@17.0.6)
3110:             1             16  sun.security.ssl.ECPointFormatsExtension$CHECPointFormatsProducer (java.base@17.0.6)
3111:             1             16  sun.security.ssl.ECPointFormatsExtension$ECPointFormatsSpec (java.base@17.0.6)
3112:             1             16  sun.security.ssl.ECPointFormatsExtension$ECPointFormatsStringizer (java.base@17.0.6)
3113:             1             16  sun.security.ssl.ECPointFormatsExtension$SHECPointFormatsConsumer (java.base@17.0.6)
3114:             1             16  sun.security.ssl.EncryptedExtensions$EncryptedExtensionsConsumer (java.base@17.0.6)
3115:             1             16  sun.security.ssl.EncryptedExtensions$EncryptedExtensionsProducer (java.base@17.0.6)
3116:             1             16  sun.security.ssl.ExtendedMasterSecretExtension$CHExtendedMasterSecretAbsence (java.base@17.0.6)
3117:             1             16  sun.security.ssl.ExtendedMasterSecretExtension$CHExtendedMasterSecretConsumer (java.base@17.0.6)
3118:             1             16  sun.security.ssl.ExtendedMasterSecretExtension$CHExtendedMasterSecretProducer (java.base@17.0.6)
3119:             1             16  sun.security.ssl.ExtendedMasterSecretExtension$ExtendedMasterSecretSpec (java.base@17.0.6)
3120:             1             16  sun.security.ssl.ExtendedMasterSecretExtension$ExtendedMasterSecretStringizer (java.base@17.0.6)
3121:             1             16  sun.security.ssl.ExtendedMasterSecretExtension$SHExtendedMasterSecretAbsence (java.base@17.0.6)
3122:             1             16  sun.security.ssl.ExtendedMasterSecretExtension$SHExtendedMasterSecretConsumer (java.base@17.0.6)
3123:             1             16  sun.security.ssl.ExtendedMasterSecretExtension$SHExtendedMasterSecretProducer (java.base@17.0.6)
3124:             1             16  sun.security.ssl.Finished$S30VerifyDataGenerator (java.base@17.0.6)
3125:             1             16  sun.security.ssl.Finished$T10VerifyDataGenerator (java.base@17.0.6)
3126:             1             16  sun.security.ssl.Finished$T12FinishedConsumer (java.base@17.0.6)
3127:             1             16  sun.security.ssl.Finished$T12FinishedProducer (java.base@17.0.6)
3128:             1             16  sun.security.ssl.Finished$T12VerifyDataGenerator (java.base@17.0.6)
3129:             1             16  sun.security.ssl.Finished$T13FinishedConsumer (java.base@17.0.6)
3130:             1             16  sun.security.ssl.Finished$T13FinishedProducer (java.base@17.0.6)
3131:             1             16  sun.security.ssl.Finished$T13VerifyDataGenerator (java.base@17.0.6)
3132:             1             16  sun.security.ssl.HelloRequest$HelloRequestConsumer (java.base@17.0.6)
3133:             1             16  sun.security.ssl.HelloRequest$HelloRequestKickstartProducer (java.base@17.0.6)
3134:             1             16  sun.security.ssl.HelloRequest$HelloRequestProducer (java.base@17.0.6)
3135:             1             16  sun.security.ssl.HelloVerifyRequest$HelloVerifyRequestConsumer (java.base@17.0.6)
3136:             1             16  sun.security.ssl.HelloVerifyRequest$HelloVerifyRequestProducer (java.base@17.0.6)
3137:             1             16  sun.security.ssl.KeyShareExtension$CHKeyShareConsumer (java.base@17.0.6)
3138:             1             16  sun.security.ssl.KeyShareExtension$CHKeyShareOnTradeAbsence (java.base@17.0.6)
3139:             1             16  sun.security.ssl.KeyShareExtension$CHKeyShareProducer (java.base@17.0.6)
3140:             1             16  sun.security.ssl.KeyShareExtension$CHKeyShareStringizer (java.base@17.0.6)
3141:             1             16  sun.security.ssl.KeyShareExtension$HRRKeyShareConsumer (java.base@17.0.6)
3142:             1             16  sun.security.ssl.KeyShareExtension$HRRKeyShareProducer (java.base@17.0.6)
3143:             1             16  sun.security.ssl.KeyShareExtension$HRRKeyShareReproducer (java.base@17.0.6)
3144:             1             16  sun.security.ssl.KeyShareExtension$HRRKeyShareStringizer (java.base@17.0.6)
3145:             1             16  sun.security.ssl.KeyShareExtension$SHKeyShareAbsence (java.base@17.0.6)
3146:             1             16  sun.security.ssl.KeyShareExtension$SHKeyShareConsumer (java.base@17.0.6)
3147:             1             16  sun.security.ssl.KeyShareExtension$SHKeyShareProducer (java.base@17.0.6)
3148:             1             16  sun.security.ssl.KeyShareExtension$SHKeyShareStringizer (java.base@17.0.6)
3149:             1             16  sun.security.ssl.KeyUpdate$KeyUpdateConsumer (java.base@17.0.6)
3150:             1             16  sun.security.ssl.KeyUpdate$KeyUpdateKickstartProducer (java.base@17.0.6)
3151:             1             16  sun.security.ssl.KeyUpdate$KeyUpdateProducer (java.base@17.0.6)
3152:             1             16  sun.security.ssl.MaxFragExtension$CHMaxFragmentLengthConsumer (java.base@17.0.6)
3153:             1             16  sun.security.ssl.MaxFragExtension$CHMaxFragmentLengthProducer (java.base@17.0.6)
3154:             1             16  sun.security.ssl.MaxFragExtension$EEMaxFragmentLengthConsumer (java.base@17.0.6)
3155:             1             16  sun.security.ssl.MaxFragExtension$EEMaxFragmentLengthProducer (java.base@17.0.6)
3156:             1             16  sun.security.ssl.MaxFragExtension$EEMaxFragmentLengthUpdate (java.base@17.0.6)
3157:             1             16  sun.security.ssl.MaxFragExtension$MaxFragLenStringizer (java.base@17.0.6)
3158:             1             16  sun.security.ssl.MaxFragExtension$SHMaxFragmentLengthConsumer (java.base@17.0.6)
3159:             1             16  sun.security.ssl.MaxFragExtension$SHMaxFragmentLengthProducer (java.base@17.0.6)
3160:             1             16  sun.security.ssl.MaxFragExtension$SHMaxFragmentLengthUpdate (java.base@17.0.6)
3161:             1             16  sun.security.ssl.NamedGroup$ECDHEScheme (java.base@17.0.6)
3162:             1             16  sun.security.ssl.NamedGroup$FFDHEScheme (java.base@17.0.6)
3163:             1             16  sun.security.ssl.NamedGroup$XDHScheme (java.base@17.0.6)
3164:             1             16  sun.security.ssl.NewSessionTicket$T12NewSessionTicketConsumer (java.base@17.0.6)
3165:             1             16  sun.security.ssl.NewSessionTicket$T12NewSessionTicketProducer (java.base@17.0.6)
3166:             1             16  sun.security.ssl.NewSessionTicket$T13NewSessionTicketConsumer (java.base@17.0.6)
3167:             1             16  sun.security.ssl.NewSessionTicket$T13NewSessionTicketProducer (java.base@17.0.6)
3168:             1             16  sun.security.ssl.PreSharedKeyExtension$CHPreSharedKeyConsumer (java.base@17.0.6)
3169:             1             16  sun.security.ssl.PreSharedKeyExtension$CHPreSharedKeyOnLoadAbsence (java.base@17.0.6)
3170:             1             16  sun.security.ssl.PreSharedKeyExtension$CHPreSharedKeyOnTradeAbsence (java.base@17.0.6)
3171:             1             16  sun.security.ssl.PreSharedKeyExtension$CHPreSharedKeyProducer (java.base@17.0.6)
3172:             1             16  sun.security.ssl.PreSharedKeyExtension$CHPreSharedKeyStringizer (java.base@17.0.6)
3173:             1             16  sun.security.ssl.PreSharedKeyExtension$CHPreSharedKeyUpdate (java.base@17.0.6)
3174:             1             16  sun.security.ssl.PreSharedKeyExtension$SHPreSharedKeyAbsence (java.base@17.0.6)
3175:             1             16  sun.security.ssl.PreSharedKeyExtension$SHPreSharedKeyConsumer (java.base@17.0.6)
3176:             1             16  sun.security.ssl.PreSharedKeyExtension$SHPreSharedKeyProducer (java.base@17.0.6)
3177:             1             16  sun.security.ssl.PreSharedKeyExtension$SHPreSharedKeyStringizer (java.base@17.0.6)
3178:             1             16  sun.security.ssl.PskKeyExchangeModesExtension$PskKeyExchangeModesConsumer (java.base@17.0.6)
3179:             1             16  sun.security.ssl.PskKeyExchangeModesExtension$PskKeyExchangeModesOnLoadAbsence (java.base@17.0.6)
3180:             1             16  sun.security.ssl.PskKeyExchangeModesExtension$PskKeyExchangeModesOnTradeAbsence (java.base@17.0.6)
3181:             1             16  sun.security.ssl.PskKeyExchangeModesExtension$PskKeyExchangeModesProducer (java.base@17.0.6)
3182:             1             16  sun.security.ssl.PskKeyExchangeModesExtension$PskKeyExchangeModesSpec (java.base@17.0.6)
3183:             1             16  sun.security.ssl.PskKeyExchangeModesExtension$PskKeyExchangeModesStringizer (java.base@17.0.6)
3184:             1             16  sun.security.ssl.RSAKeyExchange$EphemeralRSAPossessionGenerator (java.base@17.0.6)
3185:             1             16  sun.security.ssl.RSAKeyExchange$RSAKAGenerator (java.base@17.0.6)
3186:             1             16  sun.security.ssl.RandomCookie (java.base@17.0.6)
3187:             1             16  sun.security.ssl.RenegoInfoExtension$CHRenegotiationInfoAbsence (java.base@17.0.6)
3188:             1             16  sun.security.ssl.RenegoInfoExtension$CHRenegotiationInfoConsumer (java.base@17.0.6)
3189:             1             16  sun.security.ssl.RenegoInfoExtension$CHRenegotiationInfoProducer (java.base@17.0.6)
3190:             1             16  sun.security.ssl.RenegoInfoExtension$RenegotiationInfoSpec (java.base@17.0.6)
3191:             1             16  sun.security.ssl.RenegoInfoExtension$RenegotiationInfoStringizer (java.base@17.0.6)
3192:             1             16  sun.security.ssl.RenegoInfoExtension$SHRenegotiationInfoAbsence (java.base@17.0.6)
3193:             1             16  sun.security.ssl.RenegoInfoExtension$SHRenegotiationInfoConsumer (java.base@17.0.6)
3194:             1             16  sun.security.ssl.RenegoInfoExtension$SHRenegotiationInfoProducer (java.base@17.0.6)
3195:             1             16  sun.security.ssl.SSLCipher$T12CC20P1305ReadCipherGenerator (java.base@17.0.6)
3196:             1             16  sun.security.ssl.SSLCipher$T12CC20P1305WriteCipherGenerator (java.base@17.0.6)
3197:             1             16  sun.security.ssl.SSLCipher$T13CC20P1305ReadCipherGenerator (java.base@17.0.6)
3198:             1             16  sun.security.ssl.SSLCipher$T13CC20P1305WriteCipherGenerator (java.base@17.0.6)
3199:             1             16  sun.security.ssl.SSLTrafficKeyDerivation$S30TrafficKeyDerivationGenerator (java.base@17.0.6)
3200:             1             16  sun.security.ssl.SSLTrafficKeyDerivation$T10TrafficKeyDerivationGenerator (java.base@17.0.6)
3201:             1             16  sun.security.ssl.SSLTrafficKeyDerivation$T12TrafficKeyDerivationGenerator (java.base@17.0.6)
3202:             1             16  sun.security.ssl.SSLTrafficKeyDerivation$T13TrafficKeyDerivationGenerator (java.base@17.0.6)
3203:             1             16  sun.security.ssl.ServerHello$ServerHelloConsumer (java.base@17.0.6)
3204:             1             16  sun.security.ssl.ServerHello$T12ServerHelloProducer (java.base@17.0.6)
3205:             1             16  sun.security.ssl.ServerHello$T13HelloRetryRequestProducer (java.base@17.0.6)
3206:             1             16  sun.security.ssl.ServerHello$T13HelloRetryRequestReproducer (java.base@17.0.6)
3207:             1             16  sun.security.ssl.ServerHello$T13ServerHelloProducer (java.base@17.0.6)
3208:             1             16  sun.security.ssl.ServerHelloDone$ServerHelloDoneConsumer (java.base@17.0.6)
3209:             1             16  sun.security.ssl.ServerHelloDone$ServerHelloDoneProducer (java.base@17.0.6)
3210:             1             16  sun.security.ssl.ServerKeyExchange$ServerKeyExchangeConsumer (java.base@17.0.6)
3211:             1             16  sun.security.ssl.ServerKeyExchange$ServerKeyExchangeProducer (java.base@17.0.6)
3212:             1             16  sun.security.ssl.ServerNameExtension$CHServerNameConsumer (java.base@17.0.6)
3213:             1             16  sun.security.ssl.ServerNameExtension$CHServerNameProducer (java.base@17.0.6)
3214:             1             16  sun.security.ssl.ServerNameExtension$CHServerNamesStringizer (java.base@17.0.6)
3215:             1             16  sun.security.ssl.ServerNameExtension$EEServerNameConsumer (java.base@17.0.6)
3216:             1             16  sun.security.ssl.ServerNameExtension$EEServerNameProducer (java.base@17.0.6)
3217:             1             16  sun.security.ssl.ServerNameExtension$SHServerNameConsumer (java.base@17.0.6)
3218:             1             16  sun.security.ssl.ServerNameExtension$SHServerNameProducer (java.base@17.0.6)
3219:             1             16  sun.security.ssl.ServerNameExtension$SHServerNamesSpec (java.base@17.0.6)
3220:             1             16  sun.security.ssl.ServerNameExtension$SHServerNamesStringizer (java.base@17.0.6)
3221:             1             16  sun.security.ssl.SessionTicketExtension$SessionTicketStringizer (java.base@17.0.6)
3222:             1             16  sun.security.ssl.SessionTicketExtension$T12CHSessionTicketConsumer (java.base@17.0.6)
3223:             1             16  sun.security.ssl.SessionTicketExtension$T12CHSessionTicketProducer (java.base@17.0.6)
3224:             1             16  sun.security.ssl.SessionTicketExtension$T12SHSessionTicketConsumer (java.base@17.0.6)
3225:             1             16  sun.security.ssl.SessionTicketExtension$T12SHSessionTicketProducer (java.base@17.0.6)
3226:             1             16  sun.security.ssl.SignatureAlgorithmsExtension$CHSignatureSchemesConsumer (java.base@17.0.6)
3227:             1             16  sun.security.ssl.SignatureAlgorithmsExtension$CHSignatureSchemesOnLoadAbsence (java.base@17.0.6)
3228:             1             16  sun.security.ssl.SignatureAlgorithmsExtension$CHSignatureSchemesOnTradeAbsence (java.base@17.0.6)
3229:             1             16  sun.security.ssl.SignatureAlgorithmsExtension$CHSignatureSchemesProducer (java.base@17.0.6)
3230:             1             16  sun.security.ssl.SignatureAlgorithmsExtension$CHSignatureSchemesUpdate (java.base@17.0.6)
3231:             1             16  sun.security.ssl.SignatureAlgorithmsExtension$CRSignatureSchemesAbsence (java.base@17.0.6)
3232:             1             16  sun.security.ssl.SignatureAlgorithmsExtension$CRSignatureSchemesConsumer (java.base@17.0.6)
3233:             1             16  sun.security.ssl.SignatureAlgorithmsExtension$CRSignatureSchemesProducer (java.base@17.0.6)
3234:             1             16  sun.security.ssl.SignatureAlgorithmsExtension$CRSignatureSchemesUpdate (java.base@17.0.6)
3235:             1             16  sun.security.ssl.SignatureAlgorithmsExtension$SignatureSchemesStringizer (java.base@17.0.6)
3236:             1             16  sun.security.ssl.SupportedGroupsExtension$CHSupportedGroupsConsumer (java.base@17.0.6)
3237:             1             16  sun.security.ssl.SupportedGroupsExtension$CHSupportedGroupsOnTradeAbsence (java.base@17.0.6)
3238:             1             16  sun.security.ssl.SupportedGroupsExtension$CHSupportedGroupsProducer (java.base@17.0.6)
3239:             1             16  sun.security.ssl.SupportedGroupsExtension$EESupportedGroupsConsumer (java.base@17.0.6)
3240:             1             16  sun.security.ssl.SupportedGroupsExtension$EESupportedGroupsProducer (java.base@17.0.6)
3241:             1             16  sun.security.ssl.SupportedGroupsExtension$SupportedGroupsStringizer (java.base@17.0.6)
3242:             1             16  sun.security.ssl.SupportedVersionsExtension$CHSupportedVersionsConsumer (java.base@17.0.6)
3243:             1             16  sun.security.ssl.SupportedVersionsExtension$CHSupportedVersionsProducer (java.base@17.0.6)
3244:             1             16  sun.security.ssl.SupportedVersionsExtension$CHSupportedVersionsStringizer (java.base@17.0.6)
3245:             1             16  sun.security.ssl.SupportedVersionsExtension$HRRSupportedVersionsConsumer (java.base@17.0.6)
3246:             1             16  sun.security.ssl.SupportedVersionsExtension$HRRSupportedVersionsProducer (java.base@17.0.6)
3247:             1             16  sun.security.ssl.SupportedVersionsExtension$HRRSupportedVersionsReproducer (java.base@17.0.6)
3248:             1             16  sun.security.ssl.SupportedVersionsExtension$SHSupportedVersionsConsumer (java.base@17.0.6)
3249:             1             16  sun.security.ssl.SupportedVersionsExtension$SHSupportedVersionsProducer (java.base@17.0.6)
3250:             1             16  sun.security.ssl.XDHKeyExchange$XDHEKAGenerator (java.base@17.0.6)
3251:             1             16  sun.security.util.AlgorithmDecomposer (java.base@17.0.6)
3252:             1             16  sun.security.util.ArrayUtil$$Lambda$163/0x0000000100404f00 (java.base@17.0.6)
3253:             1             16  sun.security.util.ByteArrayLexOrder (java.base@17.0.6)
3254:             1             16  sun.security.util.ByteArrayTagOrder (java.base@17.0.6)
3255:             1             16  sun.security.util.KeyStoreDelegator$$Lambda$88/0x00000001001fe410 (java.base@17.0.6)
3256:             1             16  sun.util.calendar.Gregorian (java.base@17.0.6)
3257:             1             16  sun.util.cldr.CLDRBaseLocaleDataMetaInfo (java.base@17.0.6)
3258:             1             16  sun.util.cldr.CLDRLocaleProviderAdapter$$Lambda$50/0x00000001000ba2b8 (java.base@17.0.6)
3259:             1             16  sun.util.locale.InternalLocaleBuilder$CaseInsensitiveChar (java.base@17.0.6)
3260:             1             16  sun.util.locale.provider.CalendarDataUtility$CalendarWeekParameterGetter (java.base@17.0.6)
3261:             1             16  sun.util.locale.provider.TimeZoneNameUtility$TimeZoneNameGetter (java.base@17.0.6)
3262:             1             16  sun.util.logging.internal.LoggingProviderImpl (java.logging@17.0.6)
3263:             1             16  sun.util.resources.LocaleData$LocaleDataStrategy (java.base@17.0.6)
Total        254293       17586208
